#-----------------------------------------------------------
# Vivado v2024.1 (64-bit)
# SW Build 5076996 on Wed May 22 18:37:14 MDT 2024
# IP Build 5075265 on Wed May 22 21:45:21 MDT 2024
# SharedData Build 5076995 on Wed May 22 18:29:18 MDT 2024
# Start of session at: Fri Mar  7 14:31:50 2025
# Process ID: 5268
# Current directory: C:/ProgH/SpiTest/SpiTest.runs/impl_1
# Command line: vivado.exe -log spi_slave.vdi -applog -product Vivado -messageDb vivado.pb -mode batch -source spi_slave.tcl -notrace
# Log file: C:/ProgH/SpiTest/SpiTest.runs/impl_1/spi_slave.vdi
# Journal file: C:/ProgH/SpiTest/SpiTest.runs/impl_1\vivado.jou
# Running On        :JulienPC
# Platform          :Windows Server 2016 or Windows 10
# Operating System  :22631
# Processor Detail  :13th Gen Intel(R) Core(TM) i7-13700H
# CPU Frequency     :2918 MHz
# CPU Physical cores:14
# CPU Logical cores :20
# Host memory       :16907 MB
# Swap memory       :4160 MB
# Total Virtual     :21067 MB
# Available Virtual :4856 MB
#-----------------------------------------------------------
source spi_slave.tcl -notrace
