
*** Running vivado
    with args -log DVI_Top.vds -m64 -product Vivado -mode batch -messageDb vivado.pb -notrace -source DVI_Top.tcl



****** Vivado v2024.1 (64-bit)
  **** SW Build 5076996 on Wed May 22 18:37:14 MDT 2024
  **** IP Build 5075265 on Wed May 22 21:45:21 MDT 2024
  **** SharedData Build 5076995 on Wed May 22 18:29:18 MDT 2024
  **** Start of session at: Wed Feb 26 14:01:59 2025
    ** Copyright 1986-2022 Xilinx, Inc. All Rights Reserved.
    ** Copyright 2022-2024 Advanced Micro Devices, Inc. All Rights Reserved.

source DVI_Top.tcl -notrace
create_project: Time (s): cpu = 00:00:08 ; elapsed = 00:00:08 . Memory (MB): peak = 495.719 ; gain = 201.934
Command: read_checkpoint -auto_incremental -incremental C:/Progh/Code/Project_RetroGame/POCS/BALL/Ball.srcs/utils_1/imports/synth_1/DVI.dcp
INFO: [Vivado 12-5825] Read reference checkpoint from C:/Progh/Code/Project_RetroGame/POCS/BALL/Ball.srcs/utils_1/imports/synth_1/DVI.dcp for incremental synthesis
INFO: [Vivado 12-7989] Please ensure there are no constraint changes
Command: synth_design -top DVI_Top -part xc7a35tcpg236-1
Starting synth_design
Attempting to get a license for feature 'Synthesis' and/or device 'xc7a35t'
INFO: [Common 17-349] Got license for feature 'Synthesis' and/or device 'xc7a35t'
INFO: [Device 21-403] Loading part xc7a35tcpg236-1
INFO: [Device 21-9227] Part: xc7a35tcpg236-1 does not have CEAM library.
INFO: [Designutils 20-5440] No compile time benefit to using incremental synthesis; A full resynthesis will be run
INFO: [Designutils 20-4379] Flow is switching to default flow due to incremental criteria not met. If you would like to alter this behaviour and have the flow terminate instead, please set the following parameter config_implementation {autoIncr.Synth.RejectBehavior Terminate}
INFO: [Synth 8-7079] Multithreading enabled for synth_design using a maximum of 2 processes.
INFO: [Synth 8-7078] Launching helper process for spawning children vivado processes
WARNING: [Common 17-1361] You have specified a new message control rule that is equivalent to an existing rule with attributes ' -id {17-179}  -suppress '. The existing rule will be replaced.
INFO: [Synth 8-7075] Helper process launched with PID 11380
---------------------------------------------------------------------------------
Starting RTL Elaboration : Time (s): cpu = 00:00:08 ; elapsed = 00:00:09 . Memory (MB): peak = 1359.617 ; gain = 449.164
---------------------------------------------------------------------------------
INFO: [Synth 8-638] synthesizing module 'DVI_Top' [C:/Progh/Code/Project_RetroGame/POCS/BALL/Ball.srcs/sources_1/imports/Week 5 + 6 - Bounching Square - Ball/DVI.vhd:17]
INFO: [Synth 8-3491] module 'clkDVIprescaler' declared at 'C:/Progh/Code/Project_RetroGame/POCS/BALL/Ball.runs/synth_1/.Xil/Vivado-23964-DESKTOP-H0VVJ00/realtime/clkDVIprescaler_stub.v:6' bound to instance 'prescaler_instance' of component 'clkDVIprescaler' [C:/Progh/Code/Project_RetroGame/POCS/BALL/Ball.srcs/sources_1/imports/Week 5 + 6 - Bounching Square - Ball/DVI.vhd:57]
INFO: [Synth 8-6157] synthesizing module 'clkDVIprescaler' [C:/Progh/Code/Project_RetroGame/POCS/BALL/Ball.runs/synth_1/.Xil/Vivado-23964-DESKTOP-H0VVJ00/realtime/clkDVIprescaler_stub.v:6]
INFO: [Synth 8-6155] done synthesizing module 'clkDVIprescaler' (0#1) [C:/Progh/Code/Project_RetroGame/POCS/BALL/Ball.runs/synth_1/.Xil/Vivado-23964-DESKTOP-H0VVJ00/realtime/clkDVIprescaler_stub.v:6]
INFO: [Synth 8-3491] module 'Position_Calculator' declared at 'C:/Progh/Code/Project_RetroGame/POCS/BALL/Ball.srcs/sources_1/new/Position_Calculator.vhd:7' bound to instance 'position_instance' of component 'Position_Calculator' [C:/Progh/Code/Project_RetroGame/POCS/BALL/Ball.srcs/sources_1/imports/Week 5 + 6 - Bounching Square - Ball/DVI.vhd:64]
INFO: [Synth 8-638] synthesizing module 'Position_Calculator' [C:/Progh/Code/Project_RetroGame/POCS/BALL/Ball.srcs/sources_1/new/Position_Calculator.vhd:16]
INFO: [Synth 8-256] done synthesizing module 'Position_Calculator' (0#1) [C:/Progh/Code/Project_RetroGame/POCS/BALL/Ball.srcs/sources_1/new/Position_Calculator.vhd:16]
WARNING: [Synth 8-5640] Port 'clk' is missing in component declaration [C:/Progh/Code/Project_RetroGame/POCS/BALL/Ball.srcs/sources_1/imports/Week 5 + 6 - Bounching Square - Ball/DVI.vhd:35]
WARNING: [Synth 8-5640] Port 'hcount' is missing in component declaration [C:/Progh/Code/Project_RetroGame/POCS/BALL/Ball.srcs/sources_1/imports/Week 5 + 6 - Bounching Square - Ball/DVI.vhd:35]
WARNING: [Synth 8-5640] Port 'vcount' is missing in component declaration [C:/Progh/Code/Project_RetroGame/POCS/BALL/Ball.srcs/sources_1/imports/Week 5 + 6 - Bounching Square - Ball/DVI.vhd:35]
WARNING: [Synth 8-5640] Port 'pixelaan' is missing in component declaration [C:/Progh/Code/Project_RetroGame/POCS/BALL/Ball.srcs/sources_1/imports/Week 5 + 6 - Bounching Square - Ball/DVI.vhd:35]
WARNING: [Synth 8-5640] Port 'rgb_out' is missing in component declaration [C:/Progh/Code/Project_RetroGame/POCS/BALL/Ball.srcs/sources_1/imports/Week 5 + 6 - Bounching Square - Ball/DVI.vhd:35]
INFO: [Synth 8-3491] module 'DVI_Display' declared at 'C:/Progh/Code/Project_RetroGame/POCS/BALL/Ball.srcs/sources_1/new/DVI_Display.vhd:5' bound to instance 'display_instance' of component 'DVI_Display' [C:/Progh/Code/Project_RetroGame/POCS/BALL/Ball.srcs/sources_1/imports/Week 5 + 6 - Bounching Square - Ball/DVI.vhd:73]
ERROR: [Synth 8-3493] module 'dvi_display' declared at 'C:/Progh/Code/Project_RetroGame/POCS/BALL/Ball.srcs/sources_1/new/DVI_Display.vhd:5' does not have matching formal port for component port 'clk25' [C:/Progh/Code/Project_RetroGame/POCS/BALL/Ball.srcs/sources_1/imports/Week 5 + 6 - Bounching Square - Ball/DVI.vhd:73]
ERROR: [Synth 8-3493] module 'dvi_display' declared at 'C:/Progh/Code/Project_RetroGame/POCS/BALL/Ball.srcs/sources_1/new/DVI_Display.vhd:5' does not have matching formal port for component port 'square_x' [C:/Progh/Code/Project_RetroGame/POCS/BALL/Ball.srcs/sources_1/imports/Week 5 + 6 - Bounching Square - Ball/DVI.vhd:73]
ERROR: [Synth 8-3493] module 'dvi_display' declared at 'C:/Progh/Code/Project_RetroGame/POCS/BALL/Ball.srcs/sources_1/new/DVI_Display.vhd:5' does not have matching formal port for component port 'square_y' [C:/Progh/Code/Project_RetroGame/POCS/BALL/Ball.srcs/sources_1/imports/Week 5 + 6 - Bounching Square - Ball/DVI.vhd:73]
ERROR: [Synth 8-3493] module 'dvi_display' declared at 'C:/Progh/Code/Project_RetroGame/POCS/BALL/Ball.srcs/sources_1/new/DVI_Display.vhd:5' does not have matching formal port for component port 'rgb' [C:/Progh/Code/Project_RetroGame/POCS/BALL/Ball.srcs/sources_1/imports/Week 5 + 6 - Bounching Square - Ball/DVI.vhd:73]
ERROR: [Synth 8-3493] module 'dvi_display' declared at 'C:/Progh/Code/Project_RetroGame/POCS/BALL/Ball.srcs/sources_1/new/DVI_Display.vhd:5' does not have matching formal port for component port 'de' [C:/Progh/Code/Project_RetroGame/POCS/BALL/Ball.srcs/sources_1/imports/Week 5 + 6 - Bounching Square - Ball/DVI.vhd:73]
ERROR: [Synth 8-3493] module 'dvi_display' declared at 'C:/Progh/Code/Project_RetroGame/POCS/BALL/Ball.srcs/sources_1/new/DVI_Display.vhd:5' does not have matching formal port for component port 'hsync' [C:/Progh/Code/Project_RetroGame/POCS/BALL/Ball.srcs/sources_1/imports/Week 5 + 6 - Bounching Square - Ball/DVI.vhd:73]
ERROR: [Synth 8-3493] module 'dvi_display' declared at 'C:/Progh/Code/Project_RetroGame/POCS/BALL/Ball.srcs/sources_1/new/DVI_Display.vhd:5' does not have matching formal port for component port 'vsync' [C:/Progh/Code/Project_RetroGame/POCS/BALL/Ball.srcs/sources_1/imports/Week 5 + 6 - Bounching Square - Ball/DVI.vhd:73]
ERROR: [Synth 8-285] failed synthesizing module 'DVI_Top' [C:/Progh/Code/Project_RetroGame/POCS/BALL/Ball.srcs/sources_1/imports/Week 5 + 6 - Bounching Square - Ball/DVI.vhd:17]
---------------------------------------------------------------------------------
Finished RTL Elaboration : Time (s): cpu = 00:00:11 ; elapsed = 00:00:11 . Memory (MB): peak = 1470.297 ; gain = 559.844
---------------------------------------------------------------------------------
RTL Elaboration failed
INFO: [Common 17-83] Releasing license: Synthesis
19 Infos, 6 Warnings, 0 Critical Warnings and 9 Errors encountered.
synth_design failed
ERROR: [Common 17-69] Command failed: Synthesis failed - please see the console or run log file for details
INFO: [Common 17-206] Exiting Vivado at Wed Feb 26 14:02:27 2025...
