
*** Running vivado
    with args -log blk_mem_gen_16.vds -m64 -product Vivado -mode batch -messageDb vivado.pb -notrace -source blk_mem_gen_16.tcl



****** Vivado v2024.1 (64-bit)
  **** SW Build 5076996 on Wed May 22 18:37:14 MDT 2024
  **** IP Build 5075265 on Wed May 22 21:45:21 MDT 2024
  **** SharedData Build 5076995 on Wed May 22 18:29:18 MDT 2024
  **** Start of session at: Wed Apr  9 20:27:18 2025
    ** Copyright 1986-2022 Xilinx, Inc. All Rights Reserved.
    ** Copyright 2022-2024 Advanced Micro Devices, Inc. All Rights Reserved.

source blk_mem_gen_16.tcl -notrace
create_project: Time (s): cpu = 00:00:06 ; elapsed = 00:00:09 . Memory (MB): peak = 495.918 ; gain = 203.059
INFO: [IP_Flow 19-6924] IPCACHE: Running cache check for IP inst: blk_mem_gen_16
INFO: [IP_Flow 19-6922] IPCACHE: Exporting cached entry 37b340f7d5611910 to dir: C:/Progh/Code/Project_RetroGame/Oplevering/EindProject_FPGA.runs/blk_mem_gen_16_synth_1
INFO: [IP_Flow 19-6928] IPCACHE: copied cached file c:/Progh/Code/Project_RetroGame/Oplevering/EindProject_FPGA.cache/ip/2024.1/3/7/37b340f7d5611910/blk_mem_gen_16.dcp to C:/Progh/Code/Project_RetroGame/Oplevering/EindProject_FPGA.runs/blk_mem_gen_16_synth_1/blk_mem_gen_16.dcp.
INFO: [IP_Flow 19-6928] IPCACHE: copied cached file c:/Progh/Code/Project_RetroGame/Oplevering/EindProject_FPGA.cache/ip/2024.1/3/7/37b340f7d5611910/blk_mem_gen_16_sim_netlist.v to C:/Progh/Code/Project_RetroGame/Oplevering/EindProject_FPGA.runs/blk_mem_gen_16_synth_1/blk_mem_gen_16_sim_netlist.v.
INFO: [IP_Flow 19-6928] IPCACHE: copied cached file c:/Progh/Code/Project_RetroGame/Oplevering/EindProject_FPGA.cache/ip/2024.1/3/7/37b340f7d5611910/blk_mem_gen_16_sim_netlist.vhdl to C:/Progh/Code/Project_RetroGame/Oplevering/EindProject_FPGA.runs/blk_mem_gen_16_synth_1/blk_mem_gen_16_sim_netlist.vhdl.
INFO: [IP_Flow 19-6928] IPCACHE: copied cached file c:/Progh/Code/Project_RetroGame/Oplevering/EindProject_FPGA.cache/ip/2024.1/3/7/37b340f7d5611910/blk_mem_gen_16_stub.v to C:/Progh/Code/Project_RetroGame/Oplevering/EindProject_FPGA.runs/blk_mem_gen_16_synth_1/blk_mem_gen_16_stub.v.
INFO: [IP_Flow 19-6928] IPCACHE: copied cached file c:/Progh/Code/Project_RetroGame/Oplevering/EindProject_FPGA.cache/ip/2024.1/3/7/37b340f7d5611910/blk_mem_gen_16_stub.vhdl to C:/Progh/Code/Project_RetroGame/Oplevering/EindProject_FPGA.runs/blk_mem_gen_16_synth_1/blk_mem_gen_16_stub.vhdl.
INFO: [IP_Flow 19-4838] Using cached IP synthesis design for IP blk_mem_gen_16, cache-ID = 37b340f7d5611910.
INFO: [Common 17-206] Exiting Vivado at Wed Apr  9 20:27:32 2025...
