Copyright 1986-2022 Xilinx, Inc. All Rights Reserved. Copyright 2022-2024 Advanced Micro Devices, Inc. All Rights Reserved.
---------------------------------------------------------------------------------------------------------------------------------------------
| Tool Version : Vivado v.2024.1 (win64) Build 5076996 Wed May 22 18:37:14 MDT 2024
| Date         : Thu Mar 20 11:08:25 2025
| Host         : DESKTOP-H0VVJ00 running 64-bit major release  (build 9200)
| Command      : report_control_sets -verbose -file DVI_Top_control_sets_placed.rpt
| Design       : DVI_Top
| Device       : xc7a35t
---------------------------------------------------------------------------------------------------------------------------------------------

Control Set Information

Table of Contents
-----------------
1. Summary
2. Histogram
3. Flip-Flop Distribution
4. Detailed Control Set Information

1. Summary
----------

+----------------------------------------------------------+-------+
|                          Status                          | Count |
+----------------------------------------------------------+-------+
| Total control sets                                       |    11 |
|    Minimum number of control sets                        |    11 |
|    Addition due to synthesis replication                 |     0 |
|    Addition due to physical synthesis replication        |     0 |
| Unused register locations in slices containing registers |    46 |
+----------------------------------------------------------+-------+
* Control sets can be merged at opt_design using control_set_merge or merge_equivalent_drivers
** Run report_qor_suggestions for automated merging and remapping suggestions


2. Histogram
------------

+--------------------+-------+
|       Fanout       | Count |
+--------------------+-------+
| Total control sets |    11 |
| >= 0 to < 4        |     2 |
| >= 4 to < 6        |     0 |
| >= 6 to < 8        |     0 |
| >= 8 to < 10       |     0 |
| >= 10 to < 12      |     3 |
| >= 12 to < 14      |     0 |
| >= 14 to < 16      |     0 |
| >= 16              |     6 |
+--------------------+-------+
* Control sets can be remapped at either synth_design or opt_design


3. Flip-Flop Distribution
-------------------------

+--------------+-----------------------+------------------------+-----------------+--------------+
| Clock Enable | Synchronous Set/Reset | Asynchronous Set/Reset | Total Registers | Total Slices |
+--------------+-----------------------+------------------------+-----------------+--------------+
| No           | No                    | No                     |              48 |           24 |
| No           | No                    | Yes                    |              31 |            9 |
| No           | Yes                   | No                     |              95 |           31 |
| Yes          | No                    | No                     |              50 |           14 |
| Yes          | No                    | Yes                    |               0 |            0 |
| Yes          | Yes                   | No                     |              10 |            6 |
+--------------+-----------------------+------------------------+-----------------+--------------+


4. Detailed Control Set Information
-----------------------------------

+---------------------------------+------------------------------------------+------------------------------------------------------------------+------------------+----------------+--------------+
|           Clock Signal          |               Enable Signal              |                         Set/Reset Signal                         | Slice Load Count | Bel Load Count | Bels / Slice |
+---------------------------------+------------------------------------------+------------------------------------------------------------------+------------------+----------------+--------------+
|  prescaler_instance/inst/clk_25 |                                          | dvi_driver_inst/hsync_internal_i_1_n_0                           |                1 |              1 |         1.00 |
|  prescaler_instance/inst/clk_25 |                                          | dvi_driver_inst/vsync_internal_i_1_n_0                           |                1 |              1 |         1.00 |
|  prescaler_instance/inst/clk_25 |                                          | dvi_driver_inst/hcount_int[9]_i_1_n_0                            |                3 |             10 |         3.33 |
|  prescaler_instance/inst/clk_25 | dvi_driver_inst/E[0]                     | pixel_gen_inst/DisplayCharacter_inst/local_x[4]_i_1_n_0          |                6 |             10 |         1.67 |
|  prescaler_instance/inst/clk_25 | dvi_driver_inst/vcount_int[9]_i_1_n_0    |                                                                  |                4 |             10 |         2.50 |
|  SCK_IBUF_BUFG                  | Spi_instance/output_register[25]_i_1_n_0 |                                                                  |                5 |             20 |         4.00 |
|  prescaler_instance/inst/clk_25 | dvi_driver_inst/E[0]                     |                                                                  |                5 |             20 |         4.00 |
|  prescaler_instance/inst/clk_25 |                                          | pixel_gen_inst/DisplayCharacter_inst/divider_counter[21]_i_1_n_0 |                7 |             22 |         3.14 |
|  SCK_IBUF_BUFG                  |                                          | Spi_instance/bit_count[5]_i_2_n_0                                |                9 |             31 |         3.44 |
|  prescaler_instance/inst/clk_25 |                                          |                                                                  |               24 |             48 |         2.00 |
|  prescaler_instance/inst/clk_25 |                                          | dvi_driver_inst/SR[0]                                            |               19 |             61 |         3.21 |
+---------------------------------+------------------------------------------+------------------------------------------------------------------+------------------+----------------+--------------+


