
*** Running vivado
    with args -log DVI_Top.vds -m64 -product Vivado -mode batch -messageDb vivado.pb -notrace -source DVI_Top.tcl



****** Vivado v2024.1 (64-bit)
  **** SW Build 5076996 on Wed May 22 18:37:14 MDT 2024
  **** IP Build 5075265 on Wed May 22 21:45:21 MDT 2024
  **** SharedData Build 5076995 on Wed May 22 18:29:18 MDT 2024
  **** Start of session at: Tue Mar 18 10:59:37 2025
    ** Copyright 1986-2022 Xilinx, Inc. All Rights Reserved.
    ** Copyright 2022-2024 Advanced Micro Devices, Inc. All Rights Reserved.

source DVI_Top.tcl -notrace
create_project: Time (s): cpu = 00:00:05 ; elapsed = 00:00:06 . Memory (MB): peak = 494.152 ; gain = 201.371
Command: read_checkpoint -auto_incremental -incremental C:/Progh/Code/Project_RetroGame/POCS/ShowCharacter/ShowLevel.srcs/utils_1/imports/synth_1/DVI.dcp
INFO: [Vivado 12-5825] Read reference checkpoint from C:/Progh/Code/Project_RetroGame/POCS/ShowCharacter/ShowLevel.srcs/utils_1/imports/synth_1/DVI.dcp for incremental synthesis
INFO: [Vivado 12-7989] Please ensure there are no constraint changes
Command: synth_design -top DVI_Top -part xc7a35tcpg236-1
Starting synth_design
Attempting to get a license for feature 'Synthesis' and/or device 'xc7a35t'
INFO: [Common 17-349] Got license for feature 'Synthesis' and/or device 'xc7a35t'
INFO: [Device 21-403] Loading part xc7a35tcpg236-1
INFO: [Device 21-9227] Part: xc7a35tcpg236-1 does not have CEAM library.
INFO: [Designutils 20-5440] No compile time benefit to using incremental synthesis; A full resynthesis will be run
INFO: [Designutils 20-4379] Flow is switching to default flow due to incremental criteria not met. If you would like to alter this behaviour and have the flow terminate instead, please set the following parameter config_implementation {autoIncr.Synth.RejectBehavior Terminate}
INFO: [Synth 8-7079] Multithreading enabled for synth_design using a maximum of 2 processes.
INFO: [Synth 8-7078] Launching helper process for spawning children vivado processes
INFO: [Synth 8-7075] Helper process launched with PID 6584
---------------------------------------------------------------------------------
Starting RTL Elaboration : Time (s): cpu = 00:00:05 ; elapsed = 00:00:05 . Memory (MB): peak = 1362.137 ; gain = 449.465
---------------------------------------------------------------------------------
INFO: [Synth 8-638] synthesizing module 'DVI_Top' [C:/Progh/Code/Project_RetroGame/POCS/ShowCharacter/ShowLevel.srcs/sources_1/imports/Week 5 + 6 - Bounching Square - Ball/DVI.vhd:16]
INFO: [Synth 8-3491] module 'clkDVIprescaler' declared at 'C:/Progh/Code/Project_RetroGame/POCS/ShowCharacter/ShowLevel.runs/synth_1/.Xil/Vivado-26052-DESKTOP-H0VVJ00/realtime/clkDVIprescaler_stub.v:6' bound to instance 'prescaler_instance' of component 'clkDVIprescaler' [C:/Progh/Code/Project_RetroGame/POCS/ShowCharacter/ShowLevel.srcs/sources_1/imports/Week 5 + 6 - Bounching Square - Ball/DVI.vhd:60]
INFO: [Synth 8-6157] synthesizing module 'clkDVIprescaler' [C:/Progh/Code/Project_RetroGame/POCS/ShowCharacter/ShowLevel.runs/synth_1/.Xil/Vivado-26052-DESKTOP-H0VVJ00/realtime/clkDVIprescaler_stub.v:6]
INFO: [Synth 8-6155] done synthesizing module 'clkDVIprescaler' (0#1) [C:/Progh/Code/Project_RetroGame/POCS/ShowCharacter/ShowLevel.runs/synth_1/.Xil/Vivado-26052-DESKTOP-H0VVJ00/realtime/clkDVIprescaler_stub.v:6]
INFO: [Synth 8-3491] module 'DVI_Driver' declared at 'C:/Progh/Code/Project_RetroGame/POCS/ShowCharacter/ShowLevel.srcs/sources_1/new/DVI_Display.vhd:5' bound to instance 'dvi_driver_inst' of component 'DVI_Driver' [C:/Progh/Code/Project_RetroGame/POCS/ShowCharacter/ShowLevel.srcs/sources_1/imports/Week 5 + 6 - Bounching Square - Ball/DVI.vhd:67]
INFO: [Synth 8-638] synthesizing module 'DVI_Driver' [C:/Progh/Code/Project_RetroGame/POCS/ShowCharacter/ShowLevel.srcs/sources_1/new/DVI_Display.vhd:16]
INFO: [Synth 8-256] done synthesizing module 'DVI_Driver' (0#1) [C:/Progh/Code/Project_RetroGame/POCS/ShowCharacter/ShowLevel.srcs/sources_1/new/DVI_Display.vhd:16]
INFO: [Synth 8-3491] module 'Pixel_Gen' declared at 'C:/Progh/Code/Project_RetroGame/POCS/ShowCharacter/ShowLevel.srcs/sources_1/new/XY_GEN.vhd:5' bound to instance 'pixel_gen_inst' of component 'Pixel_Gen' [C:/Progh/Code/Project_RetroGame/POCS/ShowCharacter/ShowLevel.srcs/sources_1/imports/Week 5 + 6 - Bounching Square - Ball/DVI.vhd:78]
INFO: [Synth 8-638] synthesizing module 'Pixel_Gen' [C:/Progh/Code/Project_RetroGame/POCS/ShowCharacter/ShowLevel.srcs/sources_1/new/XY_GEN.vhd:15]
INFO: [Synth 8-3491] module 'blk_mem_gen_0' declared at 'C:/Progh/Code/Project_RetroGame/POCS/ShowCharacter/ShowLevel.runs/synth_1/.Xil/Vivado-26052-DESKTOP-H0VVJ00/realtime/blk_mem_gen_0_stub.v:6' bound to instance 'ROM_inst_1' of component 'blk_mem_gen_0' [C:/Progh/Code/Project_RetroGame/POCS/ShowCharacter/ShowLevel.srcs/sources_1/new/XY_GEN.vhd:75]
INFO: [Synth 8-6157] synthesizing module 'blk_mem_gen_0' [C:/Progh/Code/Project_RetroGame/POCS/ShowCharacter/ShowLevel.runs/synth_1/.Xil/Vivado-26052-DESKTOP-H0VVJ00/realtime/blk_mem_gen_0_stub.v:6]
INFO: [Synth 8-6155] done synthesizing module 'blk_mem_gen_0' (0#1) [C:/Progh/Code/Project_RetroGame/POCS/ShowCharacter/ShowLevel.runs/synth_1/.Xil/Vivado-26052-DESKTOP-H0VVJ00/realtime/blk_mem_gen_0_stub.v:6]
INFO: [Synth 8-3491] module 'blk_mem_gen_1' declared at 'C:/Progh/Code/Project_RetroGame/POCS/ShowCharacter/ShowLevel.runs/synth_1/.Xil/Vivado-26052-DESKTOP-H0VVJ00/realtime/blk_mem_gen_1_stub.v:6' bound to instance 'ROM_inst_2' of component 'blk_mem_gen_1' [C:/Progh/Code/Project_RetroGame/POCS/ShowCharacter/ShowLevel.srcs/sources_1/new/XY_GEN.vhd:83]
INFO: [Synth 8-6157] synthesizing module 'blk_mem_gen_1' [C:/Progh/Code/Project_RetroGame/POCS/ShowCharacter/ShowLevel.runs/synth_1/.Xil/Vivado-26052-DESKTOP-H0VVJ00/realtime/blk_mem_gen_1_stub.v:6]
INFO: [Synth 8-6155] done synthesizing module 'blk_mem_gen_1' (0#1) [C:/Progh/Code/Project_RetroGame/POCS/ShowCharacter/ShowLevel.runs/synth_1/.Xil/Vivado-26052-DESKTOP-H0VVJ00/realtime/blk_mem_gen_1_stub.v:6]
INFO: [Synth 8-3491] module 'blk_mem_gen_2' declared at 'C:/Progh/Code/Project_RetroGame/POCS/ShowCharacter/ShowLevel.runs/synth_1/.Xil/Vivado-26052-DESKTOP-H0VVJ00/realtime/blk_mem_gen_2_stub.v:6' bound to instance 'ROM_inst_3' of component 'blk_mem_gen_2' [C:/Progh/Code/Project_RetroGame/POCS/ShowCharacter/ShowLevel.srcs/sources_1/new/XY_GEN.vhd:91]
INFO: [Synth 8-6157] synthesizing module 'blk_mem_gen_2' [C:/Progh/Code/Project_RetroGame/POCS/ShowCharacter/ShowLevel.runs/synth_1/.Xil/Vivado-26052-DESKTOP-H0VVJ00/realtime/blk_mem_gen_2_stub.v:6]
INFO: [Synth 8-6155] done synthesizing module 'blk_mem_gen_2' (0#1) [C:/Progh/Code/Project_RetroGame/POCS/ShowCharacter/ShowLevel.runs/synth_1/.Xil/Vivado-26052-DESKTOP-H0VVJ00/realtime/blk_mem_gen_2_stub.v:6]
INFO: [Synth 8-3491] module 'blk_mem_gen_3' declared at 'C:/Progh/Code/Project_RetroGame/POCS/ShowCharacter/ShowLevel.runs/synth_1/.Xil/Vivado-26052-DESKTOP-H0VVJ00/realtime/blk_mem_gen_3_stub.v:6' bound to instance 'ROM_inst_4' of component 'blk_mem_gen_3' [C:/Progh/Code/Project_RetroGame/POCS/ShowCharacter/ShowLevel.srcs/sources_1/new/XY_GEN.vhd:99]
INFO: [Synth 8-6157] synthesizing module 'blk_mem_gen_3' [C:/Progh/Code/Project_RetroGame/POCS/ShowCharacter/ShowLevel.runs/synth_1/.Xil/Vivado-26052-DESKTOP-H0VVJ00/realtime/blk_mem_gen_3_stub.v:6]
INFO: [Synth 8-6155] done synthesizing module 'blk_mem_gen_3' (0#1) [C:/Progh/Code/Project_RetroGame/POCS/ShowCharacter/ShowLevel.runs/synth_1/.Xil/Vivado-26052-DESKTOP-H0VVJ00/realtime/blk_mem_gen_3_stub.v:6]
INFO: [Synth 8-256] done synthesizing module 'Pixel_Gen' (0#1) [C:/Progh/Code/Project_RetroGame/POCS/ShowCharacter/ShowLevel.srcs/sources_1/new/XY_GEN.vhd:15]
INFO: [Synth 8-256] done synthesizing module 'DVI_Top' (0#1) [C:/Progh/Code/Project_RetroGame/POCS/ShowCharacter/ShowLevel.srcs/sources_1/imports/Week 5 + 6 - Bounching Square - Ball/DVI.vhd:16]
WARNING: [Synth 8-7129] Port hcount[9] in module Pixel_Gen is either unconnected or has no load
WARNING: [Synth 8-7129] Port hcount[8] in module Pixel_Gen is either unconnected or has no load
WARNING: [Synth 8-7129] Port hcount[7] in module Pixel_Gen is either unconnected or has no load
WARNING: [Synth 8-7129] Port hcount[6] in module Pixel_Gen is either unconnected or has no load
WARNING: [Synth 8-7129] Port hcount[5] in module Pixel_Gen is either unconnected or has no load
WARNING: [Synth 8-7129] Port vcount[9] in module Pixel_Gen is either unconnected or has no load
WARNING: [Synth 8-7129] Port vcount[8] in module Pixel_Gen is either unconnected or has no load
WARNING: [Synth 8-7129] Port vcount[7] in module Pixel_Gen is either unconnected or has no load
WARNING: [Synth 8-7129] Port vcount[6] in module Pixel_Gen is either unconnected or has no load
WARNING: [Synth 8-7129] Port vcount[5] in module Pixel_Gen is either unconnected or has no load
WARNING: [Synth 8-7129] Port btn_reset in module DVI_Top is either unconnected or has no load
---------------------------------------------------------------------------------
Finished RTL Elaboration : Time (s): cpu = 00:00:06 ; elapsed = 00:00:06 . Memory (MB): peak = 1475.551 ; gain = 562.879
---------------------------------------------------------------------------------
---------------------------------------------------------------------------------
Start Handling Custom Attributes
---------------------------------------------------------------------------------
---------------------------------------------------------------------------------
Finished Handling Custom Attributes : Time (s): cpu = 00:00:06 ; elapsed = 00:00:06 . Memory (MB): peak = 1475.551 ; gain = 562.879
---------------------------------------------------------------------------------
---------------------------------------------------------------------------------
Finished RTL Optimization Phase 1 : Time (s): cpu = 00:00:06 ; elapsed = 00:00:06 . Memory (MB): peak = 1475.551 ; gain = 562.879
---------------------------------------------------------------------------------
Netlist sorting complete. Time (s): cpu = 00:00:00 ; elapsed = 00:00:00.002 . Memory (MB): peak = 1475.551 ; gain = 0.000
INFO: [Project 1-570] Preparing netlist for logic optimization

Processing XDC Constraints
Initializing timing engine
Parsing XDC File [c:/Progh/Code/Project_RetroGame/POCS/ShowCharacter/ShowLevel.gen/sources_1/ip/clkDVIprescaler/clkDVIprescaler/clkDVIprescaler_in_context.xdc] for cell 'prescaler_instance'
Finished Parsing XDC File [c:/Progh/Code/Project_RetroGame/POCS/ShowCharacter/ShowLevel.gen/sources_1/ip/clkDVIprescaler/clkDVIprescaler/clkDVIprescaler_in_context.xdc] for cell 'prescaler_instance'
Parsing XDC File [c:/Progh/Code/Project_RetroGame/POCS/ShowCharacter/ShowLevel.gen/sources_1/ip/blk_mem_gen_0/blk_mem_gen_0/blk_mem_gen_0_in_context.xdc] for cell 'pixel_gen_inst/ROM_inst_1'
Finished Parsing XDC File [c:/Progh/Code/Project_RetroGame/POCS/ShowCharacter/ShowLevel.gen/sources_1/ip/blk_mem_gen_0/blk_mem_gen_0/blk_mem_gen_0_in_context.xdc] for cell 'pixel_gen_inst/ROM_inst_1'
Parsing XDC File [c:/Progh/Code/Project_RetroGame/POCS/ShowCharacter/ShowLevel.gen/sources_1/ip/blk_mem_gen_1/blk_mem_gen_1/blk_mem_gen_1_in_context.xdc] for cell 'pixel_gen_inst/ROM_inst_2'
Finished Parsing XDC File [c:/Progh/Code/Project_RetroGame/POCS/ShowCharacter/ShowLevel.gen/sources_1/ip/blk_mem_gen_1/blk_mem_gen_1/blk_mem_gen_1_in_context.xdc] for cell 'pixel_gen_inst/ROM_inst_2'
Parsing XDC File [c:/Progh/Code/Project_RetroGame/POCS/ShowCharacter/ShowLevel.gen/sources_1/ip/blk_mem_gen_2/blk_mem_gen_2/blk_mem_gen_2_in_context.xdc] for cell 'pixel_gen_inst/ROM_inst_3'
Finished Parsing XDC File [c:/Progh/Code/Project_RetroGame/POCS/ShowCharacter/ShowLevel.gen/sources_1/ip/blk_mem_gen_2/blk_mem_gen_2/blk_mem_gen_2_in_context.xdc] for cell 'pixel_gen_inst/ROM_inst_3'
Parsing XDC File [c:/Progh/Code/Project_RetroGame/POCS/ShowCharacter/ShowLevel.gen/sources_1/ip/blk_mem_gen_3/blk_mem_gen_3/blk_mem_gen_3_in_context.xdc] for cell 'pixel_gen_inst/ROM_inst_4'
Finished Parsing XDC File [c:/Progh/Code/Project_RetroGame/POCS/ShowCharacter/ShowLevel.gen/sources_1/ip/blk_mem_gen_3/blk_mem_gen_3/blk_mem_gen_3_in_context.xdc] for cell 'pixel_gen_inst/ROM_inst_4'
Parsing XDC File [C:/Progh/Code/Project_RetroGame/POCS/ShowCharacter/ShowLevel.srcs/constrs_1/new/const.xdc]
WARNING: [Vivado 12-584] No ports matched 'clk25'. [C:/Progh/Code/Project_RetroGame/POCS/ShowCharacter/ShowLevel.srcs/constrs_1/new/const.xdc:13]
WARNING: [Vivado 12-584] No ports matched 'clk25'. [C:/Progh/Code/Project_RetroGame/POCS/ShowCharacter/ShowLevel.srcs/constrs_1/new/const.xdc:20]
Finished Parsing XDC File [C:/Progh/Code/Project_RetroGame/POCS/ShowCharacter/ShowLevel.srcs/constrs_1/new/const.xdc]
WARNING: [Project 1-498] One or more constraints failed evaluation while reading constraint file [C:/Progh/Code/Project_RetroGame/POCS/ShowCharacter/ShowLevel.srcs/constrs_1/new/const.xdc] and the design contains unresolved black boxes. These constraints will be read post-synthesis (as long as their source constraint file is marked as used_in_implementation) and should be applied correctly then. You should review the constraints listed in the file [.Xil/DVI_Top_propImpl.xdc] and check the run log file to verify that these constraints were correctly applied.
INFO: [Project 1-236] Implementation specific constraints were found while reading constraint file [C:/Progh/Code/Project_RetroGame/POCS/ShowCharacter/ShowLevel.srcs/constrs_1/new/const.xdc]. These constraints will be ignored for synthesis but will be used in implementation. Impacted constraints are listed in the file [.Xil/DVI_Top_propImpl.xdc].
Resolution: To avoid this warning, move constraints listed in [.Xil/DVI_Top_propImpl.xdc] to another XDC file and exclude this new file from synthesis with the used_in_synthesis property (File Properties dialog in GUI) and re-run elaboration/synthesis.
Completed Processing XDC Constraints

Netlist sorting complete. Time (s): cpu = 00:00:00 ; elapsed = 00:00:00 . Memory (MB): peak = 1553.492 ; gain = 0.000
INFO: [Project 1-111] Unisim Transformation Summary:
No Unisim elements were transformed.

Constraint Validation Runtime : Time (s): cpu = 00:00:00 ; elapsed = 00:00:00.003 . Memory (MB): peak = 1553.492 ; gain = 0.000
INFO: [Designutils 20-5440] No compile time benefit to using incremental synthesis; A full resynthesis will be run
INFO: [Designutils 20-4379] Flow is switching to default flow due to incremental criteria not met. If you would like to alter this behaviour and have the flow terminate instead, please set the following parameter config_implementation {autoIncr.Synth.RejectBehavior Terminate}
---------------------------------------------------------------------------------
Finished Constraint Validation : Time (s): cpu = 00:00:12 ; elapsed = 00:00:12 . Memory (MB): peak = 1553.492 ; gain = 640.820
---------------------------------------------------------------------------------
---------------------------------------------------------------------------------
Start Loading Part and Timing Information
---------------------------------------------------------------------------------
Loading part: xc7a35tcpg236-1
---------------------------------------------------------------------------------
Finished Loading Part and Timing Information : Time (s): cpu = 00:00:12 ; elapsed = 00:00:12 . Memory (MB): peak = 1553.492 ; gain = 640.820
---------------------------------------------------------------------------------
---------------------------------------------------------------------------------
Start Applying 'set_property' XDC Constraints
---------------------------------------------------------------------------------
Applied set_property IO_BUFFER_TYPE = NONE for clk100. (constraint file  c:/Progh/Code/Project_RetroGame/POCS/ShowCharacter/ShowLevel.gen/sources_1/ip/clkDVIprescaler/clkDVIprescaler/clkDVIprescaler_in_context.xdc, line 3).
Applied set_property CLOCK_BUFFER_TYPE = NONE for clk100. (constraint file  c:/Progh/Code/Project_RetroGame/POCS/ShowCharacter/ShowLevel.gen/sources_1/ip/clkDVIprescaler/clkDVIprescaler/clkDVIprescaler_in_context.xdc, line 4).
Applied set_property KEEP_HIERARCHY = SOFT for prescaler_instance. (constraint file  auto generated constraint).
Applied set_property KEEP_HIERARCHY = SOFT for pixel_gen_inst/ROM_inst_1. (constraint file  auto generated constraint).
Applied set_property KEEP_HIERARCHY = SOFT for pixel_gen_inst/ROM_inst_2. (constraint file  auto generated constraint).
Applied set_property KEEP_HIERARCHY = SOFT for pixel_gen_inst/ROM_inst_3. (constraint file  auto generated constraint).
Applied set_property KEEP_HIERARCHY = SOFT for pixel_gen_inst/ROM_inst_4. (constraint file  auto generated constraint).
---------------------------------------------------------------------------------
Finished applying 'set_property' XDC Constraints : Time (s): cpu = 00:00:12 ; elapsed = 00:00:12 . Memory (MB): peak = 1553.492 ; gain = 640.820
---------------------------------------------------------------------------------
---------------------------------------------------------------------------------
Finished RTL Optimization Phase 2 : Time (s): cpu = 00:00:12 ; elapsed = 00:00:13 . Memory (MB): peak = 1553.492 ; gain = 640.820
---------------------------------------------------------------------------------
---------------------------------------------------------------------------------
Start RTL Component Statistics 
---------------------------------------------------------------------------------
Detailed RTL Component Info : 
+---Adders : 
	   2 Input   22 Bit       Adders := 1     
	   2 Input   10 Bit       Adders := 2     
	   2 Input    2 Bit       Adders := 1     
+---Registers : 
	               22 Bit    Registers := 1     
	               12 Bit    Registers := 1     
	               10 Bit    Registers := 2     
	                2 Bit    Registers := 1     
	                1 Bit    Registers := 5     
+---Muxes : 
	   4 Input   12 Bit        Muxes := 1     
	   2 Input   12 Bit        Muxes := 1     
---------------------------------------------------------------------------------
Finished RTL Component Statistics 
---------------------------------------------------------------------------------
---------------------------------------------------------------------------------
Start Part Resource Summary
---------------------------------------------------------------------------------
Part Resources:
DSPs: 90 (col length:60)
BRAMs: 100 (col length: RAMB18 60 RAMB36 30)
---------------------------------------------------------------------------------
Finished Part Resource Summary
---------------------------------------------------------------------------------
---------------------------------------------------------------------------------
Start Cross Boundary and Area Optimization
---------------------------------------------------------------------------------
WARNING: [Synth 8-7080] Parallel synthesis criteria is not met
WARNING: [Synth 8-7129] Port btn_reset in module DVI_Top is either unconnected or has no load
---------------------------------------------------------------------------------
Finished Cross Boundary and Area Optimization : Time (s): cpu = 00:00:14 ; elapsed = 00:00:15 . Memory (MB): peak = 1553.492 ; gain = 640.820
---------------------------------------------------------------------------------
---------------------------------------------------------------------------------
Start Applying XDC Timing Constraints
---------------------------------------------------------------------------------
---------------------------------------------------------------------------------
Finished Applying XDC Timing Constraints : Time (s): cpu = 00:00:19 ; elapsed = 00:00:20 . Memory (MB): peak = 1553.492 ; gain = 640.820
---------------------------------------------------------------------------------
---------------------------------------------------------------------------------
Start Timing Optimization
---------------------------------------------------------------------------------
---------------------------------------------------------------------------------
Finished Timing Optimization : Time (s): cpu = 00:00:19 ; elapsed = 00:00:20 . Memory (MB): peak = 1553.492 ; gain = 640.820
---------------------------------------------------------------------------------
---------------------------------------------------------------------------------
Start Technology Mapping
---------------------------------------------------------------------------------
---------------------------------------------------------------------------------
Finished Technology Mapping : Time (s): cpu = 00:00:19 ; elapsed = 00:00:20 . Memory (MB): peak = 1553.492 ; gain = 640.820
---------------------------------------------------------------------------------
---------------------------------------------------------------------------------
Start IO Insertion
---------------------------------------------------------------------------------
---------------------------------------------------------------------------------
Start Flattening Before IO Insertion
---------------------------------------------------------------------------------
---------------------------------------------------------------------------------
Finished Flattening Before IO Insertion
---------------------------------------------------------------------------------
---------------------------------------------------------------------------------
Start Final Netlist Cleanup
---------------------------------------------------------------------------------
---------------------------------------------------------------------------------
Finished Final Netlist Cleanup
---------------------------------------------------------------------------------
---------------------------------------------------------------------------------
Finished IO Insertion : Time (s): cpu = 00:00:23 ; elapsed = 00:00:24 . Memory (MB): peak = 1553.492 ; gain = 640.820
---------------------------------------------------------------------------------
---------------------------------------------------------------------------------
Start Renaming Generated Instances
---------------------------------------------------------------------------------
---------------------------------------------------------------------------------
Finished Renaming Generated Instances : Time (s): cpu = 00:00:23 ; elapsed = 00:00:24 . Memory (MB): peak = 1553.492 ; gain = 640.820
---------------------------------------------------------------------------------
---------------------------------------------------------------------------------
Start Rebuilding User Hierarchy
---------------------------------------------------------------------------------
---------------------------------------------------------------------------------
Finished Rebuilding User Hierarchy : Time (s): cpu = 00:00:23 ; elapsed = 00:00:24 . Memory (MB): peak = 1553.492 ; gain = 640.820
---------------------------------------------------------------------------------
---------------------------------------------------------------------------------
Start Renaming Generated Ports
---------------------------------------------------------------------------------
---------------------------------------------------------------------------------
Finished Renaming Generated Ports : Time (s): cpu = 00:00:23 ; elapsed = 00:00:24 . Memory (MB): peak = 1553.492 ; gain = 640.820
---------------------------------------------------------------------------------
---------------------------------------------------------------------------------
Start Handling Custom Attributes
---------------------------------------------------------------------------------
---------------------------------------------------------------------------------
Finished Handling Custom Attributes : Time (s): cpu = 00:00:23 ; elapsed = 00:00:24 . Memory (MB): peak = 1553.492 ; gain = 640.820
---------------------------------------------------------------------------------
---------------------------------------------------------------------------------
Start Renaming Generated Nets
---------------------------------------------------------------------------------
---------------------------------------------------------------------------------
Finished Renaming Generated Nets : Time (s): cpu = 00:00:23 ; elapsed = 00:00:24 . Memory (MB): peak = 1553.492 ; gain = 640.820
---------------------------------------------------------------------------------
---------------------------------------------------------------------------------
Start Writing Synthesis Report
---------------------------------------------------------------------------------

Report BlackBoxes: 
+------+----------------+----------+
|      |BlackBox name   |Instances |
+------+----------------+----------+
|1     |clkDVIprescaler |         1|
|2     |blk_mem_gen_0   |         1|
|3     |blk_mem_gen_1   |         1|
|4     |blk_mem_gen_2   |         1|
|5     |blk_mem_gen_3   |         1|
+------+----------------+----------+

Report Cell Usage: 
+------+----------------+------+
|      |Cell            |Count |
+------+----------------+------+
|1     |blk_mem_gen     |     4|
|5     |clkDVIprescaler |     1|
|6     |CARRY4          |     6|
|7     |LUT1            |     2|
|8     |LUT2            |    16|
|9     |LUT3            |     6|
|10    |LUT4            |    11|
|11    |LUT5            |    12|
|12    |LUT6            |    22|
|13    |FDRE            |    61|
|14    |OBUF            |    16|
+------+----------------+------+
---------------------------------------------------------------------------------
Finished Writing Synthesis Report : Time (s): cpu = 00:00:23 ; elapsed = 00:00:24 . Memory (MB): peak = 1553.492 ; gain = 640.820
---------------------------------------------------------------------------------
Synthesis finished with 0 errors, 0 critical warnings and 2 warnings.
Synthesis Optimization Runtime : Time (s): cpu = 00:00:16 ; elapsed = 00:00:23 . Memory (MB): peak = 1553.492 ; gain = 562.879
Synthesis Optimization Complete : Time (s): cpu = 00:00:23 ; elapsed = 00:00:24 . Memory (MB): peak = 1553.492 ; gain = 640.820
INFO: [Project 1-571] Translating synthesized netlist
Netlist sorting complete. Time (s): cpu = 00:00:00 ; elapsed = 00:00:00.001 . Memory (MB): peak = 1553.492 ; gain = 0.000
INFO: [Netlist 29-17] Analyzing 6 Unisim elements for replacement
INFO: [Netlist 29-28] Unisim Transformation completed in 0 CPU seconds
INFO: [Project 1-570] Preparing netlist for logic optimization
INFO: [Opt 31-138] Pushed 0 inverter(s) to 0 load pin(s).
Netlist sorting complete. Time (s): cpu = 00:00:00 ; elapsed = 00:00:00 . Memory (MB): peak = 1553.492 ; gain = 0.000
INFO: [Project 1-111] Unisim Transformation Summary:
No Unisim elements were transformed.

Synth Design complete | Checksum: e248c80d
INFO: [Common 17-83] Releasing license: Synthesis
45 Infos, 16 Warnings, 0 Critical Warnings and 0 Errors encountered.
synth_design completed successfully
synth_design: Time (s): cpu = 00:00:26 ; elapsed = 00:00:29 . Memory (MB): peak = 1553.492 ; gain = 1044.129
Write ShapeDB Complete: Time (s): cpu = 00:00:00 ; elapsed = 00:00:00.001 . Memory (MB): peak = 1553.492 ; gain = 0.000
INFO: [Common 17-1381] The checkpoint 'C:/Progh/Code/Project_RetroGame/POCS/ShowCharacter/ShowLevel.runs/synth_1/DVI_Top.dcp' has been generated.
INFO: [Vivado 12-24828] Executing command : report_utilization -file DVI_Top_utilization_synth.rpt -pb DVI_Top_utilization_synth.pb
INFO: [Common 17-206] Exiting Vivado at Tue Mar 18 11:00:14 2025...
