
*** Running vivado
    with args -log blk_mem_gen_15.vds -m64 -product Vivado -mode batch -messageDb vivado.pb -notrace -source blk_mem_gen_15.tcl



****** Vivado v2024.1 (64-bit)
  **** SW Build 5076996 on Wed May 22 18:37:14 MDT 2024
  **** IP Build 5075265 on Wed May 22 21:45:21 MDT 2024
  **** SharedData Build 5076995 on Wed May 22 18:29:18 MDT 2024
  **** Start of session at: Thu Apr 10 08:15:12 2025
    ** Copyright 1986-2022 Xilinx, Inc. All Rights Reserved.
    ** Copyright 2022-2024 Advanced Micro Devices, Inc. All Rights Reserved.

source blk_mem_gen_15.tcl -notrace
create_project: Time (s): cpu = 00:00:04 ; elapsed = 00:00:09 . Memory (MB): peak = 494.395 ; gain = 200.086
INFO: [IP_Flow 19-6924] IPCACHE: Running cache check for IP inst: blk_mem_gen_15
INFO: [IP_Flow 19-6922] IPCACHE: Exporting cached entry b8b0ac0a2f09deea to dir: C:/Progh/Code/Project_RetroGame/Oplevering/EindProject_FPGA.runs/blk_mem_gen_15_synth_1
INFO: [IP_Flow 19-6928] IPCACHE: copied cached file c:/Progh/Code/Project_RetroGame/Oplevering/EindProject_FPGA.cache/ip/2024.1/b/8/b8b0ac0a2f09deea/blk_mem_gen_15.dcp to C:/Progh/Code/Project_RetroGame/Oplevering/EindProject_FPGA.runs/blk_mem_gen_15_synth_1/blk_mem_gen_15.dcp.
INFO: [IP_Flow 19-6928] IPCACHE: copied cached file c:/Progh/Code/Project_RetroGame/Oplevering/EindProject_FPGA.cache/ip/2024.1/b/8/b8b0ac0a2f09deea/blk_mem_gen_15_sim_netlist.v to C:/Progh/Code/Project_RetroGame/Oplevering/EindProject_FPGA.runs/blk_mem_gen_15_synth_1/blk_mem_gen_15_sim_netlist.v.
INFO: [IP_Flow 19-6928] IPCACHE: copied cached file c:/Progh/Code/Project_RetroGame/Oplevering/EindProject_FPGA.cache/ip/2024.1/b/8/b8b0ac0a2f09deea/blk_mem_gen_15_sim_netlist.vhdl to C:/Progh/Code/Project_RetroGame/Oplevering/EindProject_FPGA.runs/blk_mem_gen_15_synth_1/blk_mem_gen_15_sim_netlist.vhdl.
INFO: [IP_Flow 19-6928] IPCACHE: copied cached file c:/Progh/Code/Project_RetroGame/Oplevering/EindProject_FPGA.cache/ip/2024.1/b/8/b8b0ac0a2f09deea/blk_mem_gen_15_stub.v to C:/Progh/Code/Project_RetroGame/Oplevering/EindProject_FPGA.runs/blk_mem_gen_15_synth_1/blk_mem_gen_15_stub.v.
INFO: [IP_Flow 19-6928] IPCACHE: copied cached file c:/Progh/Code/Project_RetroGame/Oplevering/EindProject_FPGA.cache/ip/2024.1/b/8/b8b0ac0a2f09deea/blk_mem_gen_15_stub.vhdl to C:/Progh/Code/Project_RetroGame/Oplevering/EindProject_FPGA.runs/blk_mem_gen_15_synth_1/blk_mem_gen_15_stub.vhdl.
INFO: [IP_Flow 19-4838] Using cached IP synthesis design for IP blk_mem_gen_15, cache-ID = b8b0ac0a2f09deea.
INFO: [Common 17-206] Exiting Vivado at Thu Apr 10 08:15:27 2025...
