Copyright 1986-2022 Xilinx, Inc. All Rights Reserved. Copyright 2022-2024 Advanced Micro Devices, Inc. All Rights Reserved.
---------------------------------------------------------------------------------------------------------------------------------------------
| Tool Version : Vivado v.2024.1 (win64) Build 5076996 Wed May 22 18:37:14 MDT 2024
| Date         : Tue Mar 18 11:00:52 2025
| Host         : DESKTOP-H0VVJ00 running 64-bit major release  (build 9200)
| Command      : report_control_sets -verbose -file DVI_Top_control_sets_placed.rpt
| Design       : DVI_Top
| Device       : xc7a35t
---------------------------------------------------------------------------------------------------------------------------------------------

Control Set Information

Table of Contents
-----------------
1. Summary
2. Histogram
3. Flip-Flop Distribution
4. Detailed Control Set Information

1. Summary
----------

+----------------------------------------------------------+-------+
|                          Status                          | Count |
+----------------------------------------------------------+-------+
| Total control sets                                       |     7 |
|    Minimum number of control sets                        |     7 |
|    Addition due to synthesis replication                 |     0 |
|    Addition due to physical synthesis replication        |     0 |
| Unused register locations in slices containing registers |    35 |
+----------------------------------------------------------+-------+
* Control sets can be merged at opt_design using control_set_merge or merge_equivalent_drivers
** Run report_qor_suggestions for automated merging and remapping suggestions


2. Histogram
------------

+--------------------+-------+
|       Fanout       | Count |
+--------------------+-------+
| Total control sets |     7 |
| >= 0 to < 4        |     2 |
| >= 4 to < 6        |     0 |
| >= 6 to < 8        |     1 |
| >= 8 to < 10       |     1 |
| >= 10 to < 12      |     1 |
| >= 12 to < 14      |     1 |
| >= 14 to < 16      |     0 |
| >= 16              |     1 |
+--------------------+-------+
* Control sets can be remapped at either synth_design or opt_design


3. Flip-Flop Distribution
-------------------------

+--------------+-----------------------+------------------------+-----------------+--------------+
| Clock Enable | Synchronous Set/Reset | Asynchronous Set/Reset | Total Registers | Total Slices |
+--------------+-----------------------+------------------------+-----------------+--------------+
| No           | No                    | No                     |               6 |            5 |
| No           | No                    | Yes                    |               0 |            0 |
| No           | Yes                   | No                     |              34 |           10 |
| Yes          | No                    | No                     |              12 |            3 |
| Yes          | No                    | Yes                    |               0 |            0 |
| Yes          | Yes                   | No                     |               9 |            3 |
+--------------+-----------------------+------------------------+-----------------+--------------+


4. Detailed Control Set Information
-----------------------------------

+---------------------------------+---------------------------------------+--------------------------------------------+------------------+----------------+--------------+
|           Clock Signal          |             Enable Signal             |              Set/Reset Signal              | Slice Load Count | Bel Load Count | Bels / Slice |
+---------------------------------+---------------------------------------+--------------------------------------------+------------------+----------------+--------------+
|  prescaler_instance/inst/clk_25 |                                       | dvi_driver_inst/hsync_internal_i_1_n_0     |                1 |              1 |         1.00 |
|  prescaler_instance/inst/clk_25 |                                       | dvi_driver_inst/vsync_internal_i_1_n_0     |                1 |              1 |         1.00 |
|  prescaler_instance/inst/clk_25 |                                       |                                            |                5 |              6 |         1.20 |
|  prescaler_instance/inst/clk_25 | dvi_driver_inst/vcount_int[9]_i_2_n_0 | dvi_driver_inst/vcount_int[9]_i_1_n_0      |                3 |              9 |         3.00 |
|  prescaler_instance/inst/clk_25 |                                       | dvi_driver_inst/p_0_in                     |                2 |             10 |         5.00 |
|  prescaler_instance/inst/clk_25 | pixel_gen_inst/PixelAan_i_1_n_0       |                                            |                3 |             12 |         4.00 |
|  prescaler_instance/inst/clk_25 |                                       | pixel_gen_inst/divider_counter[21]_i_1_n_0 |                6 |             22 |         3.67 |
+---------------------------------+---------------------------------------+--------------------------------------------+------------------+----------------+--------------+


