Copyright 1986-2022 Xilinx, Inc. All Rights Reserved. Copyright 2022-2024 Advanced Micro Devices, Inc. All Rights Reserved.
-----------------------------------------------------------------------------------------------------------------------------------------------------------
| Tool Version : Vivado v.2024.1 (win64) Build 5076996 Wed May 22 18:37:14 MDT 2024
| Date         : Wed Feb 26 14:14:33 2025
| Host         : DESKTOP-H0VVJ00 running 64-bit major release  (build 9200)
| Command      : report_methodology -file DVI_Top_methodology_drc_routed.rpt -pb DVI_Top_methodology_drc_routed.pb -rpx DVI_Top_methodology_drc_routed.rpx
| Design       : DVI_Top
| Device       : xc7a35tcpg236-1
| Speed File   : -1
| Design State : Fully Routed
-----------------------------------------------------------------------------------------------------------------------------------------------------------

Report Methodology

Table of Contents
-----------------
1. REPORT SUMMARY
2. REPORT DETAILS

1. REPORT SUMMARY
-----------------
            Netlist: netlist
          Floorplan: design_1
      Design limits: <entire design considered>
             Max violations: <unlimited>
             Violations found: 39
+----------+----------+------------------------------------------+------------+
| Rule     | Severity | Description                              | Violations |
+----------+----------+------------------------------------------+------------+
| SYNTH-10 | Warning  | Wide multiplier                          | 30         |
| SYNTH-14 | Warning  | DSP cannot absorb non-zero init register | 9          |
+----------+----------+------------------------------------------+------------+

2. REPORT DETAILS
-----------------
SYNTH-10#1 Warning
Wide multiplier  
Detected multiplier at pixel_gen_inst/circle_rect_collision1 of size 15x18, it is decomposed from a wide multipler into 4 DSP blocks.
Related violations: <none>

SYNTH-10#2 Warning
Wide multiplier  
Detected multiplier at pixel_gen_inst/circle_rect_collision1__0 of size 18x18, it is decomposed from a wide multipler into 4 DSP blocks.
Related violations: <none>

SYNTH-10#3 Warning
Wide multiplier  
Detected multiplier at pixel_gen_inst/circle_rect_collision1__1 of size 18x15, it is decomposed from a wide multipler into 4 DSP blocks.
Related violations: <none>

SYNTH-10#4 Warning
Wide multiplier  
Detected multiplier at pixel_gen_inst/circle_rect_collision1__10 of size 18x15, it is decomposed from a wide multipler into 4 DSP blocks.
Related violations: <none>

SYNTH-10#5 Warning
Wide multiplier  
Detected multiplier at pixel_gen_inst/circle_rect_collision1__11 of size 15x18, it is decomposed from a wide multipler into 4 DSP blocks.
Related violations: <none>

SYNTH-10#6 Warning
Wide multiplier  
Detected multiplier at pixel_gen_inst/circle_rect_collision1__12 of size 18x18, it is decomposed from a wide multipler into 4 DSP blocks.
Related violations: <none>

SYNTH-10#7 Warning
Wide multiplier  
Detected multiplier at pixel_gen_inst/circle_rect_collision1__13 of size 18x15, it is decomposed from a wide multipler into 4 DSP blocks.
Related violations: <none>

SYNTH-10#8 Warning
Wide multiplier  
Detected multiplier at pixel_gen_inst/circle_rect_collision1__14 of size 15x18, it is decomposed from a wide multipler into 4 DSP blocks.
Related violations: <none>

SYNTH-10#9 Warning
Wide multiplier  
Detected multiplier at pixel_gen_inst/circle_rect_collision1__15 of size 18x18, it is decomposed from a wide multipler into 4 DSP blocks.
Related violations: <none>

SYNTH-10#10 Warning
Wide multiplier  
Detected multiplier at pixel_gen_inst/circle_rect_collision1__16 of size 18x15, it is decomposed from a wide multipler into 4 DSP blocks.
Related violations: <none>

SYNTH-10#11 Warning
Wide multiplier  
Detected multiplier at pixel_gen_inst/circle_rect_collision1__17 of size 15x18, it is decomposed from a wide multipler into 4 DSP blocks.
Related violations: <none>

SYNTH-10#12 Warning
Wide multiplier  
Detected multiplier at pixel_gen_inst/circle_rect_collision1__18 of size 15x18, it is decomposed from a wide multipler into 4 DSP blocks.
Related violations: <none>

SYNTH-10#13 Warning
Wide multiplier  
Detected multiplier at pixel_gen_inst/circle_rect_collision1__19 of size 18x18, it is decomposed from a wide multipler into 4 DSP blocks.
Related violations: <none>

SYNTH-10#14 Warning
Wide multiplier  
Detected multiplier at pixel_gen_inst/circle_rect_collision1__2 of size 15x18, it is decomposed from a wide multipler into 4 DSP blocks.
Related violations: <none>

SYNTH-10#15 Warning
Wide multiplier  
Detected multiplier at pixel_gen_inst/circle_rect_collision1__20 of size 18x15, it is decomposed from a wide multipler into 4 DSP blocks.
Related violations: <none>

SYNTH-10#16 Warning
Wide multiplier  
Detected multiplier at pixel_gen_inst/circle_rect_collision1__21 of size 18x18, it is decomposed from a wide multipler into 4 DSP blocks.
Related violations: <none>

SYNTH-10#17 Warning
Wide multiplier  
Detected multiplier at pixel_gen_inst/circle_rect_collision1__22 of size 18x15, it is decomposed from a wide multipler into 4 DSP blocks.
Related violations: <none>

SYNTH-10#18 Warning
Wide multiplier  
Detected multiplier at pixel_gen_inst/circle_rect_collision1__23 of size 15x18, it is decomposed from a wide multipler into 4 DSP blocks.
Related violations: <none>

SYNTH-10#19 Warning
Wide multiplier  
Detected multiplier at pixel_gen_inst/circle_rect_collision1__24 of size 18x18, it is decomposed from a wide multipler into 4 DSP blocks.
Related violations: <none>

SYNTH-10#20 Warning
Wide multiplier  
Detected multiplier at pixel_gen_inst/circle_rect_collision1__25 of size 18x15, it is decomposed from a wide multipler into 4 DSP blocks.
Related violations: <none>

SYNTH-10#21 Warning
Wide multiplier  
Detected multiplier at pixel_gen_inst/circle_rect_collision1__26 of size 15x18, it is decomposed from a wide multipler into 4 DSP blocks.
Related violations: <none>

SYNTH-10#22 Warning
Wide multiplier  
Detected multiplier at pixel_gen_inst/circle_rect_collision1__27 of size 18x18, it is decomposed from a wide multipler into 4 DSP blocks.
Related violations: <none>

SYNTH-10#23 Warning
Wide multiplier  
Detected multiplier at pixel_gen_inst/circle_rect_collision1__28 of size 18x15, it is decomposed from a wide multipler into 4 DSP blocks.
Related violations: <none>

SYNTH-10#24 Warning
Wide multiplier  
Detected multiplier at pixel_gen_inst/circle_rect_collision1__3 of size 18x18, it is decomposed from a wide multipler into 4 DSP blocks.
Related violations: <none>

SYNTH-10#25 Warning
Wide multiplier  
Detected multiplier at pixel_gen_inst/circle_rect_collision1__4 of size 18x15, it is decomposed from a wide multipler into 4 DSP blocks.
Related violations: <none>

SYNTH-10#26 Warning
Wide multiplier  
Detected multiplier at pixel_gen_inst/circle_rect_collision1__5 of size 15x18, it is decomposed from a wide multipler into 4 DSP blocks.
Related violations: <none>

SYNTH-10#27 Warning
Wide multiplier  
Detected multiplier at pixel_gen_inst/circle_rect_collision1__6 of size 18x18, it is decomposed from a wide multipler into 4 DSP blocks.
Related violations: <none>

SYNTH-10#28 Warning
Wide multiplier  
Detected multiplier at pixel_gen_inst/circle_rect_collision1__7 of size 18x15, it is decomposed from a wide multipler into 4 DSP blocks.
Related violations: <none>

SYNTH-10#29 Warning
Wide multiplier  
Detected multiplier at pixel_gen_inst/circle_rect_collision1__8 of size 15x18, it is decomposed from a wide multipler into 4 DSP blocks.
Related violations: <none>

SYNTH-10#30 Warning
Wide multiplier  
Detected multiplier at pixel_gen_inst/circle_rect_collision1__9 of size 18x18, it is decomposed from a wide multipler into 4 DSP blocks.
Related violations: <none>

SYNTH-14#1 Warning
DSP cannot absorb non-zero init register  
Register pixel_gen_inst/square_x_reg[4] cannot be absorbed into DSP block due to its non-zero INIT value.
Related violations: <none>

SYNTH-14#2 Warning
DSP cannot absorb non-zero init register  
Register pixel_gen_inst/square_x_reg[6] cannot be absorbed into DSP block due to its non-zero INIT value.
Related violations: <none>

SYNTH-14#3 Warning
DSP cannot absorb non-zero init register  
Register pixel_gen_inst/square_x_reg[7] cannot be absorbed into DSP block due to its non-zero INIT value.
Related violations: <none>

SYNTH-14#4 Warning
DSP cannot absorb non-zero init register  
Register pixel_gen_inst/square_x_reg[8] cannot be absorbed into DSP block due to its non-zero INIT value.
Related violations: <none>

SYNTH-14#5 Warning
DSP cannot absorb non-zero init register  
Register pixel_gen_inst/square_y_reg[0] cannot be absorbed into DSP block due to its non-zero INIT value.
Related violations: <none>

SYNTH-14#6 Warning
DSP cannot absorb non-zero init register  
Register pixel_gen_inst/square_y_reg[1] cannot be absorbed into DSP block due to its non-zero INIT value.
Related violations: <none>

SYNTH-14#7 Warning
DSP cannot absorb non-zero init register  
Register pixel_gen_inst/square_y_reg[2] cannot be absorbed into DSP block due to its non-zero INIT value.
Related violations: <none>

SYNTH-14#8 Warning
DSP cannot absorb non-zero init register  
Register pixel_gen_inst/square_y_reg[3] cannot be absorbed into DSP block due to its non-zero INIT value.
Related violations: <none>

SYNTH-14#9 Warning
DSP cannot absorb non-zero init register  
Register pixel_gen_inst/square_y_reg[8] cannot be absorbed into DSP block due to its non-zero INIT value.
Related violations: <none>


