Copyright 1986-2022 Xilinx, Inc. All Rights Reserved. Copyright 2022-2024 Advanced Micro Devices, Inc. All Rights Reserved.
-----------------------------------------------------------------------------------------------------------------------------------------------------------
| Tool Version : Vivado v.2024.1 (win64) Build 5076996 Wed May 22 18:37:14 MDT 2024
| Date         : Wed Mar 19 14:43:15 2025
| Host         : DESKTOP-H0VVJ00 running 64-bit major release  (build 9200)
| Command      : report_methodology -file DVI_Top_methodology_drc_routed.rpt -pb DVI_Top_methodology_drc_routed.pb -rpx DVI_Top_methodology_drc_routed.rpx
| Design       : DVI_Top
| Device       : xc7a35tcpg236-1
| Speed File   : -1
| Design State : Fully Routed
-----------------------------------------------------------------------------------------------------------------------------------------------------------

Report Methodology

Table of Contents
-----------------
1. REPORT SUMMARY
2. REPORT DETAILS

1. REPORT SUMMARY
-----------------
            Netlist: netlist
          Floorplan: design_1
      Design limits: <entire design considered>
             Max violations: <unlimited>
             Violations found: 22
+-----------+------------------+-----------------------------+------------+
| Rule      | Severity         | Description                 | Violations |
+-----------+------------------+-----------------------------+------------+
| TIMING-17 | Critical Warning | Non-clocked sequential cell | 22         |
+-----------+------------------+-----------------------------+------------+

2. REPORT DETAILS
-----------------
TIMING-17#1 Critical Warning
Non-clocked sequential cell  
The clock pin pixel_gen_inst/DisplayLevel_inst/ControlChar_inst/RICHTING_S_reg/C is not reached by a timing clock
Related violations: <none>

TIMING-17#2 Critical Warning
Non-clocked sequential cell  
The clock pin pixel_gen_inst/DisplayLevel_inst/ControlChar_inst/X_OutS_reg[0]/C is not reached by a timing clock
Related violations: <none>

TIMING-17#3 Critical Warning
Non-clocked sequential cell  
The clock pin pixel_gen_inst/DisplayLevel_inst/ControlChar_inst/X_OutS_reg[1]/C is not reached by a timing clock
Related violations: <none>

TIMING-17#4 Critical Warning
Non-clocked sequential cell  
The clock pin pixel_gen_inst/DisplayLevel_inst/ControlChar_inst/X_OutS_reg[2]/C is not reached by a timing clock
Related violations: <none>

TIMING-17#5 Critical Warning
Non-clocked sequential cell  
The clock pin pixel_gen_inst/DisplayLevel_inst/ControlChar_inst/X_OutS_reg[3]/C is not reached by a timing clock
Related violations: <none>

TIMING-17#6 Critical Warning
Non-clocked sequential cell  
The clock pin pixel_gen_inst/DisplayLevel_inst/ControlChar_inst/X_OutS_reg[4]/C is not reached by a timing clock
Related violations: <none>

TIMING-17#7 Critical Warning
Non-clocked sequential cell  
The clock pin pixel_gen_inst/DisplayLevel_inst/ControlChar_inst/X_OutS_reg[5]/C is not reached by a timing clock
Related violations: <none>

TIMING-17#8 Critical Warning
Non-clocked sequential cell  
The clock pin pixel_gen_inst/DisplayLevel_inst/ControlChar_inst/X_OutS_reg[6]/C is not reached by a timing clock
Related violations: <none>

TIMING-17#9 Critical Warning
Non-clocked sequential cell  
The clock pin pixel_gen_inst/DisplayLevel_inst/ControlChar_inst/X_OutS_reg[7]/C is not reached by a timing clock
Related violations: <none>

TIMING-17#10 Critical Warning
Non-clocked sequential cell  
The clock pin pixel_gen_inst/DisplayLevel_inst/ControlChar_inst/X_OutS_reg[8]/C is not reached by a timing clock
Related violations: <none>

TIMING-17#11 Critical Warning
Non-clocked sequential cell  
The clock pin pixel_gen_inst/DisplayLevel_inst/ControlChar_inst/X_OutS_reg[9]/C is not reached by a timing clock
Related violations: <none>

TIMING-17#12 Critical Warning
Non-clocked sequential cell  
The clock pin pixel_gen_inst/DisplayLevel_inst/ControlChar_inst/Y_Dir_reg[8]/C is not reached by a timing clock
Related violations: <none>

TIMING-17#13 Critical Warning
Non-clocked sequential cell  
The clock pin pixel_gen_inst/DisplayLevel_inst/ControlChar_inst/Y_OutS_reg[0]/C is not reached by a timing clock
Related violations: <none>

TIMING-17#14 Critical Warning
Non-clocked sequential cell  
The clock pin pixel_gen_inst/DisplayLevel_inst/ControlChar_inst/Y_OutS_reg[1]/C is not reached by a timing clock
Related violations: <none>

TIMING-17#15 Critical Warning
Non-clocked sequential cell  
The clock pin pixel_gen_inst/DisplayLevel_inst/ControlChar_inst/Y_OutS_reg[2]/C is not reached by a timing clock
Related violations: <none>

TIMING-17#16 Critical Warning
Non-clocked sequential cell  
The clock pin pixel_gen_inst/DisplayLevel_inst/ControlChar_inst/Y_OutS_reg[3]/C is not reached by a timing clock
Related violations: <none>

TIMING-17#17 Critical Warning
Non-clocked sequential cell  
The clock pin pixel_gen_inst/DisplayLevel_inst/ControlChar_inst/Y_OutS_reg[4]/C is not reached by a timing clock
Related violations: <none>

TIMING-17#18 Critical Warning
Non-clocked sequential cell  
The clock pin pixel_gen_inst/DisplayLevel_inst/ControlChar_inst/Y_OutS_reg[5]/C is not reached by a timing clock
Related violations: <none>

TIMING-17#19 Critical Warning
Non-clocked sequential cell  
The clock pin pixel_gen_inst/DisplayLevel_inst/ControlChar_inst/Y_OutS_reg[6]/C is not reached by a timing clock
Related violations: <none>

TIMING-17#20 Critical Warning
Non-clocked sequential cell  
The clock pin pixel_gen_inst/DisplayLevel_inst/ControlChar_inst/Y_OutS_reg[7]/C is not reached by a timing clock
Related violations: <none>

TIMING-17#21 Critical Warning
Non-clocked sequential cell  
The clock pin pixel_gen_inst/DisplayLevel_inst/ControlChar_inst/Y_OutS_reg[8]/C is not reached by a timing clock
Related violations: <none>

TIMING-17#22 Critical Warning
Non-clocked sequential cell  
The clock pin pixel_gen_inst/DisplayLevel_inst/ControlChar_inst/Y_OutS_reg[9]/C is not reached by a timing clock
Related violations: <none>


