Archive member included to satisfy reference by file (symbol)

app/libapp.a(main.c.obj)      (--whole-archive)
zephyr/libzephyr.a(heap.c.obj)
                              (--whole-archive)
zephyr/libzephyr.a(cbprintf_packaged.c.obj)
                              (--whole-archive)
zephyr/libzephyr.a(printk.c.obj)
                              (--whole-archive)
zephyr/libzephyr.a(sem.c.obj)
                              (--whole-archive)
zephyr/libzephyr.a(thread_entry.c.obj)
                              (--whole-archive)
zephyr/libzephyr.a(cbprintf_complete.c.obj)
                              (--whole-archive)
zephyr/libzephyr.a(assert.c.obj)
                              (--whole-archive)
zephyr/libzephyr.a(reboot.c.obj)
                              (--whole-archive)
zephyr/libzephyr.a(dec.c.obj)
                              (--whole-archive)
zephyr/libzephyr.a(hex.c.obj)
                              (--whole-archive)
zephyr/libzephyr.a(rb.c.obj)  (--whole-archive)
zephyr/libzephyr.a(timeutil.c.obj)
                              (--whole-archive)
zephyr/libzephyr.a(bitarray.c.obj)
                              (--whole-archive)
zephyr/libzephyr.a(configs.c.obj)
                              (--whole-archive)
zephyr/libzephyr.a(stm32cube_hal.c.obj)
                              (--whole-archive)
zephyr/libzephyr.a(soc_config.c.obj)
                              (--whole-archive)
zephyr/libzephyr.a(soc.c.obj)
                              (--whole-archive)
zephyr/libzephyr.a(tracing_none.c.obj)
                              (--whole-archive)
zephyr/arch/common/libarch__common.a(sw_isr_common.c.obj)
                              (--whole-archive)
zephyr/arch/arch/arm/core/libarch__arm__core.a(fatal.c.obj)
                              (--whole-archive)
zephyr/arch/arch/arm/core/libarch__arm__core.a(nmi.c.obj)
                              (--whole-archive)
zephyr/arch/arch/arm/core/libarch__arm__core.a(nmi_on_reset.S.obj)
                              (--whole-archive)
zephyr/arch/arch/arm/core/libarch__arm__core.a(tls.c.obj)
                              (--whole-archive)
zephyr/arch/arch/arm/core/cortex_m/libarch__arm__core__cortex_m.a(exc_exit.c.obj)
                              (--whole-archive)
zephyr/arch/arch/arm/core/cortex_m/libarch__arm__core__cortex_m.a(fault.c.obj)
                              (--whole-archive)
zephyr/arch/arch/arm/core/cortex_m/libarch__arm__core__cortex_m.a(fault_s.S.obj)
                              (--whole-archive)
zephyr/arch/arch/arm/core/cortex_m/libarch__arm__core__cortex_m.a(fpu.c.obj)
                              (--whole-archive)
zephyr/arch/arch/arm/core/cortex_m/libarch__arm__core__cortex_m.a(reset.S.obj)
                              (--whole-archive)
zephyr/arch/arch/arm/core/cortex_m/libarch__arm__core__cortex_m.a(scb.c.obj)
                              (--whole-archive)
zephyr/arch/arch/arm/core/cortex_m/libarch__arm__core__cortex_m.a(thread_abort.c.obj)
                              (--whole-archive)
zephyr/arch/arch/arm/core/cortex_m/libarch__arm__core__cortex_m.a(vector_table.S.obj)
                              (--whole-archive)
zephyr/arch/arch/arm/core/cortex_m/libarch__arm__core__cortex_m.a(swap.c.obj)
                              (--whole-archive)
zephyr/arch/arch/arm/core/cortex_m/libarch__arm__core__cortex_m.a(swap_helper.S.obj)
                              (--whole-archive)
zephyr/arch/arch/arm/core/cortex_m/libarch__arm__core__cortex_m.a(irq_manage.c.obj)
                              (--whole-archive)
zephyr/arch/arch/arm/core/cortex_m/libarch__arm__core__cortex_m.a(prep_c.c.obj)
                              (--whole-archive)
zephyr/arch/arch/arm/core/cortex_m/libarch__arm__core__cortex_m.a(thread.c.obj)
                              (--whole-archive)
zephyr/arch/arch/arm/core/cortex_m/libarch__arm__core__cortex_m.a(cpu_idle.c.obj)
                              (--whole-archive)
zephyr/arch/arch/arm/core/cortex_m/libarch__arm__core__cortex_m.a(irq_init.c.obj)
                              (--whole-archive)
zephyr/arch/arch/arm/core/cortex_m/libarch__arm__core__cortex_m.a(isr_wrapper.c.obj)
                              (--whole-archive)
zephyr/arch/arch/arm/core/cortex_m/libarch__arm__core__cortex_m.a(__aeabi_read_tp.S.obj)
                              (--whole-archive)
zephyr/lib/libc/picolibc/liblib__libc__picolibc.a(libc-hooks.c.obj)
                              (--whole-archive)
zephyr/lib/libc/common/liblib__libc__common.a(abort.c.obj)
                              (--whole-archive)
zephyr/lib/libc/common/liblib__libc__common.a(malloc.c.obj)
                              (--whole-archive)
zephyr/drivers/interrupt_controller/libdrivers__interrupt_controller.a(intc_exti_stm32.c.obj)
                              (--whole-archive)
zephyr/drivers/clock_control/libdrivers__clock_control.a(clock_stm32_ll_common.c.obj)
                              (--whole-archive)
[...]
Memory Configuration

Name             Origin             Length             Attributes
FLASH            0x0000000008000000 0x0000000000040000 xr
RAM              0x0000000020000000 0x0000000000008000 xw
IDT_LIST         0x00000000ffff7fff 0x0000000000008000 xw
*default*        0x0000000000000000 0xffffffffffffffff

Linker script and memory map

                0x0000000008003080                vfprintf = __l_vfprintf
                0x0000000000000000                vfscanf = __l_vfscanf
LOAD zephyr/CMakeFiles/zephyr_pre0.dir/misc/empty_file.c.obj
LOAD zephyr/CMakeFiles/offsets.dir/./arch/arm/core/offsets/offsets.c.obj
LOAD app/libapp.a
LOAD zephyr/libzephyr.a
LOAD zephyr/arch/common/libarch__common.a
LOAD zephyr/arch/arch/arm/core/libarch__arm__core.a
LOAD zephyr/arch/arch/arm/core/cortex_m/libarch__arm__core__cortex_m.a
LOAD zephyr/lib/libc/picolibc/liblib__libc__picolibc.a
LOAD zephyr/lib/libc/common/liblib__libc__common.a
LOAD zephyr/drivers/interrupt_controller/libdrivers__interrupt_controller.a
LOAD zephyr/drivers/clock_control/libdrivers__clock_control.a
LOAD zephyr/drivers/console/libdrivers__console.a
LOAD zephyr/drivers/gpio/libdrivers__gpio.a
LOAD zephyr/drivers/pinctrl/libdrivers__pinctrl.a
LOAD zephyr/drivers/reset/libdrivers__reset.a
LOAD zephyr/drivers/serial/libdrivers__serial.a
LOAD zephyr/drivers/spi/libdrivers__spi.a
LOAD zephyr/drivers/timer/libdrivers__timer.a
LOAD modules/hal_stm32/stm32cube/lib..__modules__hal__stm32__stm32cube.a
LOAD zephyr/kernel/libkernel.a
LOAD c:/users/julien/zephyr-sdk-0.16.8/arm-zephyr-eabi/bin/../lib/gcc/arm-zephyr-eabi/12.2.0/thumb/v6-m/nofp\libgcc.a
LOAD zephyr/arch/common/libisr_tables.a
LOAD c:\users\julien\zephyr-sdk-0.16.8\arm-zephyr-eabi\bin\../lib/gcc/../../picolibc/arm-zephyr-eabi/lib/thumb/v6-m/nofp\libc.a
LOAD c:/users/julien/zephyr-sdk-0.16.8/arm-zephyr-eabi/bin/../lib/gcc/arm-zephyr-eabi/12.2.0/thumb/v6-m/nofp\libgcc.a
                0x0000000000000004                _region_min_align = 0x4

.rel.plt        0x0000000008000000        0x0
 *(SORT_BY_ALIGNMENT(.rel.plt))
                [!provide]                        PROVIDE (__rel_iplt_start = .)
 *(SORT_BY_ALIGNMENT(.rel.iplt))
 .rel.iplt      0x0000000008000000        0x0 app/libapp.a(main.c.obj)
                [!provide]                        PROVIDE (__rel_iplt_end = .)

.rela.plt       0x0000000000000000        0x0
 *(SORT_BY_ALIGNMENT(.rela.plt))
                [!provide]                        PROVIDE (__rela_iplt_start = .)
 *(SORT_BY_ALIGNMENT(.rela.iplt))
                [!provide]                        PROVIDE (__rela_iplt_end = .)

.rel.dyn
 *(SORT_BY_ALIGNMENT(.rel.*))

.rela.dyn
 *(SORT_BY_ALIGNMENT(.rela.*))

/DISCARD/
 *(SORT_BY_ALIGNMENT(.plt))

/DISCARD/
 *(SORT_BY_ALIGNMENT(.iplt))
                0x0000000008000000                __rom_region_start = 0x8000000

rom_start       0x0000000008000000       0xbc
                0x0000000008000000                __rom_start_address = .
 FILL mask 0x00
                0x0000000008000000                . = (. + (0x0 - (. - __rom_start_address)))
                0x0000000008000000                . = ALIGN (0x4)
                0x0000000008000000                _vector_start = .
 *(SORT_BY_ALIGNMENT(.exc_vector_table))
 *(SORT_BY_ALIGNMENT(.exc_vector_table.*))
 .exc_vector_table._vector_table_section
                0x0000000008000000       0x40 zephyr/arch/arch/arm/core/cortex_m/libarch__arm__core__cortex_m.a(vector_table.S.obj)
                0x0000000008000000                _vector_table
 *(SORT_BY_ALIGNMENT(.vectors))
                0x00000000080000bc                _vector_end = .
                0x0000000008000040                . = ALIGN (0x4)
 *(SORT_BY_ALIGNMENT(.gnu.linkonce.irq_vector_table*))
 .gnu.linkonce.irq_vector_table
                0x0000000008000040       0x7c zephyr/arch/common/libisr_tables.a(isr_tables.c.obj)
                0x0000000008000040                _irq_vector_table
                0x00000000080000bc                _vector_end = .

text            0x00000000080000bc     0x4490
                0x00000000080000bc                __text_region_start = .
 *(SORT_BY_ALIGNMENT(.text))
 .text          0x00000000080000bc       0x14 c:/users/julien/zephyr-sdk-0.16.8/arm-zephyr-eabi/bin/../lib/gcc/arm-zephyr-eabi/12.2.0/thumb/v6-m/nofp\libgcc.a(_thumb1_case_uqi.o)
                0x00000000080000bc                __gnu_thumb1_case_uqi
 .text          0x00000000080000d0       0x8c c:/users/julien/zephyr-sdk-0.16.8/arm-zephyr-eabi/bin/../lib/gcc/arm-zephyr-eabi/12.2.0/thumb/v6-m/nofp\libgcc.a(_udivsi3.o)
                0x00000000080000d0                __aeabi_uidiv
                0x00000000080000d0                __udivsi3
                0x0000000008000148                __aeabi_uidivmod
 .text          0x000000000800015c        0x4 c:/users/julien/zephyr-sdk-0.16.8/arm-zephyr-eabi/bin/../lib/gcc/arm-zephyr-eabi/12.2.0/thumb/v6-m/nofp\libgcc.a(_dvmd_tls.o)
                0x000000000800015c                __aeabi_idiv0
                0x000000000800015c                __aeabi_ldiv0
 .text          0x0000000008000160       0x3c c:/users/julien/zephyr-sdk-0.16.8/arm-zephyr-eabi/bin/../lib/gcc/arm-zephyr-eabi/12.2.0/thumb/v6-m/nofp\libgcc.a(_clzsi2.o)
                0x0000000008000160                __clzsi2
 .text          0x000000000800019c       0x40 c:/users/julien/zephyr-sdk-0.16.8/arm-zephyr-eabi/bin/../lib/gcc/arm-zephyr-eabi/12.2.0/thumb/v6-m/nofp\libgcc.a(_aeabi_uldivmod.o)
                0x000000000800019c                __aeabi_uldivmod
 .text          0x00000000080001dc       0x18 c:/users/julien/zephyr-sdk-0.16.8/arm-zephyr-eabi/bin/../lib/gcc/arm-zephyr-eabi/12.2.0/thumb/v6-m/nofp\libgcc.a(_lshrdi3.o)
                0x00000000080001dc                __lshrdi3
                0x00000000080001dc                __aeabi_llsr
 .text          0x00000000080001f4       0x18 c:/users/julien/zephyr-sdk-0.16.8/arm-zephyr-eabi/bin/../lib/gcc/arm-zephyr-eabi/12.2.0/thumb/v6-m/nofp\libgcc.a(_ashldi3.o)
                0x00000000080001f4                __aeabi_llsl
                0x00000000080001f4                __ashldi3
 .text          0x000000000800020c       0x18 c:/users/julien/zephyr-sdk-0.16.8/arm-zephyr-eabi/bin/../lib/gcc/arm-zephyr-eabi/12.2.0/thumb/v6-m/nofp\libgcc.a(_clzdi2.o)
                0x000000000800020c                __clzdi2
 .text          0x0000000008000224       0x44 c:/users/julien/zephyr-sdk-0.16.8/arm-zephyr-eabi/bin/../lib/gcc/arm-zephyr-eabi/12.2.0/thumb/v6-m/nofp\libgcc.a(_muldi3.o)
                0x0000000008000224                __muldi3
                0x0000000008000224                __aeabi_lmul
 .text          0x0000000008000268       0xde c:/users/julien/zephyr-sdk-0.16.8/arm-zephyr-eabi/bin/../lib/gcc/arm-zephyr-eabi/12.2.0/thumb/v6-m/nofp\libgcc.a(_udivmoddi4.o)
                0x0000000008000268                __udivmoddi4
 *(SORT_BY_ALIGNMENT(.text.*))
 *fill*         0x0000000008000346        0x2 
 .text.yCollisionCheck1
                0x0000000008000348       0x9c app/libapp.a(main.c.obj)
                0x0000000008000348                yCollisionCheck1
 .text.xCollisionCheck1
                0x00000000080003e4       0x64 app/libapp.a(main.c.obj)
                0x00000000080003e4                xCollisionCheck1
 .text.yBorderCheck1
                0x0000000008000448       0x54 app/libapp.a(main.c.obj)
                0x0000000008000448                yBorderCheck1
 .text.xBorderCheck1
                0x000000000800049c       0x2c app/libapp.a(main.c.obj)
                0x000000000800049c                xBorderCheck1
 .text.yCollisionCheck2
                0x00000000080004c8       0x5c app/libapp.a(main.c.obj)
                0x00000000080004c8                yCollisionCheck2
 .text.yBorderCheck2
                0x0000000008000524       0x54 app/libapp.a(main.c.obj)
                0x0000000008000524                yBorderCheck2
 .text.xBorderCheck2
                0x0000000008000578       0x24 app/libapp.a(main.c.obj)
                0x0000000008000578                xBorderCheck2
 .text.main     0x000000000800059c      0x2bc app/libapp.a(main.c.obj)
                0x000000000800059c                main
 .text.char_out
                0x0000000008000858       0x10 zephyr/libzephyr.a(printk.c.obj)
 .text.__printk_hook_install
                0x0000000008000868        0xc zephyr/libzephyr.a(printk.c.obj)
                0x0000000008000868                __printk_hook_install
 .text.vprintk  0x0000000008000874       0x30 zephyr/libzephyr.a(printk.c.obj)
                0x0000000008000874                vprintk
 .text.z_thread_entry
                0x00000000080008a4       0x30 zephyr/libzephyr.a(thread_entry.c.obj)
                0x00000000080008a4                z_thread_entry
 .text.st_stm32_common_config
                0x00000000080008d4       0x3c zephyr/libzephyr.a(soc_config.c.obj)
 .text.stm32f0_init
                0x0000000008000910       0x20 zephyr/libzephyr.a(soc.c.obj)
 .text.relocate_vector_table
                0x0000000008000930       0x2c zephyr/libzephyr.a(soc.c.obj)
                0x0000000008000930                relocate_vector_table
 .text.z_arm_nmi
                0x000000000800095c       0x14 zephyr/arch/arch/arm/core/libarch__arm__core.a(nmi.c.obj)
                0x000000000800095c                z_arm_nmi
 .text.z_SysNmiOnReset
                0x0000000008000970        0x4 zephyr/arch/arch/arm/core/libarch__arm__core.a(nmi_on_reset.S.obj)
                0x0000000008000970                z_SysNmiOnReset
 .text.arch_tls_stack_setup
                0x0000000008000974       0x38 zephyr/arch/arch/arm/core/libarch__arm__core.a(tls.c.obj)
                0x0000000008000974                arch_tls_stack_setup
 .text._HandlerModeExit
                0x00000000080009ac       0x28 zephyr/arch/arch/arm/core/cortex_m/libarch__arm__core__cortex_m.a(exc_exit.c.obj)
                0x00000000080009ac                z_arm_int_exit
                0x00000000080009ac                z_arm_exc_exit
 .text.z_arm_fault
                0x00000000080009d4       0xa8 zephyr/arch/arch/arm/core/cortex_m/libarch__arm__core__cortex_m.a(fault.c.obj)
                0x00000000080009d4                z_arm_fault
 .text.z_arm_fault_init
                0x0000000008000a7c       0x10 zephyr/arch/arch/arm/core/cortex_m/libarch__arm__core__cortex_m.a(fault.c.obj)
                0x0000000008000a7c                z_arm_fault_init
 .text.__fault  0x0000000008000a8c       0x14 zephyr/arch/arch/arm/core/cortex_m/libarch__arm__core__cortex_m.a(fault_s.S.obj)
                0x0000000008000a8c                z_arm_hard_fault
                0x0000000008000a8c                z_arm_exc_spurious
 .text._reset_section
                0x0000000008000aa0       0x28 zephyr/arch/arch/arm/core/cortex_m/libarch__arm__core__cortex_m.a(reset.S.obj)
                0x0000000008000aa0                __start
                0x0000000008000aa0                z_arm_reset
 .text.z_impl_k_thread_abort
                0x0000000008000ac8       0x38 zephyr/arch/arch/arm/core/cortex_m/libarch__arm__core__cortex_m.a(thread_abort.c.obj)
                0x0000000008000ac8                z_impl_k_thread_abort
 .text.arch_swap
                0x0000000008000b00       0x2c zephyr/arch/arch/arm/core/cortex_m/libarch__arm__core__cortex_m.a(swap.c.obj)
                0x0000000008000b00                arch_swap
 .text.z_arm_pendsv_c
                0x0000000008000b2c       0x38 zephyr/arch/arch/arm/core/cortex_m/libarch__arm__core__cortex_m.a(swap.c.obj)
                0x0000000008000b2c                z_arm_pendsv_c
 .text.z_arm_pendsv
                0x0000000008000b64       0x4c zephyr/arch/arch/arm/core/cortex_m/libarch__arm__core__cortex_m.a(swap_helper.S.obj)
                0x0000000008000b64                z_arm_pendsv
 .text.z_arm_svc
                0x0000000008000bb0       0x24 zephyr/arch/arch/arm/core/cortex_m/libarch__arm__core__cortex_m.a(swap_helper.S.obj)
                0x0000000008000bb0                z_arm_svc
 .text.arch_irq_enable
                0x0000000008000bd4       0x18 zephyr/arch/arch/arm/core/cortex_m/libarch__arm__core__cortex_m.a(irq_manage.c.obj)
                0x0000000008000bd4                arch_irq_enable
 .text.z_arm_irq_priority_set
                0x0000000008000bec       0x54 zephyr/arch/arch/arm/core/cortex_m/libarch__arm__core__cortex_m.a(irq_manage.c.obj)
                0x0000000008000bec                z_arm_irq_priority_set
 .text.arch_new_thread
                0x0000000008000c40       0x2c zephyr/arch/arch/arm/core/cortex_m/libarch__arm__core__cortex_m.a(thread.c.obj)
                0x0000000008000c40                arch_new_thread
 .text.arch_switch_to_main_thread
                0x0000000008000c6c       0x38 zephyr/arch/arch/arm/core/cortex_m/libarch__arm__core__cortex_m.a(thread.c.obj)
                0x0000000008000c6c                arch_switch_to_main_thread
 .text.z_arm_cpu_idle_init
                0x0000000008000ca4        0xc zephyr/arch/arch/arm/core/cortex_m/libarch__arm__core__cortex_m.a(cpu_idle.c.obj)
                0x0000000008000ca4                z_arm_cpu_idle_init
 .text.z_arm_interrupt_init
                0x0000000008000cb0       0x30 zephyr/arch/arch/arm/core/cortex_m/libarch__arm__core__cortex_m.a(irq_init.c.obj)
                0x0000000008000cb0                z_arm_interrupt_init
 .text._isr_wrapper
                0x0000000008000ce0       0x20 zephyr/arch/arch/arm/core/cortex_m/libarch__arm__core__cortex_m.a(isr_wrapper.c.obj)
                0x0000000008000ce0                _isr_wrapper
 .text.z_impl_zephyr_fputc
                0x0000000008000d00       0x10 zephyr/lib/libc/picolibc/liblib__libc__picolibc.a(libc-hooks.c.obj)
                0x0000000008000d00                z_impl_zephyr_fputc
 .text.__stdout_hook_install
                0x0000000008000d10       0x18 zephyr/lib/libc/picolibc/liblib__libc__picolibc.a(libc-hooks.c.obj)
                0x0000000008000d10                __stdout_hook_install
 .text.malloc_prepare
                0x0000000008000d28       0x24 zephyr/lib/libc/common/liblib__libc__common.a(malloc.c.obj)
 .text.stm32_exti_isr
                0x0000000008000d4c       0x44 zephyr/drivers/interrupt_controller/libdrivers__interrupt_controller.a(intc_exti_stm32.c.obj)
 .text.stm32_exti_init
                0x0000000008000d90       0x40 zephyr/drivers/interrupt_controller/libdrivers__interrupt_controller.a(intc_exti_stm32.c.obj)
 .text.stm32_gpio_intc_enable_line
                0x0000000008000dd0       0x30 zephyr/drivers/interrupt_controller/libdrivers__interrupt_controller.a(intc_exti_stm32.c.obj)
                0x0000000008000dd0                stm32_gpio_intc_enable_line
 .text.stm32_gpio_intc_disable_line
                0x0000000008000e00       0x10 zephyr/drivers/interrupt_controller/libdrivers__interrupt_controller.a(intc_exti_stm32.c.obj)
                0x0000000008000e00                stm32_gpio_intc_disable_line
 .text.stm32_gpio_intc_select_line_trigger
                0x0000000008000e10       0x48 zephyr/drivers/interrupt_controller/libdrivers__interrupt_controller.a(intc_exti_stm32.c.obj)
                0x0000000008000e10                stm32_gpio_intc_select_line_trigger
 .text.stm32_gpio_intc_set_irq_callback
                0x0000000008000e58       0x40 zephyr/drivers/interrupt_controller/libdrivers__interrupt_controller.a(intc_exti_stm32.c.obj)
                0x0000000008000e58                stm32_gpio_intc_set_irq_callback
 .text.stm32_gpio_intc_remove_irq_callback
                0x0000000008000e98       0x24 zephyr/drivers/interrupt_controller/libdrivers__interrupt_controller.a(intc_exti_stm32.c.obj)
                0x0000000008000e98                stm32_gpio_intc_remove_irq_callback
 .text.stm32_exti_set_line_src_port
                0x0000000008000ebc       0x24 zephyr/drivers/interrupt_controller/libdrivers__interrupt_controller.a(intc_exti_stm32.c.obj)
                0x0000000008000ebc                stm32_exti_set_line_src_port
 .text.stm32_exti_get_line_src_port
                0x0000000008000ee0       0x20 zephyr/drivers/interrupt_controller/libdrivers__interrupt_controller.a(intc_exti_stm32.c.obj)
                0x0000000008000ee0                stm32_exti_get_line_src_port
 .text.stm32_clock_control_on
                0x0000000008000f00       0x30 zephyr/drivers/clock_control/libdrivers__clock_control.a(clock_stm32_ll_common.c.obj)
 .text.stm32_clock_control_off
                0x0000000008000f30       0x24 zephyr/drivers/clock_control/libdrivers__clock_control.a(clock_stm32_ll_common.c.obj)
 .text.stm32_clock_control_configure
                0x0000000008000f54       0x5c zephyr/drivers/clock_control/libdrivers__clock_control.a(clock_stm32_ll_common.c.obj)
 .text.stm32_clock_control_get_subsys_rate
                0x0000000008000fb0       0x64 zephyr/drivers/clock_control/libdrivers__clock_control.a(clock_stm32_ll_common.c.obj)
 .text.stm32_clock_control_get_status
                0x0000000008001014       0x34 zephyr/drivers/clock_control/libdrivers__clock_control.a(clock_stm32_ll_common.c.obj)
 .text.stm32_clock_control_init
                0x0000000008001048      0x108 zephyr/drivers/clock_control/libdrivers__clock_control.a(clock_stm32_ll_common.c.obj)
                0x0000000008001048                stm32_clock_control_init
 .text.config_pll_sysclock
                0x0000000008001150       0x24 zephyr/drivers/clock_control/libdrivers__clock_control.a(clock_stm32f0_f3.c.obj)
                0x0000000008001150                config_pll_sysclock
 .text.get_pllout_frequency
                0x0000000008001174        0x8 zephyr/drivers/clock_control/libdrivers__clock_control.a(clock_stm32f0_f3.c.obj)
                0x0000000008001174                get_pllout_frequency
 .text.config_enable_default_clocks
                0x000000000800117c       0x30 zephyr/drivers/clock_control/libdrivers__clock_control.a(clock_stm32f0_f3.c.obj)
                0x000000000800117c                config_enable_default_clocks
 .text.uart_console_init
                0x00000000080011ac       0x2c zephyr/drivers/console/libdrivers__console.a(uart_console.c.obj)
 .text.console_out
                0x00000000080011d8       0x28 zephyr/drivers/console/libdrivers__console.a(uart_console.c.obj)
 .text.gpio_stm32_pin_interrupt_configure
                0x0000000008001200       0xac zephyr/drivers/gpio/libdrivers__gpio.a(gpio_stm32.c.obj)
 .text.gpio_stm32_init
                0x00000000080012ac       0x34 zephyr/drivers/gpio/libdrivers__gpio.a(gpio_stm32.c.obj)
 .text.pinctrl_configure_pins
                0x00000000080012e0       0x8c zephyr/drivers/pinctrl/libdrivers__pinctrl.a(pinctrl_stm32.c.obj)
                0x00000000080012e0                pinctrl_configure_pins
 .text.uart_stm32_set_baudrate
                0x000000000800136c       0x3c zephyr/drivers/serial/libdrivers__serial.a(uart_stm32.c.obj)
 .text.uart_stm32_irq_err_enable
                0x00000000080013a8       0x58 zephyr/drivers/serial/libdrivers__serial.a(uart_stm32.c.obj)
 .text.uart_stm32_irq_err_disable
                0x0000000008001400       0x5c zephyr/drivers/serial/libdrivers__serial.a(uart_stm32.c.obj)
 .text.uart_stm32_parameters_set
                0x000000000800145c      0x15c zephyr/drivers/serial/libdrivers__serial.a(uart_stm32.c.obj)
 .text.uart_stm32_init
                0x00000000080015b8      0x19c zephyr/drivers/serial/libdrivers__serial.a(uart_stm32.c.obj)
 .text.uart_stm32_configure
                0x0000000008001754      0x188 zephyr/drivers/serial/libdrivers__serial.a(uart_stm32.c.obj)
 .text.uart_stm32_config_get
                0x00000000080018dc       0xa4 zephyr/drivers/serial/libdrivers__serial.a(uart_stm32.c.obj)
 .text.uart_stm32_fifo_fill
                0x0000000008001980       0x60 zephyr/drivers/serial/libdrivers__serial.a(uart_stm32.c.obj)
 .text.uart_stm32_fifo_read
                0x00000000080019e0       0x50 zephyr/drivers/serial/libdrivers__serial.a(uart_stm32.c.obj)
 .text.spi_stm32_init
                0x0000000008001a30       0xd4 zephyr/drivers/spi/libdrivers__spi.a(spi_ll_stm32.c.obj)
 .text.transceive
                0x0000000008001b04      0x330 zephyr/drivers/spi/libdrivers__spi.a(spi_ll_stm32.c.obj)
 .text.elapsed  0x0000000008001e34       0x54 zephyr/drivers/timer/libdrivers__timer.a(cortex_m_systick.c.obj)
 .text.sys_clock_driver_init
                0x0000000008001e88       0x40 zephyr/drivers/timer/libdrivers__timer.a(cortex_m_systick.c.obj)
 .text.sys_clock_isr
                0x0000000008001ec8       0x44 zephyr/drivers/timer/libdrivers__timer.a(cortex_m_systick.c.obj)
                0x0000000008001ec8                sys_clock_isr
 .text.sys_clock_set_timeout
                0x0000000008001f0c       0xf4 zephyr/drivers/timer/libdrivers__timer.a(cortex_m_systick.c.obj)
                0x0000000008001f0c                sys_clock_set_timeout
 .text.sys_clock_elapsed
                0x0000000008002000       0x34 zephyr/drivers/timer/libdrivers__timer.a(cortex_m_systick.c.obj)
                0x0000000008002000                sys_clock_elapsed
 .text.sys_clock_cycle_get_32
                0x0000000008002034       0x24 zephyr/drivers/timer/libdrivers__timer.a(cortex_m_systick.c.obj)
                0x0000000008002034                sys_clock_cycle_get_32
 .text.HAL_RCC_GetSysClockFreq
                0x0000000008002058       0x6c modules/hal_stm32/stm32cube/lib..__modules__hal__stm32__stm32cube.a(stm32f0xx_hal_rcc.c.obj)
                0x0000000008002058                HAL_RCC_GetSysClockFreq
 .text.LL_SetFlashLatency
                0x00000000080020c4       0x38 modules/hal_stm32/stm32cube/lib..__modules__hal__stm32__stm32cube.a(stm32f0xx_ll_utils.c.obj)
                0x00000000080020c4                LL_SetFlashLatency
 .text.z_fatal_error
                0x00000000080020fc       0x28 zephyr/kernel/libkernel.a(fatal.c.obj)
                0x00000000080020fc                z_fatal_error
 .text.z_sys_init_run_level
                0x0000000008002124       0x30 zephyr/kernel/libkernel.a(init.c.obj)
 .text.bg_thread_main
                0x0000000008002154       0xac zephyr/kernel/libkernel.a(init.c.obj)
 .text.z_bss_zero
                0x0000000008002200       0x18 zephyr/kernel/libkernel.a(init.c.obj)
                0x0000000008002200                z_bss_zero
 .text.z_init_cpu
                0x0000000008002218       0x68 zephyr/kernel/libkernel.a(init.c.obj)
                0x0000000008002218                z_init_cpu
 .text.z_cstart
                0x0000000008002280       0xb4 zephyr/kernel/libkernel.a(init.c.obj)
                0x0000000008002280                z_cstart
 .text.z_impl_k_sem_give
                0x0000000008002334       0x44 zephyr/kernel/libkernel.a(sem.c.obj)
                0x0000000008002334                z_impl_k_sem_give
 .text.z_impl_k_sem_take
                0x0000000008002378       0x4c zephyr/kernel/libkernel.a(sem.c.obj)
                0x0000000008002378                z_impl_k_sem_take
 .text.z_setup_new_thread
                0x00000000080023c4       0x74 zephyr/kernel/libkernel.a(thread.c.obj)
                0x00000000080023c4                z_setup_new_thread
 .text.z_impl_k_thread_create
                0x0000000008002438       0x58 zephyr/kernel/libkernel.a(thread.c.obj)
                0x0000000008002438                z_impl_k_thread_create
 .text.update_cache
                0x0000000008002490       0x44 zephyr/kernel/libkernel.a(sched.c.obj)
 .text.unready_thread
                0x00000000080024d4       0x2c zephyr/kernel/libkernel.a(sched.c.obj)
 .text.ready_thread
                0x0000000008002500       0x6c zephyr/kernel/libkernel.a(sched.c.obj)
 .text.z_thread_halt
                0x000000000800256c       0xd0 zephyr/kernel/libkernel.a(sched.c.obj)
 .text.move_thread_to_end_of_prio_q
                0x000000000800263c       0x78 zephyr/kernel/libkernel.a(sched.c.obj)
                0x000000000800263c                move_thread_to_end_of_prio_q
 .text.z_pend_curr
                0x00000000080026b4       0x50 zephyr/kernel/libkernel.a(sched.c.obj)
                0x00000000080026b4                z_pend_curr
 .text.z_reschedule
                0x0000000008002704       0x2c zephyr/kernel/libkernel.a(sched.c.obj)
                0x0000000008002704                z_reschedule
 .text.z_sched_start
                0x0000000008002730       0x34 zephyr/kernel/libkernel.a(sched.c.obj)
                0x0000000008002730                z_sched_start
 .text.z_reschedule_irqlock
                0x0000000008002764       0x2c zephyr/kernel/libkernel.a(sched.c.obj)
                0x0000000008002764                z_reschedule_irqlock
 .text.k_sched_lock
                0x0000000008002790       0x20 zephyr/kernel/libkernel.a(sched.c.obj)
                0x0000000008002790                k_sched_lock
 .text.k_sched_unlock
                0x00000000080027b0       0x34 zephyr/kernel/libkernel.a(sched.c.obj)
                0x00000000080027b0                k_sched_unlock
 .text.z_sched_init
                0x00000000080027e4       0x14 zephyr/kernel/libkernel.a(sched.c.obj)
                0x00000000080027e4                z_sched_init
 .text.z_impl_k_yield
                0x00000000080027f8       0x78 zephyr/kernel/libkernel.a(sched.c.obj)
                0x00000000080027f8                z_impl_k_yield
 .text.z_tick_sleep
                0x0000000008002870       0x8c zephyr/kernel/libkernel.a(sched.c.obj)
 .text.z_impl_k_sleep
                0x00000000080028fc       0x3c zephyr/kernel/libkernel.a(sched.c.obj)
                0x00000000080028fc                z_impl_k_sleep
 .text.z_impl_k_sched_current_thread_query
                0x0000000008002938        0xc zephyr/kernel/libkernel.a(sched.c.obj)
                0x0000000008002938                z_impl_k_sched_current_thread_query
 .text.z_sched_wait
                0x0000000008002944       0x24 zephyr/kernel/libkernel.a(sched.c.obj)
                0x0000000008002944                z_sched_wait
 .text.slice_timeout
                0x0000000008002968       0x20 zephyr/kernel/libkernel.a(timeslicing.c.obj)
 .text.thread_is_sliceable
                0x0000000008002988       0x40 zephyr/kernel/libkernel.a(timeslicing.c.obj)
                0x0000000008002988                thread_is_sliceable
 .text.z_reset_time_slice
                0x00000000080029c8       0x4c zephyr/kernel/libkernel.a(timeslicing.c.obj)
                0x00000000080029c8                z_reset_time_slice
 .text.z_time_slice
                0x0000000008002a14       0x58 zephyr/kernel/libkernel.a(timeslicing.c.obj)
                0x0000000008002a14                z_time_slice
 .text.z_data_copy
                0x0000000008002a6c       0x34 zephyr/kernel/libkernel.a(xip.c.obj)
                0x0000000008002a6c                z_data_copy
 .text.elapsed  0x0000000008002aa0       0x18 zephyr/kernel/libkernel.a(timeout.c.obj)
 .text.remove_timeout
                0x0000000008002ab8       0x38 zephyr/kernel/libkernel.a(timeout.c.obj)
 .text.next_timeout
                0x0000000008002af0       0x44 zephyr/kernel/libkernel.a(timeout.c.obj)
 .text.z_add_timeout
                0x0000000008002b34       0xe8 zephyr/kernel/libkernel.a(timeout.c.obj)
                0x0000000008002b34                z_add_timeout
 .text.sys_clock_announce
                0x0000000008002c1c       0xdc zephyr/kernel/libkernel.a(timeout.c.obj)
                0x0000000008002c1c                sys_clock_announce
 .text.sys_clock_tick_get
                0x0000000008002cf8       0x2c zephyr/kernel/libkernel.a(timeout.c.obj)
                0x0000000008002cf8                sys_clock_tick_get
 .text.signal_poll_event
                0x0000000008002d24       0x94 zephyr/kernel/libkernel.a(poll.c.obj)
 .text.boot_banner
                0x0000000008002db8       0x10 zephyr/kernel/libkernel.a(banner.c.obj)
                0x0000000008002db8                boot_banner
 .text.k_sys_work_q_init
                0x0000000008002dc8       0x30 zephyr/kernel/libkernel.a(system_work_q.c.obj)
 .text.work_queue_main
                0x0000000008002df8      0x130 zephyr/kernel/libkernel.a(work.c.obj)
 .text.submit_to_queue_locked
                0x0000000008002f28       0xd0 zephyr/kernel/libkernel.a(work.c.obj)
 .text.k_work_queue_start
                0x0000000008002ff8       0x88 zephyr/kernel/libkernel.a(work.c.obj)
                0x0000000008002ff8                k_work_queue_start
 .text.__l_vfprintf
                0x0000000008003080      0x4d0 c:\users\julien\zephyr-sdk-0.16.8\arm-zephyr-eabi\bin\../lib/gcc/../../picolibc/arm-zephyr-eabi/lib/thumb/v6-m/nofp\libc.a(libc_tinystdio_vflprintf.c.o)
                0x0000000008003080                __l_vfprintf
 .text._OffsetAbsSyms
                0x0000000008003550        0x2 zephyr/CMakeFiles/offsets.dir/./arch/arm/core/offsets/offsets.c.obj
                0x0000000008003550                _OffsetAbsSyms
 .text.chunk_size
                0x0000000008003552        0xa zephyr/libzephyr.a(heap.c.obj)
 .text.free_list_add
                0x000000000800355c       0x4e zephyr/libzephyr.a(heap.c.obj)
 .text.sys_heap_init
                0x00000000080035aa       0x74 zephyr/libzephyr.a(heap.c.obj)
                0x00000000080035aa                sys_heap_init
 .text.arch_printk_char_out
                0x000000000800361e        0x4 zephyr/libzephyr.a(printk.c.obj)
                0x000000000800361e                arch_printk_char_out
 .text.printk   0x0000000008003622       0x16 zephyr/libzephyr.a(printk.c.obj)
                0x0000000008003622                printk
 .text._ConfigAbsSyms
                0x0000000008003638        0x2 zephyr/libzephyr.a(configs.c.obj)
                0x0000000008003638                _ConfigAbsSyms
 .text.z_arm_fatal_error
                0x000000000800363a       0x10 zephyr/arch/arch/arm/core/libarch__arm__core.a(fatal.c.obj)
                0x000000000800363a                z_arm_fatal_error
 .text.z_do_kernel_oops
                0x000000000800364a        0xc zephyr/arch/arch/arm/core/libarch__arm__core.a(fatal.c.obj)
                0x000000000800364a                z_do_kernel_oops
 .text.z_irq_spurious
                0x0000000008003656        0xc zephyr/arch/arch/arm/core/cortex_m/libarch__arm__core__cortex_m.a(irq_manage.c.obj)
                0x0000000008003656                z_irq_spurious
 .text.z_prep_c
                0x0000000008003662       0x16 zephyr/arch/arch/arm/core/cortex_m/libarch__arm__core__cortex_m.a(prep_c.c.obj)
                0x0000000008003662                z_prep_c
 .text.arch_irq_unlock_outlined
                0x0000000008003678        0xc zephyr/arch/arch/arm/core/cortex_m/libarch__arm__core__cortex_m.a(thread.c.obj)
                0x0000000008003678                arch_irq_unlock_outlined
 .text.arch_cpu_idle
                0x0000000008003684        0xe zephyr/arch/arch/arm/core/cortex_m/libarch__arm__core__cortex_m.a(cpu_idle.c.obj)
                0x0000000008003684                arch_cpu_idle
 .text.picolibc_put
                0x0000000008003692        0xa zephyr/lib/libc/picolibc/liblib__libc__picolibc.a(libc-hooks.c.obj)
 .text.stm32_gpio_intc_get_pin_irq_line
                0x000000000800369c        0x6 zephyr/drivers/interrupt_controller/libdrivers__interrupt_controller.a(intc_exti_stm32.c.obj)
                0x000000000800369c                stm32_gpio_intc_get_pin_irq_line
 .text.config_regulator_voltage
                0x00000000080036a2        0x2 zephyr/drivers/clock_control/libdrivers__clock_control.a(clock_stm32_ll_common.c.obj)
                0x00000000080036a2                config_regulator_voltage
 .text.gpio_stm32_port_get_raw
                0x00000000080036a4        0xc zephyr/drivers/gpio/libdrivers__gpio.a(gpio_stm32.c.obj)
 .text.gpio_stm32_port_set_masked_raw
                0x00000000080036b0       0x12 zephyr/drivers/gpio/libdrivers__gpio.a(gpio_stm32.c.obj)
 .text.gpio_stm32_port_set_bits_raw
                0x00000000080036c2        0xa zephyr/drivers/gpio/libdrivers__gpio.a(gpio_stm32.c.obj)
 .text.gpio_stm32_port_clear_bits_raw
                0x00000000080036cc        0xa zephyr/drivers/gpio/libdrivers__gpio.a(gpio_stm32.c.obj)
 .text.gpio_stm32_port_toggle_bits
                0x00000000080036d6        0xe zephyr/drivers/gpio/libdrivers__gpio.a(gpio_stm32.c.obj)
 .text.gpio_stm32_manage_callback
                0x00000000080036e4       0x58 zephyr/drivers/gpio/libdrivers__gpio.a(gpio_stm32.c.obj)
 .text.gpio_stm32_configure_raw.isra.0
                0x000000000800373c       0xa0 zephyr/drivers/gpio/libdrivers__gpio.a(gpio_stm32.c.obj)
 .text.gpio_stm32_config
                0x00000000080037dc       0x70 zephyr/drivers/gpio/libdrivers__gpio.a(gpio_stm32.c.obj)
 .text.gpio_stm32_isr
                0x000000000800384c       0x32 zephyr/drivers/gpio/libdrivers__gpio.a(gpio_stm32.c.obj)
 .text.gpio_stm32_configure
                0x000000000800387e       0x2a zephyr/drivers/gpio/libdrivers__gpio.a(gpio_stm32.c.obj)
                0x000000000800387e                gpio_stm32_configure
 .text.pinctrl_lookup_state
                0x00000000080038a8       0x26 zephyr/drivers/pinctrl/libdrivers__pinctrl.a(common.c.obj)
                0x00000000080038a8                pinctrl_lookup_state
 .text.reset_stm32_status
                0x00000000080038ce       0x20 zephyr/drivers/reset/libdrivers__reset.a(reset_stm32.c.obj)
 .text.reset_stm32_line_assert
                0x00000000080038ee       0x1c zephyr/drivers/reset/libdrivers__reset.a(reset_stm32.c.obj)
 .text.reset_stm32_line_deassert
                0x000000000800390a       0x1c zephyr/drivers/reset/libdrivers__reset.a(reset_stm32.c.obj)
 .text.reset_stm32_line_toggle
                0x0000000008003926       0x16 zephyr/drivers/reset/libdrivers__reset.a(reset_stm32.c.obj)
 .text.uart_stm32_ll2cfg_databits
                0x000000000800393c       0x2c zephyr/drivers/serial/libdrivers__serial.a(uart_stm32.c.obj)
 .text.uart_stm32_err_check
                0x0000000008003968       0x5e zephyr/drivers/serial/libdrivers__serial.a(uart_stm32.c.obj)
 .text.uart_stm32_irq_tx_enable
                0x00000000080039c6       0x1c zephyr/drivers/serial/libdrivers__serial.a(uart_stm32.c.obj)
 .text.uart_stm32_irq_tx_disable
                0x00000000080039e2       0x1c zephyr/drivers/serial/libdrivers__serial.a(uart_stm32.c.obj)
 .text.uart_stm32_irq_rx_enable
                0x00000000080039fe       0x1c zephyr/drivers/serial/libdrivers__serial.a(uart_stm32.c.obj)
 .text.uart_stm32_irq_rx_disable
                0x0000000008003a1a       0x1c zephyr/drivers/serial/libdrivers__serial.a(uart_stm32.c.obj)
 .text.uart_stm32_irq_rx_ready
                0x0000000008003a36        0xc zephyr/drivers/serial/libdrivers__serial.a(uart_stm32.c.obj)
 .text.uart_stm32_irq_update
                0x0000000008003a42        0x4 zephyr/drivers/serial/libdrivers__serial.a(uart_stm32.c.obj)
 .text.uart_stm32_irq_callback_set
                0x0000000008003a46        0x8 zephyr/drivers/serial/libdrivers__serial.a(uart_stm32.c.obj)
 .text.uart_stm32_isr
                0x0000000008003a4e       0x10 zephyr/drivers/serial/libdrivers__serial.a(uart_stm32.c.obj)
 .text.uart_stm32_irq_config_func_0
                0x0000000008003a5e       0x14 zephyr/drivers/serial/libdrivers__serial.a(uart_stm32.c.obj)
 .text.uart_stm32_irq_tx_complete
                0x0000000008003a72        0xc zephyr/drivers/serial/libdrivers__serial.a(uart_stm32.c.obj)
 .text.uart_stm32_irq_tx_ready
                0x0000000008003a7e       0x14 zephyr/drivers/serial/libdrivers__serial.a(uart_stm32.c.obj)
 .text.uart_stm32_poll_out
                0x0000000008003a92       0x36 zephyr/drivers/serial/libdrivers__serial.a(uart_stm32.c.obj)
 .text.uart_stm32_irq_is_pending
                0x0000000008003ac8       0x24 zephyr/drivers/serial/libdrivers__serial.a(uart_stm32.c.obj)
 .text.uart_stm32_poll_in
                0x0000000008003aec       0x22 zephyr/drivers/serial/libdrivers__serial.a(uart_stm32.c.obj)
 .text.spi_context_get_next_buf
                0x0000000008003b0e       0x34 zephyr/drivers/spi/libdrivers__spi.a(spi_ll_stm32.c.obj)
 .text.spi_context_buffers_setup
                0x0000000008003b42       0x64 zephyr/drivers/spi/libdrivers__spi.a(spi_ll_stm32.c.obj)
 .text.spi_stm32_send_next_frame
                0x0000000008003ba6       0xa8 zephyr/drivers/spi/libdrivers__spi.a(spi_ll_stm32.c.obj)
 .text.spi_stm32_read_next_frame
                0x0000000008003c4e       0xc0 zephyr/drivers/spi/libdrivers__spi.a(spi_ll_stm32.c.obj)
 .text.spi_stm32_irq_config_func_0
                0x0000000008003d0e       0x14 zephyr/drivers/spi/libdrivers__spi.a(spi_ll_stm32.c.obj)
 .text.spi_stm32_get_err
                0x0000000008003d22       0x2a zephyr/drivers/spi/libdrivers__spi.a(spi_ll_stm32.c.obj)
 .text.gpio_pin_set_dt.isra.0
                0x0000000008003d4c       0x2e zephyr/drivers/spi/libdrivers__spi.a(spi_ll_stm32.c.obj)
 .text.spi_context_unlock_unconditionally
                0x0000000008003d7a       0x32 zephyr/drivers/spi/libdrivers__spi.a(spi_ll_stm32.c.obj)
 .text.spi_stm32_release
                0x0000000008003dac       0x18 zephyr/drivers/spi/libdrivers__spi.a(spi_ll_stm32.c.obj)
 .text.spi_stm32_complete
                0x0000000008003dc4       0xea zephyr/drivers/spi/libdrivers__spi.a(spi_ll_stm32.c.obj)
 .text.spi_stm32_isr
                0x0000000008003eae      0x1e8 zephyr/drivers/spi/libdrivers__spi.a(spi_ll_stm32.c.obj)
 .text.spi_stm32_transceive_async
                0x0000000008004096       0x16 zephyr/drivers/spi/libdrivers__spi.a(spi_ll_stm32.c.obj)
 .text.spi_stm32_transceive
                0x00000000080040ac       0x12 zephyr/drivers/spi/libdrivers__spi.a(spi_ll_stm32.c.obj)
 .text.z_impl_k_busy_wait
                0x00000000080040be       0x1c zephyr/kernel/libkernel.a(busy_wait.c.obj)
                0x00000000080040be                z_impl_k_busy_wait
 .text.z_device_state_init
                0x00000000080040da        0x2 zephyr/kernel/libkernel.a(device.c.obj)
                0x00000000080040da                z_device_state_init
 .text.z_impl_device_is_ready
                0x00000000080040dc       0x1a zephyr/kernel/libkernel.a(device.c.obj)
                0x00000000080040dc                z_impl_device_is_ready
 .text.arch_system_halt
                0x00000000080040f6        0x8 zephyr/kernel/libkernel.a(fatal.c.obj)
                0x00000000080040f6                arch_system_halt
 .text.k_sys_fatal_error_handler
                0x00000000080040fe        0x6 zephyr/kernel/libkernel.a(fatal.c.obj)
                0x00000000080040fe                k_sys_fatal_error_handler
 .text.do_device_init
                0x0000000008004104       0x30 zephyr/kernel/libkernel.a(init.c.obj)
 .text.z_early_memset
                0x0000000008004134        0x8 zephyr/kernel/libkernel.a(init.c.obj)
                0x0000000008004134                z_early_memset
 .text.z_early_memcpy
                0x000000000800413c        0x8 zephyr/kernel/libkernel.a(init.c.obj)
                0x000000000800413c                z_early_memcpy
 .text.z_init_static
                0x0000000008004144        0x2 zephyr/kernel/libkernel.a(init_static.c.obj)
                0x0000000008004144                z_init_static
 .text.idle     0x0000000008004146        0xe zephyr/kernel/libkernel.a(idle.c.obj)
                0x0000000008004146                idle
 .text.k_is_in_isr
                0x0000000008004154        0xc zephyr/kernel/libkernel.a(thread.c.obj)
                0x0000000008004154                k_is_in_isr
 .text.z_impl_k_thread_name_set
                0x0000000008004160        0x6 zephyr/kernel/libkernel.a(thread.c.obj)
                0x0000000008004160                z_impl_k_thread_name_set
 .text.z_impl_k_thread_start
                0x0000000008004166        0x8 zephyr/kernel/libkernel.a(thread.c.obj)
                0x0000000008004166                z_impl_k_thread_start
 .text.sys_dlist_remove
                0x000000000800416e       0x10 zephyr/kernel/libkernel.a(sched.c.obj)
 .text.unpend_thread_no_timeout
                0x000000000800417e       0x16 zephyr/kernel/libkernel.a(sched.c.obj)
 .text.add_to_waitq_locked
                0x0000000008004194       0x52 zephyr/kernel/libkernel.a(sched.c.obj)
 .text.z_ready_thread
                0x00000000080041e6       0x18 zephyr/kernel/libkernel.a(sched.c.obj)
                0x00000000080041e6                z_ready_thread
 .text.z_impl_k_thread_suspend
                0x00000000080041fe       0x30 zephyr/kernel/libkernel.a(sched.c.obj)
                0x00000000080041fe                z_impl_k_thread_suspend
 .text.z_unpend_thread_no_timeout
                0x000000000800422e       0x1e zephyr/kernel/libkernel.a(sched.c.obj)
                0x000000000800422e                z_unpend_thread_no_timeout
 .text.z_sched_wake_thread
                0x000000000800424c       0x3e zephyr/kernel/libkernel.a(sched.c.obj)
                0x000000000800424c                z_sched_wake_thread
 .text.z_thread_timeout
                0x000000000800428a        0xc zephyr/kernel/libkernel.a(sched.c.obj)
                0x000000000800428a                z_thread_timeout
 .text.z_unpend_first_thread
                0x0000000008004296       0x32 zephyr/kernel/libkernel.a(sched.c.obj)
                0x0000000008004296                z_unpend_first_thread
 .text.z_unpend_thread
                0x00000000080042c8       0x12 zephyr/kernel/libkernel.a(sched.c.obj)
                0x00000000080042c8                z_unpend_thread
 .text.z_thread_abort
                0x00000000080042da       0x40 zephyr/kernel/libkernel.a(sched.c.obj)
                0x00000000080042da                z_thread_abort
 .text.z_sched_wake
                0x000000000800431a       0x3c zephyr/kernel/libkernel.a(sched.c.obj)
                0x000000000800431a                z_sched_wake
 .text.z_abort_timeout
                0x0000000008004356       0x26 zephyr/kernel/libkernel.a(timeout.c.obj)
                0x0000000008004356                z_abort_timeout
 .text.sys_clock_tick_get_32
                0x000000000800437c        0x8 zephyr/kernel/libkernel.a(timeout.c.obj)
                0x000000000800437c                sys_clock_tick_get_32
 .text.z_handle_obj_poll_events
                0x0000000008004384       0x2e zephyr/kernel/libkernel.a(poll.c.obj)
                0x0000000008004384                z_handle_obj_poll_events
 .text.flag_test_and_clear
                0x00000000080043b2       0x18 zephyr/kernel/libkernel.a(work.c.obj)
 .text.notify_queue_locked.isra.0
                0x00000000080043ca       0x12 zephyr/kernel/libkernel.a(work.c.obj)
 .text.z_work_submit_to_queue
                0x00000000080043dc       0x1e zephyr/kernel/libkernel.a(work.c.obj)
                0x00000000080043dc                z_work_submit_to_queue
 .text.strnlen  0x00000000080043fa       0x16 c:\users\julien\zephyr-sdk-0.16.8\arm-zephyr-eabi\bin\../lib/gcc/../../picolibc/arm-zephyr-eabi/lib/thumb/v6-m/nofp\libc.a(libc_string_strnlen.c.o)
                0x00000000080043fa                strnlen
 .text.__ultoa_invert
                0x0000000008004410      0x10e c:\users\julien\zephyr-sdk-0.16.8\arm-zephyr-eabi\bin\../lib/gcc/../../picolibc/arm-zephyr-eabi/lib/thumb/v6-m/nofp\libc.a(libc_tinystdio_vflprintf.c.o)
 .text.memcpy   0x000000000800451e       0x12 c:\users\julien\zephyr-sdk-0.16.8\arm-zephyr-eabi\bin\../lib/gcc/../../picolibc/arm-zephyr-eabi/lib/thumb/v6-m/nofp\libc.a(memcpy.c.o)
                0x000000000800451e                __aeabi_memcpy
                0x000000000800451e                __aeabi_memcpy4
                0x000000000800451e                __aeabi_memcpy8
                0x000000000800451e                memcpy
 .text.memset   0x0000000008004530       0x10 c:\users\julien\zephyr-sdk-0.16.8\arm-zephyr-eabi\bin\../lib/gcc/../../picolibc/arm-zephyr-eabi/lib/thumb/v6-m/nofp\libc.a(memset.c.o)
                0x0000000008004530                memset
 *(SORT_BY_ALIGNMENT(.TEXT.*))
 .TEXT.__aeabi_read_tp
                0x0000000008004540        0xc zephyr/arch/arch/arm/core/cortex_m/libarch__arm__core__cortex_m.a(__aeabi_read_tp.S.obj)
                0x0000000008004540                __aeabi_read_tp
 *(SORT_BY_ALIGNMENT(.gnu.linkonce.t.*))
 *(SORT_BY_ALIGNMENT(.glue_7t))
 .glue_7t       0x000000000800454c        0x0 linker stubs
 *(SORT_BY_ALIGNMENT(.glue_7))
 .glue_7        0x000000000800454c        0x0 linker stubs
 *(SORT_BY_ALIGNMENT(.vfp11_veneer))
 .vfp11_veneer  0x000000000800454c        0x0 linker stubs
 *(SORT_BY_ALIGNMENT(.v4_bx))
 .v4_bx         0x000000000800454c        0x0 linker stubs
                0x000000000800454c                . = ALIGN (0x4)
                0x000000000800454c                __text_region_end = .

.ARM.exidx      0x000000000800454c        0x8
                0x000000000800454c                __exidx_start = .
 *(SORT_BY_ALIGNMENT(.ARM.exidx*) SORT_BY_ALIGNMENT(gnu.linkonce.armexidx.*))
 .ARM.exidx     0x000000000800454c        0x8 c:/users/julien/zephyr-sdk-0.16.8/arm-zephyr-eabi/bin/../lib/gcc/arm-zephyr-eabi/12.2.0/thumb/v6-m/nofp\libgcc.a(_udivmoddi4.o)
                0x0000000008004554                __exidx_end = .
                0x0000000008004554                __rodata_region_start = .

initlevel       0x0000000008004554       0x88
                0x0000000008004554                __init_start = .
                0x0000000008004554                __init_EARLY_start = .
 *(SORT_BY_NAME(SORT_BY_ALIGNMENT(.z_init_EARLY?_*)))
 *(SORT_BY_NAME(SORT_BY_ALIGNMENT(.z_init_EARLY??_*)))
                0x0000000008004554                __init_PRE_KERNEL_1_start = .
 *(SORT_BY_NAME(SORT_BY_ALIGNMENT(.z_init_PRE_KERNEL_1?_*)))
 .z_init_PRE_KERNEL_10_0_
                0x0000000008004554        0x8 zephyr/libzephyr.a(soc.c.obj)
 .z_init_PRE_KERNEL_11_00009_
                0x000000000800455c        0x8 zephyr/drivers/clock_control/libdrivers__clock_control.a(clock_stm32_ll_common.c.obj)
 .z_init_PRE_KERNEL_11_0_
                0x0000000008004564        0x8 zephyr/libzephyr.a(soc_config.c.obj)
 *(SORT_BY_NAME(SORT_BY_ALIGNMENT(.z_init_PRE_KERNEL_1??_*)))
 .z_init_PRE_KERNEL_135_00052_
                0x000000000800456c        0x8 zephyr/drivers/reset/libdrivers__reset.a(reset_stm32.c.obj)
 .z_init_PRE_KERNEL_140_00033_
                0x0000000008004574        0x8 zephyr/drivers/gpio/libdrivers__gpio.a(gpio_stm32.c.obj)
 .z_init_PRE_KERNEL_140_00034_
                0x000000000800457c        0x8 zephyr/drivers/gpio/libdrivers__gpio.a(gpio_stm32.c.obj)
 .z_init_PRE_KERNEL_140_00035_
                0x0000000008004584        0x8 zephyr/drivers/gpio/libdrivers__gpio.a(gpio_stm32.c.obj)
 .z_init_PRE_KERNEL_140_00065_
                0x000000000800458c        0x8 zephyr/drivers/interrupt_controller/libdrivers__interrupt_controller.a(intc_exti_stm32.c.obj)
 .z_init_PRE_KERNEL_140_00093_
                0x0000000008004594        0x8 zephyr/drivers/gpio/libdrivers__gpio.a(gpio_stm32.c.obj)
 .z_init_PRE_KERNEL_140_00094_
                0x000000000800459c        0x8 zephyr/drivers/gpio/libdrivers__gpio.a(gpio_stm32.c.obj)
 .z_init_PRE_KERNEL_140_00095_
                0x00000000080045a4        0x8 zephyr/drivers/gpio/libdrivers__gpio.a(gpio_stm32.c.obj)
 .z_init_PRE_KERNEL_150_00068_
                0x00000000080045ac        0x8 zephyr/drivers/serial/libdrivers__serial.a(uart_stm32.c.obj)
 .z_init_PRE_KERNEL_160_0_
                0x00000000080045b4        0x8 zephyr/drivers/console/libdrivers__console.a(uart_console.c.obj)
                0x00000000080045bc                __init_PRE_KERNEL_2_start = .
 *(SORT_BY_NAME(SORT_BY_ALIGNMENT(.z_init_PRE_KERNEL_2?_*)))
 .z_init_PRE_KERNEL_20_0_
                0x00000000080045bc        0x8 zephyr/drivers/timer/libdrivers__timer.a(cortex_m_systick.c.obj)
 *(SORT_BY_NAME(SORT_BY_ALIGNMENT(.z_init_PRE_KERNEL_2??_*)))
                0x00000000080045c4                __init_POST_KERNEL_start = .
 *(SORT_BY_NAME(SORT_BY_ALIGNMENT(.z_init_POST_KERNEL?_*)))
 *(SORT_BY_NAME(SORT_BY_ALIGNMENT(.z_init_POST_KERNEL??_*)))
 .z_init_POST_KERNEL35_0_
                0x00000000080045c4        0x8 zephyr/lib/libc/common/liblib__libc__common.a(malloc.c.obj)
 .z_init_POST_KERNEL40_0_
                0x00000000080045cc        0x8 zephyr/kernel/libkernel.a(system_work_q.c.obj)
 .z_init_POST_KERNEL50_00083_
                0x00000000080045d4        0x8 zephyr/drivers/spi/libdrivers__spi.a(spi_ll_stm32.c.obj)
                0x00000000080045dc                __init_APPLICATION_start = .
 *(SORT_BY_NAME(SORT_BY_ALIGNMENT(.z_init_APPLICATION?_*)))
 *(SORT_BY_NAME(SORT_BY_ALIGNMENT(.z_init_APPLICATION??_*)))
                0x00000000080045dc                __init_SMP_start = .
 *(SORT_BY_NAME(SORT_BY_ALIGNMENT(.z_init_SMP?_*)))
 *(SORT_BY_NAME(SORT_BY_ALIGNMENT(.z_init_SMP??_*)))
                0x00000000080045dc                __init_end = .
                0x00000000080045dc                __deferred_init_list_start = .
 *(SORT_BY_ALIGNMENT(.z_deferred_init*))
                0x00000000080045dc                __deferred_init_list_end = .

device_area     0x00000000080045dc       0xdc
                0x00000000080045dc                _device_list_start = .
 *(SORT_BY_NAME(SORT_BY_ALIGNMENT(._device.static.*_?_*)))
 ._device.static.1_1_
                0x00000000080045dc       0x14 zephyr/drivers/clock_control/libdrivers__clock_control.a(clock_stm32_ll_common.c.obj)
                0x00000000080045dc                __device_dts_ord_9
 *(SORT_BY_NAME(SORT_BY_ALIGNMENT(._device.static.*_??_*)))
 ._device.static.1_35_
                0x00000000080045f0       0x14 zephyr/drivers/reset/libdrivers__reset.a(reset_stm32.c.obj)
                0x00000000080045f0                __device_dts_ord_52
 ._device.static.1_40_
                0x0000000008004604       0x14 zephyr/drivers/interrupt_controller/libdrivers__interrupt_controller.a(intc_exti_stm32.c.obj)
                0x0000000008004604                __device_dts_ord_65
 ._device.static.1_40_
                0x0000000008004618       0x78 zephyr/drivers/gpio/libdrivers__gpio.a(gpio_stm32.c.obj)
                0x0000000008004618                __device_dts_ord_95
                0x000000000800462c                __device_dts_ord_94
                0x0000000008004640                __device_dts_ord_93
                0x0000000008004654                __device_dts_ord_35
                0x0000000008004668                __device_dts_ord_34
                0x000000000800467c                __device_dts_ord_33
 ._device.static.1_50_
                0x0000000008004690       0x14 zephyr/drivers/serial/libdrivers__serial.a(uart_stm32.c.obj)
                0x0000000008004690                __device_dts_ord_68
 ._device.static.3_50_
                0x00000000080046a4       0x14 zephyr/drivers/spi/libdrivers__spi.a(spi_ll_stm32.c.obj)
                0x00000000080046a4                __device_dts_ord_83
                0x00000000080046b8                _device_list_end = .

sw_isr_table    0x00000000080046b8       0xf8
                0x00000000080046b8                . = ALIGN (0x4)
 *(SORT_BY_ALIGNMENT(.gnu.linkonce.sw_isr_table*))
 .gnu.linkonce.sw_isr_table
                0x00000000080046b8       0xf8 zephyr/arch/common/libisr_tables.a(isr_tables.c.obj)
                0x00000000080046b8                _sw_isr_table

initlevel_error
                0x0000000008004554        0x0
 *(SORT_BY_NAME(SORT_BY_ALIGNMENT(.z_init_[_A-Z0-9]*)))
                0x0000000000000001                ASSERT ((SIZEOF (initlevel_error) == 0x0), Undefined initialization levels used.)

app_shmem_regions
                0x00000000080047b0        0x0
                0x00000000080047b0                __app_shmem_regions_start = .
 *(SORT_BY_NAME(SORT_BY_ALIGNMENT(.app_regions.*)))
                0x00000000080047b0                __app_shmem_regions_end = .

k_p4wq_initparam_area
                0x00000000080047b0        0x0
                0x00000000080047b0                _k_p4wq_initparam_list_start = .
 *(SORT_BY_NAME(SORT_BY_ALIGNMENT(._k_p4wq_initparam.static.*)))
                0x00000000080047b0                _k_p4wq_initparam_list_end = .

_static_thread_data_area
                0x00000000080047b0        0x0
                0x00000000080047b0                __static_thread_data_list_start = .
 *(SORT_BY_NAME(SORT_BY_ALIGNMENT(.__static_thread_data.static.*)))
                0x00000000080047b0                __static_thread_data_list_end = .

device_deps     0x00000000080047b0        0x0
                0x00000000080047b0                __device_deps_start = .
 *(SORT_BY_NAME(SORT_BY_ALIGNMENT(.__device_deps_pass2*)))
                0x00000000080047b0                __device_deps_end = .

ztest           0x00000000080047b0        0x0
                0x00000000080047b0                _ztest_expected_result_entry_list_start = .
 *(SORT_BY_NAME(SORT_BY_ALIGNMENT(._ztest_expected_result_entry.static.*)))
                0x00000000080047b0                _ztest_expected_result_entry_list_end = .
                0x00000000080047b0                _ztest_suite_node_list_start = .
 *(SORT_BY_NAME(SORT_BY_ALIGNMENT(._ztest_suite_node.static.*)))
                0x00000000080047b0                _ztest_suite_node_list_end = .
                0x00000000080047b0                _ztest_unit_test_list_start = .
 *(SORT_BY_NAME(SORT_BY_ALIGNMENT(._ztest_unit_test.static.*)))
                0x00000000080047b0                _ztest_unit_test_list_end = .
                0x00000000080047b0                _ztest_test_rule_list_start = .
 *(SORT_BY_NAME(SORT_BY_ALIGNMENT(._ztest_test_rule.static.*)))
                0x00000000080047b0                _ztest_test_rule_list_end = .

init_array      0x00000000080047b0        0x0
 *(SORT_BY_NAME(SORT_BY_ALIGNMENT(.ctors*)))
 *(SORT_BY_NAME(SORT_BY_ALIGNMENT(.init_array*)))
                0x0000000000000001                ASSERT ((SIZEOF (init_array) == 0x0), GNU-style constructors required but STATIC_INIT_GNU not enabled)

bt_l2cap_fixed_chan_area
                0x00000000080047b0        0x0
                0x00000000080047b0                _bt_l2cap_fixed_chan_list_start = .
 *(SORT_BY_NAME(SORT_BY_ALIGNMENT(._bt_l2cap_fixed_chan.static.*)))
                0x00000000080047b0                _bt_l2cap_fixed_chan_list_end = .

bt_gatt_service_static_area
                0x00000000080047b0        0x0
                0x00000000080047b0                _bt_gatt_service_static_list_start = .
 *(SORT_BY_NAME(SORT_BY_ALIGNMENT(._bt_gatt_service_static.static.*)))
                0x00000000080047b0                _bt_gatt_service_static_list_end = .

log_strings_area
                0x00000000080047b0        0x0
                0x00000000080047b0                _log_strings_list_start = .
 *(SORT_BY_NAME(SORT_BY_ALIGNMENT(._log_strings.static.*)))
                0x00000000080047b0                _log_strings_list_end = .

log_const_area  0x00000000080047b0        0x0
                0x00000000080047b0                _log_const_list_start = .
 *(SORT_BY_NAME(SORT_BY_ALIGNMENT(._log_const.static.*)))
                0x00000000080047b0                _log_const_list_end = .

log_backend_area
                0x00000000080047b0        0x0
                0x00000000080047b0                _log_backend_list_start = .
 *(SORT_BY_NAME(SORT_BY_ALIGNMENT(._log_backend.static.*)))
                0x00000000080047b0                _log_backend_list_end = .

log_link_area   0x00000000080047b0        0x0
                0x00000000080047b0                _log_link_list_start = .
 *(SORT_BY_NAME(SORT_BY_ALIGNMENT(._log_link.static.*)))
                0x00000000080047b0                _log_link_list_end = .

tracing_backend_area
                0x00000000080047b0        0x0
                0x00000000080047b0                _tracing_backend_list_start = .
 *(SORT_BY_NAME(SORT_BY_ALIGNMENT(._tracing_backend.static.*)))
                0x00000000080047b0                _tracing_backend_list_end = .

zephyr_dbg_info
 *(SORT_BY_ALIGNMENT(.dbg_thread_info))

intc_table_area
                0x00000000080047b0        0x0
                0x00000000080047b0                _intc_table_list_start = .
 *(SORT_BY_NAME(SORT_BY_ALIGNMENT(._intc_table.static.*)))
                0x00000000080047b0                _intc_table_list_end = .

symbol_to_keep  0x00000000080047b0        0x0
                0x00000000080047b0                __symbol_to_keep_start = .
 *(SORT_BY_NAME(SORT_BY_ALIGNMENT(.symbol_to_keep*)))
                0x00000000080047b0                __symbol_to_keep_end = .

shell_area      0x00000000080047b0        0x0
                0x00000000080047b0                _shell_list_start = .
 *(SORT_BY_NAME(SORT_BY_ALIGNMENT(._shell.static.*)))
                0x00000000080047b0                _shell_list_end = .

shell_root_cmds_area
                0x00000000080047b0        0x0
                0x00000000080047b0                _shell_root_cmds_list_start = .
 *(SORT_BY_NAME(SORT_BY_ALIGNMENT(._shell_root_cmds.static.*)))
                0x00000000080047b0                _shell_root_cmds_list_end = .

shell_subcmds_area
                0x00000000080047b0        0x0
                0x00000000080047b0                _shell_subcmds_list_start = .
 *(SORT_BY_NAME(SORT_BY_ALIGNMENT(._shell_subcmds.static.*)))
                0x00000000080047b0                _shell_subcmds_list_end = .

shell_dynamic_subcmds_area
                0x00000000080047b0        0x0
                0x00000000080047b0                _shell_dynamic_subcmds_list_start = .
 *(SORT_BY_NAME(SORT_BY_ALIGNMENT(._shell_dynamic_subcmds.static.*)))
                0x00000000080047b0                _shell_dynamic_subcmds_list_end = .

cfb_font_area   0x00000000080047b0        0x0
                0x00000000080047b0                _cfb_font_list_start = .
 *(SORT_BY_NAME(SORT_BY_ALIGNMENT(._cfb_font.static.*)))
                0x00000000080047b0                _cfb_font_list_end = .

tdata           0x00000000080047b0        0x0
 *(SORT_BY_ALIGNMENT(.tdata) SORT_BY_ALIGNMENT(.tdata.*) SORT_BY_ALIGNMENT(.gnu.linkonce.td.*))

tbss            0x00000000080047b0        0x4
 *(SORT_BY_ALIGNMENT(.tbss) SORT_BY_ALIGNMENT(.tbss.*) SORT_BY_ALIGNMENT(.gnu.linkonce.tb.*) SORT_BY_ALIGNMENT(.tcommon))
 .tbss.z_tls_current
                0x00000000080047b0        0x4 zephyr/libzephyr.a(thread_entry.c.obj)
                0x00000000080047b0                z_tls_current
                0x00000000080047b0                PROVIDE (__tdata_start = LOADADDR (tdata))
                0x0000000000000001                PROVIDE (__tdata_align = ALIGNOF (tdata))
                0x0000000000000000                PROVIDE (__tdata_size = (((SIZEOF (tdata) + __tdata_align) - 0x1) & ~ ((__tdata_align - 0x1))))
                [!provide]                        PROVIDE (__tdata_end = (__tdata_start + __tdata_size))
                0x0000000000000004                PROVIDE (__tbss_align = ALIGNOF (tbss))
                [!provide]                        PROVIDE (__tbss_start = ADDR (tbss))
                0x0000000000000004                PROVIDE (__tbss_size = (((SIZEOF (tbss) + __tbss_align) - 0x1) & ~ ((__tbss_align - 0x1))))
                [!provide]                        PROVIDE (__tbss_end = (__tbss_start + __tbss_size))
                [!provide]                        PROVIDE (__tls_start = __tdata_start)
                [!provide]                        PROVIDE (__tls_end = __tbss_end)
                [!provide]                        PROVIDE (__tls_size = (__tbss_end - __tdata_start))

rodata          0x00000000080047b0      0x4c8
 *(SORT_BY_ALIGNMENT(.rodata))
 .rodata        0x00000000080047b0       0x20 zephyr/drivers/spi/libdrivers__spi.a(spi_ll_stm32.c.obj)
 .rodata        0x00000000080047d0        0x8 zephyr/kernel/libkernel.a(system_work_q.c.obj)
 *(SORT_BY_ALIGNMENT(.rodata.*))
 .rodata.buttons
                0x00000000080047d8       0x60 app/libapp.a(main.c.obj)
 .rodata.stm32_clock_control_api
                0x0000000008004838       0x1c zephyr/drivers/clock_control/libdrivers__clock_control.a(clock_stm32_ll_common.c.obj)
 .rodata.gpio_stm32_cfg_f
                0x0000000008004854       0x14 zephyr/drivers/gpio/libdrivers__gpio.a(gpio_stm32.c.obj)
 .rodata.gpio_stm32_cfg_e
                0x0000000008004868       0x14 zephyr/drivers/gpio/libdrivers__gpio.a(gpio_stm32.c.obj)
 .rodata.gpio_stm32_cfg_d
                0x000000000800487c       0x14 zephyr/drivers/gpio/libdrivers__gpio.a(gpio_stm32.c.obj)
 .rodata.gpio_stm32_cfg_c
                0x0000000008004890       0x14 zephyr/drivers/gpio/libdrivers__gpio.a(gpio_stm32.c.obj)
 .rodata.gpio_stm32_cfg_b
                0x00000000080048a4       0x14 zephyr/drivers/gpio/libdrivers__gpio.a(gpio_stm32.c.obj)
 .rodata.gpio_stm32_cfg_a
                0x00000000080048b8       0x14 zephyr/drivers/gpio/libdrivers__gpio.a(gpio_stm32.c.obj)
 .rodata.gpio_stm32_driver
                0x00000000080048cc       0x24 zephyr/drivers/gpio/libdrivers__gpio.a(gpio_stm32.c.obj)
 .rodata.gpio_ports
                0x00000000080048f0       0x40 zephyr/drivers/pinctrl/libdrivers__pinctrl.a(pinctrl_stm32.c.obj)
 .rodata.reset_stm32_config
                0x0000000008004930        0x4 zephyr/drivers/reset/libdrivers__reset.a(reset_stm32.c.obj)
 .rodata.reset_stm32_driver_api
                0x0000000008004934       0x10 zephyr/drivers/reset/libdrivers__reset.a(reset_stm32.c.obj)
 .rodata.uart_stm32_cfg_0
                0x0000000008004944       0x28 zephyr/drivers/serial/libdrivers__serial.a(uart_stm32.c.obj)
 .rodata.pclken_0
                0x000000000800496c        0x8 zephyr/drivers/serial/libdrivers__serial.a(uart_stm32.c.obj)
 .rodata.__pinctrl_dev_config__device_dts_ord_68
                0x0000000008004974        0x8 zephyr/drivers/serial/libdrivers__serial.a(uart_stm32.c.obj)
 .rodata.__pinctrl_states__device_dts_ord_68
                0x000000000800497c        0x8 zephyr/drivers/serial/libdrivers__serial.a(uart_stm32.c.obj)
 .rodata.__pinctrl_state_pins_0__device_dts_ord_68
                0x0000000008004984       0x10 zephyr/drivers/serial/libdrivers__serial.a(uart_stm32.c.obj)
 .rodata.uart_stm32_driver_api
                0x0000000008004994       0x4c zephyr/drivers/serial/libdrivers__serial.a(uart_stm32.c.obj)
 .rodata.__compound_literal.0
                0x00000000080049e0        0x8 zephyr/drivers/spi/libdrivers__spi.a(spi_ll_stm32.c.obj)
 .rodata.spi_stm32_cfg_0
                0x00000000080049e8       0x18 zephyr/drivers/spi/libdrivers__spi.a(spi_ll_stm32.c.obj)
 .rodata.pclken_0
                0x0000000008004a00        0x8 zephyr/drivers/spi/libdrivers__spi.a(spi_ll_stm32.c.obj)
 .rodata.__pinctrl_dev_config__device_dts_ord_83
                0x0000000008004a08        0x8 zephyr/drivers/spi/libdrivers__spi.a(spi_ll_stm32.c.obj)
 .rodata.__pinctrl_states__device_dts_ord_83
                0x0000000008004a10        0x8 zephyr/drivers/spi/libdrivers__spi.a(spi_ll_stm32.c.obj)
 .rodata.__pinctrl_state_pins_0__device_dts_ord_83
                0x0000000008004a18       0x18 zephyr/drivers/spi/libdrivers__spi.a(spi_ll_stm32.c.obj)
 .rodata.api_funcs
                0x0000000008004a30        0xc zephyr/drivers/spi/libdrivers__spi.a(spi_ll_stm32.c.obj)
 .rodata.levels.0
                0x0000000008004a3c       0x18 zephyr/kernel/libkernel.a(init.c.obj)
 .rodata.CSWTCH.105
                0x0000000008004a54        0x6 zephyr/drivers/serial/libdrivers__serial.a(uart_stm32.c.obj)
 .rodata.main.str1.1
                0x0000000008004a5a       0xe3 app/libapp.a(main.c.obj)
                                        0x107 (size before relaxing)
 .rodata.line_range_2.0
                0x0000000008004b3d        0x2 zephyr/drivers/interrupt_controller/libdrivers__interrupt_controller.a(intc_exti_stm32.c.obj)
 .rodata.line_range_1.1
                0x0000000008004b3f        0x2 zephyr/drivers/interrupt_controller/libdrivers__interrupt_controller.a(intc_exti_stm32.c.obj)
 .rodata.line_range_0.2
                0x0000000008004b41        0x2 zephyr/drivers/interrupt_controller/libdrivers__interrupt_controller.a(intc_exti_stm32.c.obj)
 .rodata.str1.1
                0x0000000008004b43       0x1e zephyr/drivers/interrupt_controller/libdrivers__interrupt_controller.a(intc_exti_stm32.c.obj)
 .rodata.str1.1
                0x0000000008004b61        0xd zephyr/drivers/clock_control/libdrivers__clock_control.a(clock_stm32_ll_common.c.obj)
 .rodata.str1.1
                0x0000000008004b6e       0x54 zephyr/drivers/gpio/libdrivers__gpio.a(gpio_stm32.c.obj)
 .rodata.str1.1
                0x0000000008004bc2       0x11 zephyr/drivers/reset/libdrivers__reset.a(reset_stm32.c.obj)
 .rodata.str1.1
                0x0000000008004bd3       0x10 zephyr/drivers/serial/libdrivers__serial.a(uart_stm32.c.obj)
 .rodata.str1.1
                0x0000000008004be3        0xd zephyr/drivers/spi/libdrivers__spi.a(spi_ll_stm32.c.obj)
 .rodata.AHBPrescTable
                0x0000000008004bf0       0x10 modules/hal_stm32/stm32cube/lib..__modules__hal__stm32__stm32cube.a(system_stm32f0xx.c.obj)
                0x0000000008004bf0                AHBPrescTable
 .rodata.aPredivFactorTable.0
                0x0000000008004c00       0x10 modules/hal_stm32/stm32cube/lib..__modules__hal__stm32__stm32cube.a(stm32f0xx_hal_rcc.c.obj)
 .rodata.aPLLMULFactorTable.1
                0x0000000008004c10       0x10 modules/hal_stm32/stm32cube/lib..__modules__hal__stm32__stm32cube.a(stm32f0xx_hal_rcc.c.obj)
 .rodata.z_cstart.str1.1
                0x0000000008004c20        0x5 zephyr/kernel/libkernel.a(init.c.obj)
 .rodata.boot_banner.str1.1
                0x0000000008004c25       0x3b zephyr/kernel/libkernel.a(banner.c.obj)
 .rodata.str1.1
                0x0000000008004c60        0x9 zephyr/kernel/libkernel.a(system_work_q.c.obj)
 .rodata.__l_vfprintf.str1.1
                0x0000000008004c69        0xf c:\users\julien\zephyr-sdk-0.16.8\arm-zephyr-eabi\bin\../lib/gcc/../../picolibc/arm-zephyr-eabi/lib/thumb/v6-m/nofp\libc.a(libc_tinystdio_vflprintf.c.o)
 *(SORT_BY_ALIGNMENT(.gnu.linkonce.r.*))
                0x0000000008004c78                . = ALIGN (0x4)
                0x0000000008004c78                __rodata_region_end = .
                0x0000000008004c78                . = ALIGN (_region_min_align)
                0x0000000008004c78                __rom_region_end = ((__rom_region_start + .) - ADDR (rom_start))

/DISCARD/
 *(SORT_BY_ALIGNMENT(.got.plt))
 *(SORT_BY_ALIGNMENT(.igot.plt))
 *(SORT_BY_ALIGNMENT(.got))
 *(SORT_BY_ALIGNMENT(.igot))
                0x0000000020000000                . = 0x20000000
                0x0000000020000000                . = ALIGN (_region_min_align)
                0x0000000020000000                _image_ram_start = .

.st_stm32f0x_vt
                0x0000000020000000       0xbc
                0x0000000020000000                _ram_vector_start = .
                0x00000000200000bc                . = (. + (_vector_end - _vector_start))
 *fill*         0x0000000020000000       0xbc 
                0x00000000200000bc                _ram_vector_end = .

.ramfunc        0x00000000200000bc        0x0 load address 0x0000000008004c78
                0x00000000200000bc                . = ALIGN (_region_min_align)
                0x00000000200000bc                __ramfunc_start = .
 *(SORT_BY_ALIGNMENT(.ramfunc))
 *(SORT_BY_ALIGNMENT(.ramfunc.*))
                0x00000000200000bc                . = ALIGN (_region_min_align)
                0x00000000200000bc                __ramfunc_end = .
                0x0000000000000000                __ramfunc_size = (__ramfunc_end - __ramfunc_start)
                0x0000000008004c78                __ramfunc_load_start = LOADADDR (.ramfunc)

datas           0x00000000200000bc      0x17f load address 0x0000000008004c78
                0x00000000200000bc                __data_region_start = .
                0x00000000200000bc                __data_start = .
 *(SORT_BY_ALIGNMENT(.data))
 *(SORT_BY_ALIGNMENT(.data.*))
 .data.gravity2
                0x00000000200000bc        0x4 app/libapp.a(main.c.obj)
                0x00000000200000bc                gravity2
 .data.speed2   0x00000000200000c0        0x4 app/libapp.a(main.c.obj)
                0x00000000200000c0                speed2
 .data.jumpStrength1
                0x00000000200000c4        0x4 app/libapp.a(main.c.obj)
                0x00000000200000c4                jumpStrength1
 .data.gravity1
                0x00000000200000c8        0x4 app/libapp.a(main.c.obj)
                0x00000000200000c8                gravity1
 .data.speed1   0x00000000200000cc        0x4 app/libapp.a(main.c.obj)
                0x00000000200000cc                speed1
 .data.playerSize
                0x00000000200000d0        0x4 app/libapp.a(main.c.obj)
                0x00000000200000d0                playerSize
 .data.Ybound   0x00000000200000d4        0x4 app/libapp.a(main.c.obj)
                0x00000000200000d4                Ybound
 .data.Xbound   0x00000000200000d8        0x4 app/libapp.a(main.c.obj)
                0x00000000200000d8                Xbound
 .data.hitboxes
                0x00000000200000dc       0x90 app/libapp.a(main.c.obj)
                0x00000000200000dc                hitboxes
 .data._char_out
                0x000000002000016c        0x4 zephyr/libzephyr.a(printk.c.obj)
 .data.handler  0x0000000020000170        0x4 zephyr/arch/arch/arm/core/libarch__arm__core.a(nmi.c.obj)
 .data.__stdout
                0x0000000020000174       0x10 zephyr/lib/libc/picolibc/liblib__libc__picolibc.a(libc-hooks.c.obj)
 .data.uart_stm32_data_0
                0x0000000020000184       0x10 zephyr/drivers/serial/libdrivers__serial.a(uart_stm32.c.obj)
 .data.uart_cfg_0
                0x0000000020000194        0x8 zephyr/drivers/serial/libdrivers__serial.a(uart_stm32.c.obj)
 .data.spi_stm32_dev_data_0
                0x000000002000019c       0x78 zephyr/drivers/spi/libdrivers__spi.a(spi_ll_stm32.c.obj)
 .data.SystemCoreClock
                0x0000000020000214        0x4 modules/hal_stm32/stm32cube/lib..__modules__hal__stm32__stm32cube.a(system_stm32f0xx.c.obj)
                0x0000000020000214                SystemCoreClock
 .data.timeout_list
                0x0000000020000218        0x8 zephyr/kernel/libkernel.a(timeout.c.obj)
 .data.pos_y2   0x0000000020000220        0x2 app/libapp.a(main.c.obj)
                0x0000000020000220                pos_y2
 .data.pos_x2   0x0000000020000222        0x2 app/libapp.a(main.c.obj)
                0x0000000020000222                pos_x2
 .data.pos_y1   0x0000000020000224        0x2 app/libapp.a(main.c.obj)
                0x0000000020000224                pos_y1
 .data.pos_x1   0x0000000020000226        0x2 app/libapp.a(main.c.obj)
                0x0000000020000226                pos_x1
 .data.inAir2   0x0000000020000228        0x1 app/libapp.a(main.c.obj)
                0x0000000020000228                inAir2
 .data.facingRight1
                0x0000000020000229        0x1 app/libapp.a(main.c.obj)
                0x0000000020000229                facingRight1
 .data.inAir1   0x000000002000022a        0x1 app/libapp.a(main.c.obj)
                0x000000002000022a                inAir1
 .data.exti_irq_table
                0x000000002000022b       0x10 zephyr/drivers/interrupt_controller/libdrivers__interrupt_controller.a(intc_exti_stm32.c.obj)
 *(SORT_BY_ALIGNMENT(.kernel.*))
                0x000000002000023b                __data_end = .
                0x000000000000017f                __data_size = (__data_end - __data_start)
                0x0000000008004c78                __data_load_start = LOADADDR (datas)
                0x0000000008004c78                __data_region_load_start = LOADADDR (datas)

device_states   0x000000002000023b       0x16 load address 0x0000000008004df7
                0x000000002000023b                __device_states_start = .
 *(SORT_BY_ALIGNMENT(.z_devstate))
 .z_devstate    0x000000002000023b        0x2 zephyr/drivers/interrupt_controller/libdrivers__interrupt_controller.a(intc_exti_stm32.c.obj)
 .z_devstate    0x000000002000023d        0x2 zephyr/drivers/clock_control/libdrivers__clock_control.a(clock_stm32_ll_common.c.obj)
 .z_devstate    0x000000002000023f        0xc zephyr/drivers/gpio/libdrivers__gpio.a(gpio_stm32.c.obj)
 .z_devstate    0x000000002000024b        0x2 zephyr/drivers/reset/libdrivers__reset.a(reset_stm32.c.obj)
 .z_devstate    0x000000002000024d        0x2 zephyr/drivers/serial/libdrivers__serial.a(uart_stm32.c.obj)
 .z_devstate    0x000000002000024f        0x2 zephyr/drivers/spi/libdrivers__spi.a(spi_ll_stm32.c.obj)
 *(SORT_BY_ALIGNMENT(.z_devstate.*))
                0x0000000020000251                __device_states_end = .

log_mpsc_pbuf_area
                0x0000000020000251        0x0 load address 0x0000000008004e0d
                0x0000000020000251                _log_mpsc_pbuf_list_start = .
 *(SORT_BY_NAME(SORT_BY_ALIGNMENT(._log_mpsc_pbuf.static.*)))
                0x0000000020000251                _log_mpsc_pbuf_list_end = .

log_msg_ptr_area
                0x0000000020000251        0x0 load address 0x0000000008004e0d
                0x0000000020000251                _log_msg_ptr_list_start = .
 *(SORT_BY_NAME(SORT_BY_ALIGNMENT(._log_msg_ptr.static.*)))
                0x0000000020000251                _log_msg_ptr_list_end = .

log_dynamic_area
                0x0000000020000251        0x0 load address 0x0000000008004e0d
                0x0000000020000251                _log_dynamic_list_start = .
 *(SORT_BY_NAME(SORT_BY_ALIGNMENT(._log_dynamic.static.*)))
                0x0000000020000251                _log_dynamic_list_end = .

k_timer_area    0x0000000020000251        0x0 load address 0x0000000008004e0d
                0x0000000020000251                _k_timer_list_start = .
 *(SORT_BY_NAME(SORT_BY_ALIGNMENT(._k_timer.static.*)))
                0x0000000020000251                _k_timer_list_end = .

k_mem_slab_area
                0x0000000020000251        0x0 load address 0x0000000008004e0d
                0x0000000020000251                _k_mem_slab_list_start = .
 *(SORT_BY_NAME(SORT_BY_ALIGNMENT(._k_mem_slab.static.*)))
                0x0000000020000251                _k_mem_slab_list_end = .

k_heap_area     0x0000000020000251        0x0 load address 0x0000000008004e0d
                0x0000000020000251                _k_heap_list_start = .
 *(SORT_BY_NAME(SORT_BY_ALIGNMENT(._k_heap.static.*)))
                0x0000000020000251                _k_heap_list_end = .

k_mutex_area    0x0000000020000251        0x0 load address 0x0000000008004e0d
                0x0000000020000251                _k_mutex_list_start = .
 *(SORT_BY_NAME(SORT_BY_ALIGNMENT(._k_mutex.static.*)))
                0x0000000020000251                _k_mutex_list_end = .

k_stack_area    0x0000000020000251        0x0 load address 0x0000000008004e0d
                0x0000000020000251                _k_stack_list_start = .
 *(SORT_BY_NAME(SORT_BY_ALIGNMENT(._k_stack.static.*)))
                0x0000000020000251                _k_stack_list_end = .

k_msgq_area     0x0000000020000251        0x0 load address 0x0000000008004e0d
                0x0000000020000251                _k_msgq_list_start = .
 *(SORT_BY_NAME(SORT_BY_ALIGNMENT(._k_msgq.static.*)))
                0x0000000020000251                _k_msgq_list_end = .

k_mbox_area     0x0000000020000251        0x0 load address 0x0000000008004e0d
                0x0000000020000251                _k_mbox_list_start = .
 *(SORT_BY_NAME(SORT_BY_ALIGNMENT(._k_mbox.static.*)))
                0x0000000020000251                _k_mbox_list_end = .

k_pipe_area     0x0000000020000251        0x0 load address 0x0000000008004e0d
                0x0000000020000251                _k_pipe_list_start = .
 *(SORT_BY_NAME(SORT_BY_ALIGNMENT(._k_pipe.static.*)))
                0x0000000020000251                _k_pipe_list_end = .

k_sem_area      0x0000000020000251        0x0 load address 0x0000000008004e0d
                0x0000000020000251                _k_sem_list_start = .
 *(SORT_BY_NAME(SORT_BY_ALIGNMENT(._k_sem.static.*)))
                0x0000000020000251                _k_sem_list_end = .

k_event_area    0x0000000020000251        0x0 load address 0x0000000008004e0d
                0x0000000020000251                _k_event_list_start = .
 *(SORT_BY_NAME(SORT_BY_ALIGNMENT(._k_event.static.*)))
                0x0000000020000251                _k_event_list_end = .

k_queue_area    0x0000000020000251        0x0 load address 0x0000000008004e0d
                0x0000000020000251                _k_queue_list_start = .
 *(SORT_BY_NAME(SORT_BY_ALIGNMENT(._k_queue.static.*)))
                0x0000000020000251                _k_queue_list_end = .

k_fifo_area     0x0000000020000251        0x0 load address 0x0000000008004e0d
                0x0000000020000251                _k_fifo_list_start = .
 *(SORT_BY_NAME(SORT_BY_ALIGNMENT(._k_fifo.static.*)))
                0x0000000020000251                _k_fifo_list_end = .

k_lifo_area     0x0000000020000251        0x0 load address 0x0000000008004e0d
                0x0000000020000251                _k_lifo_list_start = .
 *(SORT_BY_NAME(SORT_BY_ALIGNMENT(._k_lifo.static.*)))
                0x0000000020000251                _k_lifo_list_end = .

k_condvar_area  0x0000000020000251        0x0 load address 0x0000000008004e0d
                0x0000000020000251                _k_condvar_list_start = .
 *(SORT_BY_NAME(SORT_BY_ALIGNMENT(._k_condvar.static.*)))
                0x0000000020000251                _k_condvar_list_end = .

sys_mem_blocks_ptr_area
                0x0000000020000251        0x0 load address 0x0000000008004e0d
                0x0000000020000251                _sys_mem_blocks_ptr_list_start = .
 *(SORT_BY_NAME(SORT_BY_ALIGNMENT(._sys_mem_blocks_ptr.static.*)))
                0x0000000020000251                _sys_mem_blocks_ptr_list_end = .

net_buf_pool_area
                0x0000000020000251        0x0 load address 0x0000000008004e0d
                0x0000000020000251                _net_buf_pool_list_start = .
 *(SORT_BY_NAME(SORT_BY_ALIGNMENT(._net_buf_pool.static.*)))
                0x0000000020000251                _net_buf_pool_list_end = .
                0x0000000020000251                __data_region_end = .

bss             0x0000000020000258      0x366
                0x0000000020000258                . = ALIGN (0x4)
                0x0000000020000258                __bss_start = .
                0x0000000020000258                __kernel_ram_start = .
 *(SORT_BY_ALIGNMENT(.bss))
 *(SORT_BY_ALIGNMENT(.bss.*))
 .bss.z_idle_threads
                0x0000000020000258       0x78 zephyr/kernel/libkernel.a(init.c.obj)
                0x0000000020000258                z_idle_threads
 .bss.z_main_thread
                0x00000000200002d0       0x78 zephyr/kernel/libkernel.a(init.c.obj)
                0x00000000200002d0                z_main_thread
 .bss._thread_dummy
                0x0000000020000348       0x78 zephyr/kernel/libkernel.a(sched.c.obj)
                0x0000000020000348                _thread_dummy
 .bss.slice_timeouts
                0x00000000200003c0       0x18 zephyr/kernel/libkernel.a(timeslicing.c.obj)
 .bss.curr_tick
                0x00000000200003d8        0x8 zephyr/kernel/libkernel.a(timeout.c.obj)
 .bss.k_sys_work_q
                0x00000000200003e0       0x98 zephyr/kernel/libkernel.a(system_work_q.c.obj)
                0x00000000200003e0                k_sys_work_q
 .bss.jumpSpeed2
                0x0000000020000478        0x4 app/libapp.a(main.c.obj)
                0x0000000020000478                jumpSpeed2
 .bss.jumpSpeed1
                0x000000002000047c        0x4 app/libapp.a(main.c.obj)
                0x000000002000047c                jumpSpeed1
 .bss.z_arm_tls_ptr
                0x0000000020000480        0x4 zephyr/arch/arch/arm/core/libarch__arm__core.a(tls.c.obj)
                0x0000000020000480                z_arm_tls_ptr
 .bss._stdout_hook
                0x0000000020000484        0x4 zephyr/lib/libc/picolibc/liblib__libc__picolibc.a(libc-hooks.c.obj)
 .bss.z_malloc_heap
                0x0000000020000488        0xc zephyr/lib/libc/common/liblib__libc__common.a(malloc.c.obj)
 .bss.exti_data
                0x0000000020000494       0x80 zephyr/drivers/interrupt_controller/libdrivers__interrupt_controller.a(intc_exti_stm32.c.obj)
 .bss.gpio_stm32_data_f
                0x0000000020000514       0x10 zephyr/drivers/gpio/libdrivers__gpio.a(gpio_stm32.c.obj)
 .bss.gpio_stm32_data_e
                0x0000000020000524       0x10 zephyr/drivers/gpio/libdrivers__gpio.a(gpio_stm32.c.obj)
 .bss.gpio_stm32_data_d
                0x0000000020000534       0x10 zephyr/drivers/gpio/libdrivers__gpio.a(gpio_stm32.c.obj)
 .bss.gpio_stm32_data_c
                0x0000000020000544       0x10 zephyr/drivers/gpio/libdrivers__gpio.a(gpio_stm32.c.obj)
 .bss.gpio_stm32_data_b
                0x0000000020000554       0x10 zephyr/drivers/gpio/libdrivers__gpio.a(gpio_stm32.c.obj)
 .bss.gpio_stm32_data_a
                0x0000000020000564       0x10 zephyr/drivers/gpio/libdrivers__gpio.a(gpio_stm32.c.obj)
 .bss.overflow_cyc
                0x0000000020000574        0x4 zephyr/drivers/timer/libdrivers__timer.a(cortex_m_systick.c.obj)
 .bss.announced_cycles
                0x0000000020000578        0x4 zephyr/drivers/timer/libdrivers__timer.a(cortex_m_systick.c.obj)
 .bss.cycle_count
                0x000000002000057c        0x4 zephyr/drivers/timer/libdrivers__timer.a(cortex_m_systick.c.obj)
 .bss.last_load
                0x0000000020000580        0x4 zephyr/drivers/timer/libdrivers__timer.a(cortex_m_systick.c.obj)
 .bss._kernel   0x0000000020000584       0x20 zephyr/kernel/libkernel.a(init.c.obj)
                0x0000000020000584                _kernel
 .bss.pending_current
                0x00000000200005a4        0x4 zephyr/kernel/libkernel.a(timeslicing.c.obj)
                0x00000000200005a4                pending_current
 .bss.slice_max_prio
                0x00000000200005a8        0x4 zephyr/kernel/libkernel.a(timeslicing.c.obj)
 .bss.slice_ticks
                0x00000000200005ac        0x4 zephyr/kernel/libkernel.a(timeslicing.c.obj)
 .bss.announce_remaining
                0x00000000200005b0        0x4 zephyr/kernel/libkernel.a(timeout.c.obj)
 .bss.pending_cancels
                0x00000000200005b4        0x8 zephyr/kernel/libkernel.a(work.c.obj)
 .bss.z_sys_post_kernel
                0x00000000200005bc        0x1 zephyr/kernel/libkernel.a(init.c.obj)
                0x00000000200005bc                z_sys_post_kernel
 .bss.lock      0x00000000200005bd        0x0 zephyr/kernel/libkernel.a(sem.c.obj)
 .bss._sched_spinlock
                0x00000000200005bd        0x0 zephyr/kernel/libkernel.a(sched.c.obj)
                0x00000000200005bd                _sched_spinlock
 .bss.slice_expired
                0x00000000200005bd        0x1 zephyr/kernel/libkernel.a(timeslicing.c.obj)
 .bss.lock      0x00000000200005be        0x0 zephyr/kernel/libkernel.a(work.c.obj)
 *(SORT_BY_ALIGNMENT(COMMON))
 *(SORT_BY_ALIGNMENT(.kernel_bss.*))
                0x00000000200005c0                __bss_end = ALIGN (0x4)

noinit          0x00000000200005c0     0x1100
 *(SORT_BY_ALIGNMENT(.noinit))
 *(SORT_BY_ALIGNMENT(.noinit.*))
 .noinit."WEST_TOPDIR/zephyr/kernel/init.c".2
                0x00000000200005c0      0x800 zephyr/kernel/libkernel.a(init.c.obj)
                0x00000000200005c0                z_interrupt_stacks
 .noinit."WEST_TOPDIR/zephyr/kernel/init.c".1
                0x0000000020000dc0      0x100 zephyr/kernel/libkernel.a(init.c.obj)
 .noinit."WEST_TOPDIR/zephyr/kernel/init.c".0
                0x0000000020000ec0      0x400 zephyr/kernel/libkernel.a(init.c.obj)
                0x0000000020000ec0                z_main_stack
 .noinit."WEST_TOPDIR/zephyr/kernel/system_work_q.c".0
                0x00000000200012c0      0x400 zephyr/kernel/libkernel.a(system_work_q.c.obj)
 *(SORT_BY_ALIGNMENT(.kernel_noinit.*))
                0x0000000020008000                __kernel_ram_end = 0x20008000
                0x0000000000007da8                __kernel_ram_size = (__kernel_ram_end - __kernel_ram_start)

.intList        0x00000000ffff8000       0x58
 *(SORT_BY_ALIGNMENT(.irq_info*))
 .irq_info      0x00000000ffff8000        0x8 zephyr/arch/common/libisr_tables.a(isr_tables.c.obj)
                0x00000000ffff8000                _iheader
 *(SORT_BY_ALIGNMENT(.intList*))
 .intList       0x00000000ffff8008       0x30 zephyr/drivers/interrupt_controller/libdrivers__interrupt_controller.a(intc_exti_stm32.c.obj)
 .intList       0x00000000ffff8038       0x10 zephyr/drivers/serial/libdrivers__serial.a(uart_stm32.c.obj)
 .intList       0x00000000ffff8048       0x10 zephyr/drivers/spi/libdrivers__spi.a(spi_ll_stm32.c.obj)

.last_ram_section
                0x00000000200016c0        0x0
                0x00000000200016c0                _image_ram_end = .
                0x00000000000016c0                _image_ram_size = (_image_ram_end - _image_ram_start)
                0x00000000200016c0                _end = .
                0x00000000200016c0                z_mapped_end = .

.stab
 *(SORT_BY_ALIGNMENT(.stab))

.stabstr
 *(SORT_BY_ALIGNMENT(.stabstr))

.stab.excl
 *(SORT_BY_ALIGNMENT(.stab.excl))

.stab.exclstr
 *(SORT_BY_ALIGNMENT(.stab.exclstr))

.stab.index
 *(SORT_BY_ALIGNMENT(.stab.index))

.stab.indexstr
 *(SORT_BY_ALIGNMENT(.stab.indexstr))

.gnu.build.attributes
 *(SORT_BY_ALIGNMENT(.gnu.build.attributes) SORT_BY_ALIGNMENT(.gnu.build.attributes.*))

.comment        0x0000000000000000       0x20
 *(SORT_BY_ALIGNMENT(.comment))
 .comment       0x0000000000000000       0x20 zephyr/CMakeFiles/offsets.dir/./arch/arm/core/offsets/offsets.c.obj
                                         0x21 (size before relaxing)
 .comment       0x0000000000000020       0x21 app/libapp.a(main.c.obj)
 .comment       0x0000000000000020       0x21 zephyr/libzephyr.a(heap.c.obj)
 .comment       0x0000000000000020       0x21 zephyr/libzephyr.a(printk.c.obj)
 .comment       0x0000000000000020       0x21 zephyr/libzephyr.a(thread_entry.c.obj)
 .comment       0x0000000000000020       0x21 zephyr/libzephyr.a(configs.c.obj)
 .comment       0x0000000000000020       0x21 zephyr/libzephyr.a(soc_config.c.obj)
 .comment       0x0000000000000020       0x21 zephyr/libzephyr.a(soc.c.obj)
 .comment       0x0000000000000020       0x21 zephyr/arch/arch/arm/core/libarch__arm__core.a(fatal.c.obj)
 .comment       0x0000000000000020       0x21 zephyr/arch/arch/arm/core/libarch__arm__core.a(nmi.c.obj)
 .comment       0x0000000000000020       0x21 zephyr/arch/arch/arm/core/libarch__arm__core.a(tls.c.obj)
 .comment       0x0000000000000020       0x21 zephyr/arch/arch/arm/core/cortex_m/libarch__arm__core__cortex_m.a(exc_exit.c.obj)
 .comment       0x0000000000000020       0x21 zephyr/arch/arch/arm/core/cortex_m/libarch__arm__core__cortex_m.a(fault.c.obj)
 .comment       0x0000000000000020       0x21 zephyr/arch/arch/arm/core/cortex_m/libarch__arm__core__cortex_m.a(thread_abort.c.obj)
 .comment       0x0000000000000020       0x21 zephyr/arch/arch/arm/core/cortex_m/libarch__arm__core__cortex_m.a(swap.c.obj)
 .comment       0x0000000000000020       0x21 zephyr/arch/arch/arm/core/cortex_m/libarch__arm__core__cortex_m.a(irq_manage.c.obj)
 .comment       0x0000000000000020       0x21 zephyr/arch/arch/arm/core/cortex_m/libarch__arm__core__cortex_m.a(prep_c.c.obj)
 .comment       0x0000000000000020       0x21 zephyr/arch/arch/arm/core/cortex_m/libarch__arm__core__cortex_m.a(thread.c.obj)
 .comment       0x0000000000000020       0x21 zephyr/arch/arch/arm/core/cortex_m/libarch__arm__core__cortex_m.a(cpu_idle.c.obj)
 .comment       0x0000000000000020       0x21 zephyr/arch/arch/arm/core/cortex_m/libarch__arm__core__cortex_m.a(irq_init.c.obj)
 .comment       0x0000000000000020       0x21 zephyr/arch/arch/arm/core/cortex_m/libarch__arm__core__cortex_m.a(isr_wrapper.c.obj)
 .comment       0x0000000000000020       0x21 zephyr/lib/libc/picolibc/liblib__libc__picolibc.a(libc-hooks.c.obj)
 .comment       0x0000000000000020       0x21 zephyr/lib/libc/common/liblib__libc__common.a(malloc.c.obj)
 .comment       0x0000000000000020       0x21 zephyr/drivers/interrupt_controller/libdrivers__interrupt_controller.a(intc_exti_stm32.c.obj)
 .comment       0x0000000000000020       0x21 zephyr/drivers/clock_control/libdrivers__clock_control.a(clock_stm32_ll_common.c.obj)
 .comment       0x0000000000000020       0x21 zephyr/drivers/clock_control/libdrivers__clock_control.a(clock_stm32f0_f3.c.obj)
 .comment       0x0000000000000020       0x21 zephyr/drivers/console/libdrivers__console.a(uart_console.c.obj)
 .comment       0x0000000000000020       0x21 zephyr/drivers/gpio/libdrivers__gpio.a(gpio_stm32.c.obj)
 .comment       0x0000000000000020       0x21 zephyr/drivers/pinctrl/libdrivers__pinctrl.a(common.c.obj)
 .comment       0x0000000000000020       0x21 zephyr/drivers/pinctrl/libdrivers__pinctrl.a(pinctrl_stm32.c.obj)
 .comment       0x0000000000000020       0x21 zephyr/drivers/reset/libdrivers__reset.a(reset_stm32.c.obj)
 .comment       0x0000000000000020       0x21 zephyr/drivers/serial/libdrivers__serial.a(uart_stm32.c.obj)
 .comment       0x0000000000000020       0x21 zephyr/drivers/spi/libdrivers__spi.a(spi_ll_stm32.c.obj)
 .comment       0x0000000000000020       0x21 zephyr/drivers/timer/libdrivers__timer.a(cortex_m_systick.c.obj)
 .comment       0x0000000000000020       0x21 modules/hal_stm32/stm32cube/lib..__modules__hal__stm32__stm32cube.a(system_stm32f0xx.c.obj)
 .comment       0x0000000000000020       0x21 modules/hal_stm32/stm32cube/lib..__modules__hal__stm32__stm32cube.a(stm32f0xx_hal_rcc.c.obj)
 .comment       0x0000000000000020       0x21 modules/hal_stm32/stm32cube/lib..__modules__hal__stm32__stm32cube.a(stm32f0xx_ll_utils.c.obj)
 .comment       0x0000000000000020       0x21 zephyr/kernel/libkernel.a(busy_wait.c.obj)
 .comment       0x0000000000000020       0x21 zephyr/kernel/libkernel.a(device.c.obj)
 .comment       0x0000000000000020       0x21 zephyr/kernel/libkernel.a(fatal.c.obj)
 .comment       0x0000000000000020       0x21 zephyr/kernel/libkernel.a(init.c.obj)
 .comment       0x0000000000000020       0x21 zephyr/kernel/libkernel.a(init_static.c.obj)
 .comment       0x0000000000000020       0x21 zephyr/kernel/libkernel.a(idle.c.obj)
 .comment       0x0000000000000020       0x21 zephyr/kernel/libkernel.a(sem.c.obj)
 .comment       0x0000000000000020       0x21 zephyr/kernel/libkernel.a(thread.c.obj)
 .comment       0x0000000000000020       0x21 zephyr/kernel/libkernel.a(sched.c.obj)
 .comment       0x0000000000000020       0x21 zephyr/kernel/libkernel.a(timeslicing.c.obj)
 .comment       0x0000000000000020       0x21 zephyr/kernel/libkernel.a(xip.c.obj)
 .comment       0x0000000000000020       0x21 zephyr/kernel/libkernel.a(timeout.c.obj)
 .comment       0x0000000000000020       0x21 zephyr/kernel/libkernel.a(poll.c.obj)
 .comment       0x0000000000000020       0x21 zephyr/kernel/libkernel.a(banner.c.obj)
 .comment       0x0000000000000020       0x21 zephyr/kernel/libkernel.a(system_work_q.c.obj)
 .comment       0x0000000000000020       0x21 zephyr/kernel/libkernel.a(work.c.obj)
 .comment       0x0000000000000020       0x21 zephyr/arch/common/libisr_tables.a(isr_tables.c.obj)

.debug
 *(SORT_BY_ALIGNMENT(.debug))

.line
 *(SORT_BY_ALIGNMENT(.line))

.debug_srcinfo
 *(SORT_BY_ALIGNMENT(.debug_srcinfo))

.debug_sfnames
 *(SORT_BY_ALIGNMENT(.debug_sfnames))

.debug_aranges  0x0000000000000000     0x1128
 *(SORT_BY_ALIGNMENT(.debug_aranges))
 .debug_aranges
                0x0000000000000000       0x20 zephyr/arch/arch/arm/core/libarch__arm__core.a(nmi_on_reset.S.obj)
 .debug_aranges
                0x0000000000000020       0x20 zephyr/arch/arch/arm/core/cortex_m/libarch__arm__core__cortex_m.a(fault_s.S.obj)
 .debug_aranges
                0x0000000000000040       0x20 zephyr/arch/arch/arm/core/cortex_m/libarch__arm__core__cortex_m.a(reset.S.obj)
 .debug_aranges
                0x0000000000000060       0x28 zephyr/arch/arch/arm/core/cortex_m/libarch__arm__core__cortex_m.a(swap_helper.S.obj)
 .debug_aranges
                0x0000000000000088       0x20 zephyr/arch/arch/arm/core/cortex_m/libarch__arm__core__cortex_m.a(__aeabi_read_tp.S.obj)
 .debug_aranges
                0x00000000000000a8       0x20 zephyr/CMakeFiles/offsets.dir/./arch/arm/core/offsets/offsets.c.obj
 .debug_aranges
                0x00000000000000c8       0x60 app/libapp.a(main.c.obj)
 .debug_aranges
                0x0000000000000128       0x88 zephyr/libzephyr.a(heap.c.obj)
 .debug_aranges
                0x00000000000001b0       0x50 zephyr/libzephyr.a(printk.c.obj)
 .debug_aranges
                0x0000000000000200       0x20 zephyr/libzephyr.a(thread_entry.c.obj)
 .debug_aranges
                0x0000000000000220       0x20 zephyr/libzephyr.a(configs.c.obj)
 .debug_aranges
                0x0000000000000240       0x20 zephyr/libzephyr.a(soc_config.c.obj)
 .debug_aranges
                0x0000000000000260       0x28 zephyr/libzephyr.a(soc.c.obj)
 .debug_aranges
                0x0000000000000288       0x30 zephyr/arch/arch/arm/core/libarch__arm__core.a(fatal.c.obj)
 .debug_aranges
                0x00000000000002b8       0x28 zephyr/arch/arch/arm/core/libarch__arm__core.a(nmi.c.obj)
 .debug_aranges
                0x00000000000002e0       0x20 zephyr/arch/arch/arm/core/libarch__arm__core.a(tls.c.obj)
 .debug_aranges
                0x0000000000000300       0x20 zephyr/arch/arch/arm/core/cortex_m/libarch__arm__core__cortex_m.a(exc_exit.c.obj)
 .debug_aranges
                0x0000000000000320       0x28 zephyr/arch/arch/arm/core/cortex_m/libarch__arm__core__cortex_m.a(fault.c.obj)
 .debug_aranges
                0x0000000000000348       0x20 zephyr/arch/arch/arm/core/cortex_m/libarch__arm__core__cortex_m.a(thread_abort.c.obj)
 .debug_aranges
                0x0000000000000368       0x28 zephyr/arch/arch/arm/core/cortex_m/libarch__arm__core__cortex_m.a(swap.c.obj)
 .debug_aranges
                0x0000000000000390       0x40 zephyr/arch/arch/arm/core/cortex_m/libarch__arm__core__cortex_m.a(irq_manage.c.obj)
 .debug_aranges
                0x00000000000003d0       0x28 zephyr/arch/arch/arm/core/cortex_m/libarch__arm__core__cortex_m.a(prep_c.c.obj)
 .debug_aranges
                0x00000000000003f8       0x38 zephyr/arch/arch/arm/core/cortex_m/libarch__arm__core__cortex_m.a(thread.c.obj)
 .debug_aranges