
*** Running vivado
    with args -log DVI_Top.vds -m64 -product Vivado -mode batch -messageDb vivado.pb -notrace -source DVI_Top.tcl



****** Vivado v2024.1 (64-bit)
  **** SW Build 5076996 on Wed May 22 18:37:14 MDT 2024
  **** IP Build 5075265 on Wed May 22 21:45:21 MDT 2024
  **** SharedData Build 5076995 on Wed May 22 18:29:18 MDT 2024
  **** Start of session at: Thu Apr 10 09:19:16 2025
    ** Copyright 1986-2022 Xilinx, Inc. All Rights Reserved.
    ** Copyright 2022-2024 Advanced Micro Devices, Inc. All Rights Reserved.

source DVI_Top.tcl -notrace
create_project: Time (s): cpu = 00:00:05 ; elapsed = 00:00:06 . Memory (MB): peak = 496.812 ; gain = 201.074
Command: read_checkpoint -auto_incremental -incremental C:/Progh/Code/Project_RetroGame/Oplevering/EindProject_FPGA.srcs/utils_1/imports/synth_1/DVI.dcp
INFO: [Vivado 12-5825] Read reference checkpoint from C:/Progh/Code/Project_RetroGame/Oplevering/EindProject_FPGA.srcs/utils_1/imports/synth_1/DVI.dcp for incremental synthesis
INFO: [Vivado 12-7989] Please ensure there are no constraint changes
Command: synth_design -top DVI_Top -part xc7a35tcpg236-1
Starting synth_design
Attempting to get a license for feature 'Synthesis' and/or device 'xc7a35t'
INFO: [Common 17-349] Got license for feature 'Synthesis' and/or device 'xc7a35t'
INFO: [Device 21-403] Loading part xc7a35tcpg236-1
INFO: [Device 21-9227] Part: xc7a35tcpg236-1 does not have CEAM library.
INFO: [Designutils 20-5440] No compile time benefit to using incremental synthesis; A full resynthesis will be run
INFO: [Designutils 20-4379] Flow is switching to default flow due to incremental criteria not met. If you would like to alter this behaviour and have the flow terminate instead, please set the following parameter config_implementation {autoIncr.Synth.RejectBehavior Terminate}
INFO: [Synth 8-7079] Multithreading enabled for synth_design using a maximum of 2 processes.
INFO: [Synth 8-7078] Launching helper process for spawning children vivado processes
INFO: [Synth 8-7075] Helper process launched with PID 22692
---------------------------------------------------------------------------------
Starting RTL Elaboration : Time (s): cpu = 00:00:04 ; elapsed = 00:00:05 . Memory (MB): peak = 1365.816 ; gain = 449.461
---------------------------------------------------------------------------------
INFO: [Synth 8-638] synthesizing module 'DVI_Top' [C:/Progh/Code/Project_RetroGame/Oplevering/EindProject_FPGA.srcs/sources_1/imports/Week 5 + 6 - Bounching Square - Ball/DVI.vhd:19]
INFO: [Synth 8-3491] module 'clkDVIprescaler' declared at 'C:/Progh/Code/Project_RetroGame/Oplevering/EindProject_FPGA.runs/synth_1/.Xil/Vivado-15248-DESKTOP-H0VVJ00/realtime/clkDVIprescaler_stub.v:6' bound to instance 'prescaler_instance' of component 'clkDVIprescaler' [C:/Progh/Code/Project_RetroGame/Oplevering/EindProject_FPGA.srcs/sources_1/imports/Week 5 + 6 - Bounching Square - Ball/DVI.vhd:75]
INFO: [Synth 8-6157] synthesizing module 'clkDVIprescaler' [C:/Progh/Code/Project_RetroGame/Oplevering/EindProject_FPGA.runs/synth_1/.Xil/Vivado-15248-DESKTOP-H0VVJ00/realtime/clkDVIprescaler_stub.v:6]
INFO: [Synth 8-6155] done synthesizing module 'clkDVIprescaler' (0#1) [C:/Progh/Code/Project_RetroGame/Oplevering/EindProject_FPGA.runs/synth_1/.Xil/Vivado-15248-DESKTOP-H0VVJ00/realtime/clkDVIprescaler_stub.v:6]
INFO: [Synth 8-3491] module 'ReadSpi' declared at 'C:/Progh/Code/Project_RetroGame/Oplevering/EindProject_FPGA.srcs/sources_1/new/ReadSpi.vhd:6' bound to instance 'Spi_instance' of component 'ReadSpi' [C:/Progh/Code/Project_RetroGame/Oplevering/EindProject_FPGA.srcs/sources_1/imports/Week 5 + 6 - Bounching Square - Ball/DVI.vhd:81]
INFO: [Synth 8-638] synthesizing module 'ReadSpi' [C:/Progh/Code/Project_RetroGame/Oplevering/EindProject_FPGA.srcs/sources_1/new/ReadSpi.vhd:15]
INFO: [Synth 8-256] done synthesizing module 'ReadSpi' (0#1) [C:/Progh/Code/Project_RetroGame/Oplevering/EindProject_FPGA.srcs/sources_1/new/ReadSpi.vhd:15]
INFO: [Synth 8-3491] module 'DVI_Driver' declared at 'C:/Progh/Code/Project_RetroGame/Oplevering/EindProject_FPGA.srcs/sources_1/new/DVI_Display.vhd:5' bound to instance 'dvi_driver_inst' of component 'DVI_Driver' [C:/Progh/Code/Project_RetroGame/Oplevering/EindProject_FPGA.srcs/sources_1/imports/Week 5 + 6 - Bounching Square - Ball/DVI.vhd:90]
INFO: [Synth 8-638] synthesizing module 'DVI_Driver' [C:/Progh/Code/Project_RetroGame/Oplevering/EindProject_FPGA.srcs/sources_1/new/DVI_Display.vhd:16]
INFO: [Synth 8-256] done synthesizing module 'DVI_Driver' (0#1) [C:/Progh/Code/Project_RetroGame/Oplevering/EindProject_FPGA.srcs/sources_1/new/DVI_Display.vhd:16]
INFO: [Synth 8-3491] module 'Pixel_Gen' declared at 'C:/Progh/Code/Project_RetroGame/Oplevering/EindProject_FPGA.srcs/sources_1/new/XY_GEN.vhd:5' bound to instance 'pixel_gen_inst' of component 'Pixel_Gen' [C:/Progh/Code/Project_RetroGame/Oplevering/EindProject_FPGA.srcs/sources_1/imports/Week 5 + 6 - Bounching Square - Ball/DVI.vhd:101]
INFO: [Synth 8-638] synthesizing module 'Pixel_Gen' [C:/Progh/Code/Project_RetroGame/Oplevering/EindProject_FPGA.srcs/sources_1/new/XY_GEN.vhd:16]
INFO: [Synth 8-3491] module 'DisplayRounds' declared at 'C:/Progh/Code/Project_RetroGame/Oplevering/EindProject_FPGA.srcs/sources_1/new/DisplayRounds.vhd:5' bound to instance 'DisplayRounds_inst' of component 'DisplayRounds' [C:/Progh/Code/Project_RetroGame/Oplevering/EindProject_FPGA.srcs/sources_1/new/XY_GEN.vhd:159]
INFO: [Synth 8-638] synthesizing module 'DisplayRounds' [C:/Progh/Code/Project_RetroGame/Oplevering/EindProject_FPGA.srcs/sources_1/new/DisplayRounds.vhd:15]
WARNING: [Synth 8-614] signal 'spi_data_in' is read in the process but is not in the sensitivity list [C:/Progh/Code/Project_RetroGame/Oplevering/EindProject_FPGA.srcs/sources_1/new/DisplayRounds.vhd:39]
WARNING: [Synth 8-614] signal 'currentRound' is read in the process but is not in the sensitivity list [C:/Progh/Code/Project_RetroGame/Oplevering/EindProject_FPGA.srcs/sources_1/new/DisplayRounds.vhd:49]
INFO: [Synth 8-256] done synthesizing module 'DisplayRounds' (0#1) [C:/Progh/Code/Project_RetroGame/Oplevering/EindProject_FPGA.srcs/sources_1/new/DisplayRounds.vhd:15]
INFO: [Synth 8-3491] module 'DisplayHUD' declared at 'C:/Progh/Code/Project_RetroGame/Oplevering/EindProject_FPGA.srcs/sources_1/new/DisplayHUD.vhd:5' bound to instance 'DisplayHUD_inst' of component 'DisplayHUD' [C:/Progh/Code/Project_RetroGame/Oplevering/EindProject_FPGA.srcs/sources_1/new/XY_GEN.vhd:172]
INFO: [Synth 8-638] synthesizing module 'DisplayHUD' [C:/Progh/Code/Project_RetroGame/Oplevering/EindProject_FPGA.srcs/sources_1/new/DisplayHUD.vhd:46]
WARNING: [Synth 8-614] signal 'lives_icon_p1' is read in the process but is not in the sensitivity list [C:/Progh/Code/Project_RetroGame/Oplevering/EindProject_FPGA.srcs/sources_1/new/DisplayHUD.vhd:189]
WARNING: [Synth 8-614] signal 'local_y' is read in the process but is not in the sensitivity list [C:/Progh/Code/Project_RetroGame/Oplevering/EindProject_FPGA.srcs/sources_1/new/DisplayHUD.vhd:189]
WARNING: [Synth 8-614] signal 'local_x' is read in the process but is not in the sensitivity list [C:/Progh/Code/Project_RetroGame/Oplevering/EindProject_FPGA.srcs/sources_1/new/DisplayHUD.vhd:189]
WARNING: [Synth 8-614] signal 'rom_data_lives' is read in the process but is not in the sensitivity list [C:/Progh/Code/Project_RetroGame/Oplevering/EindProject_FPGA.srcs/sources_1/new/DisplayHUD.vhd:189]
WARNING: [Synth 8-614] signal 'rom_data_empty_lives' is read in the process but is not in the sensitivity list [C:/Progh/Code/Project_RetroGame/Oplevering/EindProject_FPGA.srcs/sources_1/new/DisplayHUD.vhd:189]
WARNING: [Synth 8-614] signal 'lives_icon_p2' is read in the process but is not in the sensitivity list [C:/Progh/Code/Project_RetroGame/Oplevering/EindProject_FPGA.srcs/sources_1/new/DisplayHUD.vhd:189]
WARNING: [Synth 8-614] signal 'ammo_icon_p1' is read in the process but is not in the sensitivity list [C:/Progh/Code/Project_RetroGame/Oplevering/EindProject_FPGA.srcs/sources_1/new/DisplayHUD.vhd:189]
WARNING: [Synth 8-614] signal 'rom_data_ammo' is read in the process but is not in the sensitivity list [C:/Progh/Code/Project_RetroGame/Oplevering/EindProject_FPGA.srcs/sources_1/new/DisplayHUD.vhd:189]
WARNING: [Synth 8-614] signal 'rom_data_empty_ammo' is read in the process but is not in the sensitivity list [C:/Progh/Code/Project_RetroGame/Oplevering/EindProject_FPGA.srcs/sources_1/new/DisplayHUD.vhd:189]
WARNING: [Synth 8-614] signal 'ammo_icon_p2' is read in the process but is not in the sensitivity list [C:/Progh/Code/Project_RetroGame/Oplevering/EindProject_FPGA.srcs/sources_1/new/DisplayHUD.vhd:189]
INFO: [Synth 8-256] done synthesizing module 'DisplayHUD' (0#1) [C:/Progh/Code/Project_RetroGame/Oplevering/EindProject_FPGA.srcs/sources_1/new/DisplayHUD.vhd:46]
INFO: [Synth 8-3491] module 'DisplayHoofdMenu' declared at 'C:/Progh/Code/Project_RetroGame/Oplevering/EindProject_FPGA.srcs/sources_1/new/DisplayMenus.vhd:5' bound to instance 'DisplayHoofdMenu_inst' of component 'DisplayHoofdmenu' [C:/Progh/Code/Project_RetroGame/Oplevering/EindProject_FPGA.srcs/sources_1/new/XY_GEN.vhd:199]
INFO: [Synth 8-638] synthesizing module 'DisplayHoofdMenu' [C:/Progh/Code/Project_RetroGame/Oplevering/EindProject_FPGA.srcs/sources_1/new/DisplayMenus.vhd:15]
INFO: [Synth 8-3491] module 'blk_mem_gen_14' declared at 'C:/Progh/Code/Project_RetroGame/Oplevering/EindProject_FPGA.runs/synth_1/.Xil/Vivado-15248-DESKTOP-H0VVJ00/realtime/blk_mem_gen_14_stub.v:6' bound to instance 'ROM_inst_0' of component 'blk_mem_gen_14' [C:/Progh/Code/Project_RetroGame/Oplevering/EindProject_FPGA.srcs/sources_1/new/DisplayMenus.vhd:90]
INFO: [Synth 8-6157] synthesizing module 'blk_mem_gen_14' [C:/Progh/Code/Project_RetroGame/Oplevering/EindProject_FPGA.runs/synth_1/.Xil/Vivado-15248-DESKTOP-H0VVJ00/realtime/blk_mem_gen_14_stub.v:6]
INFO: [Synth 8-6155] done synthesizing module 'blk_mem_gen_14' (0#1) [C:/Progh/Code/Project_RetroGame/Oplevering/EindProject_FPGA.runs/synth_1/.Xil/Vivado-15248-DESKTOP-H0VVJ00/realtime/blk_mem_gen_14_stub.v:6]
INFO: [Synth 8-3491] module 'blk_mem_gen_15' declared at 'C:/Progh/Code/Project_RetroGame/Oplevering/EindProject_FPGA.runs/synth_1/.Xil/Vivado-15248-DESKTOP-H0VVJ00/realtime/blk_mem_gen_15_stub.v:6' bound to instance 'ROM_inst_1' of component 'blk_mem_gen_15' [C:/Progh/Code/Project_RetroGame/Oplevering/EindProject_FPGA.srcs/sources_1/new/DisplayMenus.vhd:98]
INFO: [Synth 8-6157] synthesizing module 'blk_mem_gen_15' [C:/Progh/Code/Project_RetroGame/Oplevering/EindProject_FPGA.runs/synth_1/.Xil/Vivado-15248-DESKTOP-H0VVJ00/realtime/blk_mem_gen_15_stub.v:6]
INFO: [Synth 8-6155] done synthesizing module 'blk_mem_gen_15' (0#1) [C:/Progh/Code/Project_RetroGame/Oplevering/EindProject_FPGA.runs/synth_1/.Xil/Vivado-15248-DESKTOP-H0VVJ00/realtime/blk_mem_gen_15_stub.v:6]
INFO: [Synth 8-3491] module 'blk_mem_gen_16' declared at 'C:/Progh/Code/Project_RetroGame/Oplevering/EindProject_FPGA.runs/synth_1/.Xil/Vivado-15248-DESKTOP-H0VVJ00/realtime/blk_mem_gen_16_stub.v:6' bound to instance 'ROM_inst_2' of component 'blk_mem_gen_16' [C:/Progh/Code/Project_RetroGame/Oplevering/EindProject_FPGA.srcs/sources_1/new/DisplayMenus.vhd:106]
INFO: [Synth 8-6157] synthesizing module 'blk_mem_gen_16' [C:/Progh/Code/Project_RetroGame/Oplevering/EindProject_FPGA.runs/synth_1/.Xil/Vivado-15248-DESKTOP-H0VVJ00/realtime/blk_mem_gen_16_stub.v:6]
INFO: [Synth 8-6155] done synthesizing module 'blk_mem_gen_16' (0#1) [C:/Progh/Code/Project_RetroGame/Oplevering/EindProject_FPGA.runs/synth_1/.Xil/Vivado-15248-DESKTOP-H0VVJ00/realtime/blk_mem_gen_16_stub.v:6]
INFO: [Synth 8-3491] module 'blk_mem_gen_17' declared at 'C:/Progh/Code/Project_RetroGame/Oplevering/EindProject_FPGA.runs/synth_1/.Xil/Vivado-15248-DESKTOP-H0VVJ00/realtime/blk_mem_gen_17_stub.v:6' bound to instance 'ROM_inst_3' of component 'blk_mem_gen_17' [C:/Progh/Code/Project_RetroGame/Oplevering/EindProject_FPGA.srcs/sources_1/new/DisplayMenus.vhd:114]
INFO: [Synth 8-6157] synthesizing module 'blk_mem_gen_17' [C:/Progh/Code/Project_RetroGame/Oplevering/EindProject_FPGA.runs/synth_1/.Xil/Vivado-15248-DESKTOP-H0VVJ00/realtime/blk_mem_gen_17_stub.v:6]
INFO: [Synth 8-6155] done synthesizing module 'blk_mem_gen_17' (0#1) [C:/Progh/Code/Project_RetroGame/Oplevering/EindProject_FPGA.runs/synth_1/.Xil/Vivado-15248-DESKTOP-H0VVJ00/realtime/blk_mem_gen_17_stub.v:6]
INFO: [Synth 8-226] default block is never used [C:/Progh/Code/Project_RetroGame/Oplevering/EindProject_FPGA.srcs/sources_1/new/DisplayMenus.vhd:164]
INFO: [Synth 8-256] done synthesizing module 'DisplayHoofdMenu' (0#1) [C:/Progh/Code/Project_RetroGame/Oplevering/EindProject_FPGA.srcs/sources_1/new/DisplayMenus.vhd:15]
INFO: [Synth 8-3491] module 'CharacterController' declared at 'C:/Progh/Code/Project_RetroGame/Oplevering/EindProject_FPGA.srcs/sources_1/new/CharacterController.vhd:5' bound to instance 'DisplayCharacter_inst' of component 'CharacterController' [C:/Progh/Code/Project_RetroGame/Oplevering/EindProject_FPGA.srcs/sources_1/new/XY_GEN.vhd:211]
INFO: [Synth 8-638] synthesizing module 'CharacterController' [C:/Progh/Code/Project_RetroGame/Oplevering/EindProject_FPGA.srcs/sources_1/new/CharacterController.vhd:15]
INFO: [Synth 8-3491] module 'ControlCharacter' declared at 'C:/Progh/Code/Project_RetroGame/Oplevering/EindProject_FPGA.srcs/sources_1/new/ControlCharacter.vhd:5' bound to instance 'ControlChar_inst' of component 'ControlCharacter' [C:/Progh/Code/Project_RetroGame/Oplevering/EindProject_FPGA.srcs/sources_1/new/CharacterController.vhd:104]
INFO: [Synth 8-638] synthesizing module 'ControlCharacter' [C:/Progh/Code/Project_RetroGame/Oplevering/EindProject_FPGA.srcs/sources_1/new/ControlCharacter.vhd:16]
INFO: [Synth 8-256] done synthesizing module 'ControlCharacter' (0#1) [C:/Progh/Code/Project_RetroGame/Oplevering/EindProject_FPGA.srcs/sources_1/new/ControlCharacter.vhd:16]
INFO: [Synth 8-3491] module 'blk_mem_gen_5' declared at 'C:/Progh/Code/Project_RetroGame/Oplevering/EindProject_FPGA.runs/synth_1/.Xil/Vivado-15248-DESKTOP-H0VVJ00/realtime/blk_mem_gen_5_stub.v:6' bound to instance 'ROM_inst_1' of component 'blk_mem_gen_5' [C:/Progh/Code/Project_RetroGame/Oplevering/EindProject_FPGA.srcs/sources_1/new/CharacterController.vhd:150]
INFO: [Synth 8-6157] synthesizing module 'blk_mem_gen_5' [C:/Progh/Code/Project_RetroGame/Oplevering/EindProject_FPGA.runs/synth_1/.Xil/Vivado-15248-DESKTOP-H0VVJ00/realtime/blk_mem_gen_5_stub.v:6]
INFO: [Synth 8-6155] done synthesizing module 'blk_mem_gen_5' (0#1) [C:/Progh/Code/Project_RetroGame/Oplevering/EindProject_FPGA.runs/synth_1/.Xil/Vivado-15248-DESKTOP-H0VVJ00/realtime/blk_mem_gen_5_stub.v:6]
INFO: [Synth 8-3491] module 'blk_mem_gen_6' declared at 'C:/Progh/Code/Project_RetroGame/Oplevering/EindProject_FPGA.runs/synth_1/.Xil/Vivado-15248-DESKTOP-H0VVJ00/realtime/blk_mem_gen_6_stub.v:6' bound to instance 'ROM_inst_2' of component 'blk_mem_gen_6' [C:/Progh/Code/Project_RetroGame/Oplevering/EindProject_FPGA.srcs/sources_1/new/CharacterController.vhd:158]
INFO: [Synth 8-6157] synthesizing module 'blk_mem_gen_6' [C:/Progh/Code/Project_RetroGame/Oplevering/EindProject_FPGA.runs/synth_1/.Xil/Vivado-15248-DESKTOP-H0VVJ00/realtime/blk_mem_gen_6_stub.v:6]
INFO: [Synth 8-6155] done synthesizing module 'blk_mem_gen_6' (0#1) [C:/Progh/Code/Project_RetroGame/Oplevering/EindProject_FPGA.runs/synth_1/.Xil/Vivado-15248-DESKTOP-H0VVJ00/realtime/blk_mem_gen_6_stub.v:6]
INFO: [Synth 8-3491] module 'blk_mem_gen_7' declared at 'C:/Progh/Code/Project_RetroGame/Oplevering/EindProject_FPGA.runs/synth_1/.Xil/Vivado-15248-DESKTOP-H0VVJ00/realtime/blk_mem_gen_7_stub.v:6' bound to instance 'ROM_inst_3' of component 'blk_mem_gen_7' [C:/Progh/Code/Project_RetroGame/Oplevering/EindProject_FPGA.srcs/sources_1/new/CharacterController.vhd:166]
INFO: [Synth 8-6157] synthesizing module 'blk_mem_gen_7' [C:/Progh/Code/Project_RetroGame/Oplevering/EindProject_FPGA.runs/synth_1/.Xil/Vivado-15248-DESKTOP-H0VVJ00/realtime/blk_mem_gen_7_stub.v:6]
INFO: [Synth 8-6155] done synthesizing module 'blk_mem_gen_7' (0#1) [C:/Progh/Code/Project_RetroGame/Oplevering/EindProject_FPGA.runs/synth_1/.Xil/Vivado-15248-DESKTOP-H0VVJ00/realtime/blk_mem_gen_7_stub.v:6]
INFO: [Synth 8-3491] module 'blk_mem_gen_8' declared at 'C:/Progh/Code/Project_RetroGame/Oplevering/EindProject_FPGA.runs/synth_1/.Xil/Vivado-15248-DESKTOP-H0VVJ00/realtime/blk_mem_gen_8_stub.v:6' bound to instance 'ROM_inst_4' of component 'blk_mem_gen_8' [C:/Progh/Code/Project_RetroGame/Oplevering/EindProject_FPGA.srcs/sources_1/new/CharacterController.vhd:174]
INFO: [Synth 8-6157] synthesizing module 'blk_mem_gen_8' [C:/Progh/Code/Project_RetroGame/Oplevering/EindProject_FPGA.runs/synth_1/.Xil/Vivado-15248-DESKTOP-H0VVJ00/realtime/blk_mem_gen_8_stub.v:6]
INFO: [Synth 8-6155] done synthesizing module 'blk_mem_gen_8' (0#1) [C:/Progh/Code/Project_RetroGame/Oplevering/EindProject_FPGA.runs/synth_1/.Xil/Vivado-15248-DESKTOP-H0VVJ00/realtime/blk_mem_gen_8_stub.v:6]
INFO: [Synth 8-256] done synthesizing module 'CharacterController' (0#1) [C:/Progh/Code/Project_RetroGame/Oplevering/EindProject_FPGA.srcs/sources_1/new/CharacterController.vhd:15]
INFO: [Synth 8-3491] module 'CharacterControllerPlayer2' declared at 'C:/Progh/Code/Project_RetroGame/Oplevering/EindProject_FPGA.srcs/sources_1/new/CharacterControllerPlayer2.vhd:5' bound to instance 'DisplayCharacter_inst_Player2' of component 'CharacterControllerPlayer2' [C:/Progh/Code/Project_RetroGame/Oplevering/EindProject_FPGA.srcs/sources_1/new/XY_GEN.vhd:220]
INFO: [Synth 8-638] synthesizing module 'CharacterControllerPlayer2' [C:/Progh/Code/Project_RetroGame/Oplevering/EindProject_FPGA.srcs/sources_1/new/CharacterControllerPlayer2.vhd:15]
INFO: [Synth 8-3491] module 'ControlCharacterPlayer2' declared at 'C:/Progh/Code/Project_RetroGame/Oplevering/EindProject_FPGA.srcs/sources_1/new/ControlCharacterPlayer2.vhd:5' bound to instance 'ControlChar_inst' of component 'ControlCharacterPlayer2' [C:/Progh/Code/Project_RetroGame/Oplevering/EindProject_FPGA.srcs/sources_1/new/CharacterControllerPlayer2.vhd:104]
INFO: [Synth 8-638] synthesizing module 'ControlCharacterPlayer2' [C:/Progh/Code/Project_RetroGame/Oplevering/EindProject_FPGA.srcs/sources_1/new/ControlCharacterPlayer2.vhd:16]
INFO: [Synth 8-256] done synthesizing module 'ControlCharacterPlayer2' (0#1) [C:/Progh/Code/Project_RetroGame/Oplevering/EindProject_FPGA.srcs/sources_1/new/ControlCharacterPlayer2.vhd:16]
INFO: [Synth 8-3491] module 'blk_mem_gen_0' declared at 'C:/Progh/Code/Project_RetroGame/Oplevering/EindProject_FPGA.runs/synth_1/.Xil/Vivado-15248-DESKTOP-H0VVJ00/realtime/blk_mem_gen_0_stub.v:6' bound to instance 'ROM_inst_1' of component 'blk_mem_gen_0' [C:/Progh/Code/Project_RetroGame/Oplevering/EindProject_FPGA.srcs/sources_1/new/CharacterControllerPlayer2.vhd:150]
INFO: [Synth 8-6157] synthesizing module 'blk_mem_gen_0' [C:/Progh/Code/Project_RetroGame/Oplevering/EindProject_FPGA.runs/synth_1/.Xil/Vivado-15248-DESKTOP-H0VVJ00/realtime/blk_mem_gen_0_stub.v:6]
INFO: [Synth 8-6155] done synthesizing module 'blk_mem_gen_0' (0#1) [C:/Progh/Code/Project_RetroGame/Oplevering/EindProject_FPGA.runs/synth_1/.Xil/Vivado-15248-DESKTOP-H0VVJ00/realtime/blk_mem_gen_0_stub.v:6]
INFO: [Synth 8-3491] module 'blk_mem_gen_1' declared at 'C:/Progh/Code/Project_RetroGame/Oplevering/EindProject_FPGA.runs/synth_1/.Xil/Vivado-15248-DESKTOP-H0VVJ00/realtime/blk_mem_gen_1_stub.v:6' bound to instance 'ROM_inst_2' of component 'blk_mem_gen_1' [C:/Progh/Code/Project_RetroGame/Oplevering/EindProject_FPGA.srcs/sources_1/new/CharacterControllerPlayer2.vhd:158]
INFO: [Synth 8-6157] synthesizing module 'blk_mem_gen_1' [C:/Progh/Code/Project_RetroGame/Oplevering/EindProject_FPGA.runs/synth_1/.Xil/Vivado-15248-DESKTOP-H0VVJ00/realtime/blk_mem_gen_1_stub.v:6]
INFO: [Synth 8-6155] done synthesizing module 'blk_mem_gen_1' (0#1) [C:/Progh/Code/Project_RetroGame/Oplevering/EindProject_FPGA.runs/synth_1/.Xil/Vivado-15248-DESKTOP-H0VVJ00/realtime/blk_mem_gen_1_stub.v:6]
INFO: [Synth 8-3491] module 'blk_mem_gen_2' declared at 'C:/Progh/Code/Project_RetroGame/Oplevering/EindProject_FPGA.runs/synth_1/.Xil/Vivado-15248-DESKTOP-H0VVJ00/realtime/blk_mem_gen_2_stub.v:6' bound to instance 'ROM_inst_3' of component 'blk_mem_gen_2' [C:/Progh/Code/Project_RetroGame/Oplevering/EindProject_FPGA.srcs/sources_1/new/CharacterControllerPlayer2.vhd:166]
INFO: [Synth 8-6157] synthesizing module 'blk_mem_gen_2' [C:/Progh/Code/Project_RetroGame/Oplevering/EindProject_FPGA.runs/synth_1/.Xil/Vivado-15248-DESKTOP-H0VVJ00/realtime/blk_mem_gen_2_stub.v:6]
INFO: [Synth 8-6155] done synthesizing module 'blk_mem_gen_2' (0#1) [C:/Progh/Code/Project_RetroGame/Oplevering/EindProject_FPGA.runs/synth_1/.Xil/Vivado-15248-DESKTOP-H0VVJ00/realtime/blk_mem_gen_2_stub.v:6]
INFO: [Synth 8-3491] module 'blk_mem_gen_3' declared at 'C:/Progh/Code/Project_RetroGame/Oplevering/EindProject_FPGA.runs/synth_1/.Xil/Vivado-15248-DESKTOP-H0VVJ00/realtime/blk_mem_gen_3_stub.v:6' bound to instance 'ROM_inst_4' of component 'blk_mem_gen_3' [C:/Progh/Code/Project_RetroGame/Oplevering/EindProject_FPGA.srcs/sources_1/new/CharacterControllerPlayer2.vhd:174]
INFO: [Synth 8-6157] synthesizing module 'blk_mem_gen_3' [C:/Progh/Code/Project_RetroGame/Oplevering/EindProject_FPGA.runs/synth_1/.Xil/Vivado-15248-DESKTOP-H0VVJ00/realtime/blk_mem_gen_3_stub.v:6]
INFO: [Synth 8-6155] done synthesizing module 'blk_mem_gen_3' (0#1) [C:/Progh/Code/Project_RetroGame/Oplevering/EindProject_FPGA.runs/synth_1/.Xil/Vivado-15248-DESKTOP-H0VVJ00/realtime/blk_mem_gen_3_stub.v:6]
INFO: [Synth 8-256] done synthesizing module 'CharacterControllerPlayer2' (0#1) [C:/Progh/Code/Project_RetroGame/Oplevering/EindProject_FPGA.srcs/sources_1/new/CharacterControllerPlayer2.vhd:15]
INFO: [Synth 8-3491] module 'DisplayBullet' declared at 'C:/Progh/Code/Project_RetroGame/Oplevering/EindProject_FPGA.srcs/sources_1/new/DisplayBullet.vhd:5' bound to instance 'DisplayBullet_inst' of component 'DisplayBullet' [C:/Progh/Code/Project_RetroGame/Oplevering/EindProject_FPGA.srcs/sources_1/new/XY_GEN.vhd:232]
INFO: [Synth 8-638] synthesizing module 'DisplayBullet' [C:/Progh/Code/Project_RetroGame/Oplevering/EindProject_FPGA.srcs/sources_1/new/DisplayBullet.vhd:24]
INFO: [Synth 8-3491] module 'blk_mem_gen_9' declared at 'C:/Progh/Code/Project_RetroGame/Oplevering/EindProject_FPGA.runs/synth_1/.Xil/Vivado-15248-DESKTOP-H0VVJ00/realtime/blk_mem_gen_9_stub.v:6' bound to instance 'ROM_inst' of component 'blk_mem_gen_9' [C:/Progh/Code/Project_RetroGame/Oplevering/EindProject_FPGA.srcs/sources_1/new/DisplayBullet.vhd:110]
INFO: [Synth 8-6157] synthesizing module 'blk_mem_gen_9' [C:/Progh/Code/Project_RetroGame/Oplevering/EindProject_FPGA.runs/synth_1/.Xil/Vivado-15248-DESKTOP-H0VVJ00/realtime/blk_mem_gen_9_stub.v:6]
INFO: [Synth 8-6155] done synthesizing module 'blk_mem_gen_9' (0#1) [C:/Progh/Code/Project_RetroGame/Oplevering/EindProject_FPGA.runs/synth_1/.Xil/Vivado-15248-DESKTOP-H0VVJ00/realtime/blk_mem_gen_9_stub.v:6]
WARNING: [Synth 8-614] signal 'bullet_active' is read in the process but is not in the sensitivity list [C:/Progh/Code/Project_RetroGame/Oplevering/EindProject_FPGA.srcs/sources_1/new/DisplayBullet.vhd:128]
INFO: [Synth 8-256] done synthesizing module 'DisplayBullet' (0#1) [C:/Progh/Code/Project_RetroGame/Oplevering/EindProject_FPGA.srcs/sources_1/new/DisplayBullet.vhd:24]
INFO: [Synth 8-3491] module 'Displaylevel' declared at 'C:/Progh/Code/Project_RetroGame/Oplevering/EindProject_FPGA.srcs/sources_1/new/Displaylevel.vhd:5' bound to instance 'DisplayLevel_inst' of component 'Displaylevel' [C:/Progh/Code/Project_RetroGame/Oplevering/EindProject_FPGA.srcs/sources_1/new/XY_GEN.vhd:253]
INFO: [Synth 8-638] synthesizing module 'Displaylevel' [C:/Progh/Code/Project_RetroGame/Oplevering/EindProject_FPGA.srcs/sources_1/new/Displaylevel.vhd:14]
INFO: [Synth 8-3491] module 'blk_mem_gen_4' declared at 'C:/Progh/Code/Project_RetroGame/Oplevering/EindProject_FPGA.runs/synth_1/.Xil/Vivado-15248-DESKTOP-H0VVJ00/realtime/blk_mem_gen_4_stub.v:6' bound to instance 'ROM_inst' of component 'blk_mem_gen_4' [C:/Progh/Code/Project_RetroGame/Oplevering/EindProject_FPGA.srcs/sources_1/new/Displaylevel.vhd:65]
INFO: [Synth 8-6157] synthesizing module 'blk_mem_gen_4' [C:/Progh/Code/Project_RetroGame/Oplevering/EindProject_FPGA.runs/synth_1/.Xil/Vivado-15248-DESKTOP-H0VVJ00/realtime/blk_mem_gen_4_stub.v:6]
INFO: [Synth 8-6155] done synthesizing module 'blk_mem_gen_4' (0#1) [C:/Progh/Code/Project_RetroGame/Oplevering/EindProject_FPGA.runs/synth_1/.Xil/Vivado-15248-DESKTOP-H0VVJ00/realtime/blk_mem_gen_4_stub.v:6]
INFO: [Synth 8-226] default block is never used [C:/Progh/Code/Project_RetroGame/Oplevering/EindProject_FPGA.srcs/sources_1/new/Displaylevel.vhd:77]
INFO: [Synth 8-256] done synthesizing module 'Displaylevel' (0#1) [C:/Progh/Code/Project_RetroGame/Oplevering/EindProject_FPGA.srcs/sources_1/new/Displaylevel.vhd:14]
INFO: [Synth 8-256] done synthesizing module 'Pixel_Gen' (0#1) [C:/Progh/Code/Project_RetroGame/Oplevering/EindProject_FPGA.srcs/sources_1/new/XY_GEN.vhd:16]
INFO: [Synth 8-256] done synthesizing module 'DVI_Top' (0#1) [C:/Progh/Code/Project_RetroGame/Oplevering/EindProject_FPGA.srcs/sources_1/imports/Week 5 + 6 - Bounching Square - Ball/DVI.vhd:19]
WARNING: [Synth 8-6014] Unused sequential element max_hp_p1_reg was removed.  [C:/Progh/Code/Project_RetroGame/Oplevering/EindProject_FPGA.srcs/sources_1/new/DisplayHUD.vhd:121]
WARNING: [Synth 8-6014] Unused sequential element current_hp_p2_reg was removed.  [C:/Progh/Code/Project_RetroGame/Oplevering/EindProject_FPGA.srcs/sources_1/new/DisplayHUD.vhd:122]
WARNING: [Synth 8-6014] Unused sequential element max_hp_p2_reg was removed.  [C:/Progh/Code/Project_RetroGame/Oplevering/EindProject_FPGA.srcs/sources_1/new/DisplayHUD.vhd:123]
WARNING: [Synth 8-6014] Unused sequential element current_ammo_p1_reg was removed.  [C:/Progh/Code/Project_RetroGame/Oplevering/EindProject_FPGA.srcs/sources_1/new/DisplayHUD.vhd:124]
WARNING: [Synth 8-6014] Unused sequential element max_ammo_p1_reg was removed.  [C:/Progh/Code/Project_RetroGame/Oplevering/EindProject_FPGA.srcs/sources_1/new/DisplayHUD.vhd:125]
WARNING: [Synth 8-6014] Unused sequential element current_ammo_p2_reg was removed.  [C:/Progh/Code/Project_RetroGame/Oplevering/EindProject_FPGA.srcs/sources_1/new/DisplayHUD.vhd:126]
WARNING: [Synth 8-6014] Unused sequential element max_ammo_p2_reg was removed.  [C:/Progh/Code/Project_RetroGame/Oplevering/EindProject_FPGA.srcs/sources_1/new/DisplayHUD.vhd:127]
WARNING: [Synth 8-3848] Net rom_data_lives in module/entity DisplayHUD does not have driver. [C:/Progh/Code/Project_RetroGame/Oplevering/EindProject_FPGA.srcs/sources_1/new/DisplayHUD.vhd:63]
WARNING: [Synth 8-3848] Net rom_data_empty_lives in module/entity DisplayHUD does not have driver. [C:/Progh/Code/Project_RetroGame/Oplevering/EindProject_FPGA.srcs/sources_1/new/DisplayHUD.vhd:64]
WARNING: [Synth 8-3848] Net rom_data_ammo in module/entity DisplayHUD does not have driver. [C:/Progh/Code/Project_RetroGame/Oplevering/EindProject_FPGA.srcs/sources_1/new/DisplayHUD.vhd:65]
WARNING: [Synth 8-3848] Net rom_data_empty_ammo in module/entity DisplayHUD does not have driver. [C:/Progh/Code/Project_RetroGame/Oplevering/EindProject_FPGA.srcs/sources_1/new/DisplayHUD.vhd:66]
WARNING: [Synth 8-6014] Unused sequential element bullet_amount_reg was removed.  [C:/Progh/Code/Project_RetroGame/Oplevering/EindProject_FPGA.srcs/sources_1/new/DisplayBullet.vhd:83]
WARNING: [Synth 8-7129] Port spi_data_in[511] in module DisplayBullet is either unconnected or has no load
WARNING: [Synth 8-7129] Port spi_data_in[510] in module DisplayBullet is either unconnected or has no load
WARNING: [Synth 8-7129] Port spi_data_in[509] in module DisplayBullet is either unconnected or has no load
WARNING: [Synth 8-7129] Port spi_data_in[508] in module DisplayBullet is either unconnected or has no load
WARNING: [Synth 8-7129] Port spi_data_in[507] in module DisplayBullet is either unconnected or has no load
WARNING: [Synth 8-7129] Port spi_data_in[506] in module DisplayBullet is either unconnected or has no load
WARNING: [Synth 8-7129] Port spi_data_in[505] in module DisplayBullet is either unconnected or has no load
WARNING: [Synth 8-7129] Port spi_data_in[504] in module DisplayBullet is either unconnected or has no load
WARNING: [Synth 8-7129] Port spi_data_in[503] in module DisplayBullet is either unconnected or has no load
WARNING: [Synth 8-7129] Port spi_data_in[502] in module DisplayBullet is either unconnected or has no load
WARNING: [Synth 8-7129] Port spi_data_in[501] in module DisplayBullet is either unconnected or has no load
WARNING: [Synth 8-7129] Port spi_data_in[500] in module DisplayBullet is either unconnected or has no load
WARNING: [Synth 8-7129] Port spi_data_in[499] in module DisplayBullet is either unconnected or has no load
WARNING: [Synth 8-7129] Port spi_data_in[498] in module DisplayBullet is either unconnected or has no load
WARNING: [Synth 8-7129] Port spi_data_in[497] in module DisplayBullet is either unconnected or has no load
WARNING: [Synth 8-7129] Port spi_data_in[496] in module DisplayBullet is either unconnected or has no load
WARNING: [Synth 8-7129] Port spi_data_in[495] in module DisplayBullet is either unconnected or has no load
WARNING: [Synth 8-7129] Port spi_data_in[494] in module DisplayBullet is either unconnected or has no load
WARNING: [Synth 8-7129] Port spi_data_in[493] in module DisplayBullet is either unconnected or has no load
WARNING: [Synth 8-7129] Port spi_data_in[492] in module DisplayBullet is either unconnected or has no load
WARNING: [Synth 8-7129] Port spi_data_in[491] in module DisplayBullet is either unconnected or has no load
WARNING: [Synth 8-7129] Port spi_data_in[490] in module DisplayBullet is either unconnected or has no load
WARNING: [Synth 8-7129] Port spi_data_in[489] in module DisplayBullet is either unconnected or has no load
WARNING: [Synth 8-7129] Port spi_data_in[488] in module DisplayBullet is either unconnected or has no load
WARNING: [Synth 8-7129] Port spi_data_in[487] in module DisplayBullet is either unconnected or has no load
WARNING: [Synth 8-7129] Port spi_data_in[486] in module DisplayBullet is either unconnected or has no load
WARNING: [Synth 8-7129] Port spi_data_in[485] in module DisplayBullet is either unconnected or has no load
WARNING: [Synth 8-7129] Port spi_data_in[484] in module DisplayBullet is either unconnected or has no load
WARNING: [Synth 8-7129] Port spi_data_in[483] in module DisplayBullet is either unconnected or has no load
WARNING: [Synth 8-7129] Port spi_data_in[482] in module DisplayBullet is either unconnected or has no load
WARNING: [Synth 8-7129] Port spi_data_in[481] in module DisplayBullet is either unconnected or has no load
WARNING: [Synth 8-7129] Port spi_data_in[480] in module DisplayBullet is either unconnected or has no load
WARNING: [Synth 8-7129] Port spi_data_in[479] in module DisplayBullet is either unconnected or has no load
WARNING: [Synth 8-7129] Port spi_data_in[478] in module DisplayBullet is either unconnected or has no load
WARNING: [Synth 8-7129] Port spi_data_in[477] in module DisplayBullet is either unconnected or has no load
WARNING: [Synth 8-7129] Port spi_data_in[476] in module DisplayBullet is either unconnected or has no load
WARNING: [Synth 8-7129] Port spi_data_in[475] in module DisplayBullet is either unconnected or has no load
WARNING: [Synth 8-7129] Port spi_data_in[474] in module DisplayBullet is either unconnected or has no load
WARNING: [Synth 8-7129] Port spi_data_in[473] in module DisplayBullet is either unconnected or has no load
WARNING: [Synth 8-7129] Port spi_data_in[472] in module DisplayBullet is either unconnected or has no load
WARNING: [Synth 8-7129] Port spi_data_in[471] in module DisplayBullet is either unconnected or has no load
WARNING: [Synth 8-7129] Port spi_data_in[470] in module DisplayBullet is either unconnected or has no load
WARNING: [Synth 8-7129] Port spi_data_in[469] in module DisplayBullet is either unconnected or has no load
WARNING: [Synth 8-7129] Port spi_data_in[468] in module DisplayBullet is either unconnected or has no load
WARNING: [Synth 8-7129] Port spi_data_in[467] in module DisplayBullet is either unconnected or has no load
WARNING: [Synth 8-7129] Port spi_data_in[466] in module DisplayBullet is either unconnected or has no load
WARNING: [Synth 8-7129] Port spi_data_in[465] in module DisplayBullet is either unconnected or has no load
WARNING: [Synth 8-7129] Port spi_data_in[464] in module DisplayBullet is either unconnected or has no load
WARNING: [Synth 8-7129] Port spi_data_in[463] in module DisplayBullet is either unconnected or has no load
WARNING: [Synth 8-7129] Port spi_data_in[462] in module DisplayBullet is either unconnected or has no load
WARNING: [Synth 8-7129] Port spi_data_in[461] in module DisplayBullet is either unconnected or has no load
WARNING: [Synth 8-7129] Port spi_data_in[460] in module DisplayBullet is either unconnected or has no load
WARNING: [Synth 8-7129] Port spi_data_in[459] in module DisplayBullet is either unconnected or has no load
WARNING: [Synth 8-7129] Port spi_data_in[458] in module DisplayBullet is either unconnected or has no load
WARNING: [Synth 8-7129] Port spi_data_in[457] in module DisplayBullet is either unconnected or has no load
WARNING: [Synth 8-7129] Port spi_data_in[456] in module DisplayBullet is either unconnected or has no load
WARNING: [Synth 8-7129] Port spi_data_in[455] in module DisplayBullet is either unconnected or has no load
WARNING: [Synth 8-7129] Port spi_data_in[454] in module DisplayBullet is either unconnected or has no load
WARNING: [Synth 8-7129] Port spi_data_in[453] in module DisplayBullet is either unconnected or has no load
WARNING: [Synth 8-7129] Port spi_data_in[452] in module DisplayBullet is either unconnected or has no load
WARNING: [Synth 8-7129] Port spi_data_in[451] in module DisplayBullet is either unconnected or has no load
WARNING: [Synth 8-7129] Port spi_data_in[450] in module DisplayBullet is either unconnected or has no load
WARNING: [Synth 8-7129] Port spi_data_in[449] in module DisplayBullet is either unconnected or has no load
WARNING: [Synth 8-7129] Port spi_data_in[448] in module DisplayBullet is either unconnected or has no load
WARNING: [Synth 8-7129] Port spi_data_in[447] in module DisplayBullet is either unconnected or has no load
WARNING: [Synth 8-7129] Port spi_data_in[446] in module DisplayBullet is either unconnected or has no load
WARNING: [Synth 8-7129] Port spi_data_in[445] in module DisplayBullet is either unconnected or has no load
WARNING: [Synth 8-7129] Port spi_data_in[444] in module DisplayBullet is either unconnected or has no load
WARNING: [Synth 8-7129] Port spi_data_in[443] in module DisplayBullet is either unconnected or has no load
WARNING: [Synth 8-7129] Port spi_data_in[442] in module DisplayBullet is either unconnected or has no load
WARNING: [Synth 8-7129] Port spi_data_in[441] in module DisplayBullet is either unconnected or has no load
WARNING: [Synth 8-7129] Port spi_data_in[440] in module DisplayBullet is either unconnected or has no load
WARNING: [Synth 8-7129] Port spi_data_in[439] in module DisplayBullet is either unconnected or has no load
WARNING: [Synth 8-7129] Port spi_data_in[438] in module DisplayBullet is either unconnected or has no load
WARNING: [Synth 8-7129] Port spi_data_in[437] in module DisplayBullet is either unconnected or has no load
WARNING: [Synth 8-7129] Port spi_data_in[436] in module DisplayBullet is either unconnected or has no load
WARNING: [Synth 8-7129] Port spi_data_in[435] in module DisplayBullet is either unconnected or has no load
WARNING: [Synth 8-7129] Port spi_data_in[434] in module DisplayBullet is either unconnected or has no load
WARNING: [Synth 8-7129] Port spi_data_in[433] in module DisplayBullet is either unconnected or has no load
WARNING: [Synth 8-7129] Port spi_data_in[432] in module DisplayBullet is either unconnected or has no load
WARNING: [Synth 8-7129] Port spi_data_in[431] in module DisplayBullet is either unconnected or has no load
WARNING: [Synth 8-7129] Port spi_data_in[430] in module DisplayBullet is either unconnected or has no load
WARNING: [Synth 8-7129] Port spi_data_in[429] in module DisplayBullet is either unconnected or has no load
WARNING: [Synth 8-7129] Port spi_data_in[428] in module DisplayBullet is either unconnected or has no load
WARNING: [Synth 8-7129] Port spi_data_in[427] in module DisplayBullet is either unconnected or has no load
WARNING: [Synth 8-7129] Port spi_data_in[426] in module DisplayBullet is either unconnected or has no load
WARNING: [Synth 8-7129] Port spi_data_in[425] in module DisplayBullet is either unconnected or has no load
WARNING: [Synth 8-7129] Port spi_data_in[424] in module DisplayBullet is either unconnected or has no load
WARNING: [Synth 8-7129] Port spi_data_in[423] in module DisplayBullet is either unconnected or has no load
WARNING: [Synth 8-7129] Port spi_data_in[422] in module DisplayBullet is either unconnected or has no load
WARNING: [Synth 8-7129] Port spi_data_in[421] in module DisplayBullet is either unconnected or has no load
WARNING: [Synth 8-7129] Port spi_data_in[420] in module DisplayBullet is either unconnected or has no load
WARNING: [Synth 8-7129] Port spi_data_in[419] in module DisplayBullet is either unconnected or has no load
WARNING: [Synth 8-7129] Port spi_data_in[418] in module DisplayBullet is either unconnected or has no load
WARNING: [Synth 8-7129] Port spi_data_in[417] in module DisplayBullet is either unconnected or has no load
WARNING: [Synth 8-7129] Port spi_data_in[416] in module DisplayBullet is either unconnected or has no load
WARNING: [Synth 8-7129] Port spi_data_in[415] in module DisplayBullet is either unconnected or has no load
WARNING: [Synth 8-7129] Port spi_data_in[414] in module DisplayBullet is either unconnected or has no load
WARNING: [Synth 8-7129] Port spi_data_in[413] in module DisplayBullet is either unconnected or has no load
WARNING: [Synth 8-7129] Port spi_data_in[412] in module DisplayBullet is either unconnected or has no load
INFO: [Common 17-14] Message 'Synth 8-7129' appears 100 times and further instances of the messages will be disabled. Use the Tcl command set_msg_config to change the current settings.
---------------------------------------------------------------------------------
Finished RTL Elaboration : Time (s): cpu = 00:00:06 ; elapsed = 00:00:07 . Memory (MB): peak = 1494.266 ; gain = 577.910
---------------------------------------------------------------------------------
---------------------------------------------------------------------------------
Start Handling Custom Attributes
---------------------------------------------------------------------------------
---------------------------------------------------------------------------------
Finished Handling Custom Attributes : Time (s): cpu = 00:00:06 ; elapsed = 00:00:07 . Memory (MB): peak = 1494.266 ; gain = 577.910
---------------------------------------------------------------------------------
---------------------------------------------------------------------------------
Finished RTL Optimization Phase 1 : Time (s): cpu = 00:00:06 ; elapsed = 00:00:07 . Memory (MB): peak = 1494.266 ; gain = 577.910
---------------------------------------------------------------------------------
Netlist sorting complete. Time (s): cpu = 00:00:00 ; elapsed = 00:00:00.043 . Memory (MB): peak = 1494.266 ; gain = 0.000
INFO: [Project 1-570] Preparing netlist for logic optimization

Processing XDC Constraints
Initializing timing engine
Parsing XDC File [c:/Progh/Code/Project_RetroGame/Oplevering/EindProject_FPGA.gen/sources_1/ip/clkDVIprescaler/clkDVIprescaler/clkDVIprescaler_in_context.xdc] for cell 'prescaler_instance'
Finished Parsing XDC File [c:/Progh/Code/Project_RetroGame/Oplevering/EindProject_FPGA.gen/sources_1/ip/clkDVIprescaler/clkDVIprescaler/clkDVIprescaler_in_context.xdc] for cell 'prescaler_instance'
Parsing XDC File [c:/Progh/Code/Project_RetroGame/Oplevering/EindProject_FPGA.gen/sources_1/ip/blk_mem_gen_0/blk_mem_gen_0/blk_mem_gen_0_in_context.xdc] for cell 'pixel_gen_inst/DisplayCharacter_inst_Player2/ROM_inst_1'
Finished Parsing XDC File [c:/Progh/Code/Project_RetroGame/Oplevering/EindProject_FPGA.gen/sources_1/ip/blk_mem_gen_0/blk_mem_gen_0/blk_mem_gen_0_in_context.xdc] for cell 'pixel_gen_inst/DisplayCharacter_inst_Player2/ROM_inst_1'
Parsing XDC File [c:/Progh/Code/Project_RetroGame/Oplevering/EindProject_FPGA.gen/sources_1/ip/blk_mem_gen_1/blk_mem_gen_1/blk_mem_gen_1_in_context.xdc] for cell 'pixel_gen_inst/DisplayCharacter_inst_Player2/ROM_inst_2'
Finished Parsing XDC File [c:/Progh/Code/Project_RetroGame/Oplevering/EindProject_FPGA.gen/sources_1/ip/blk_mem_gen_1/blk_mem_gen_1/blk_mem_gen_1_in_context.xdc] for cell 'pixel_gen_inst/DisplayCharacter_inst_Player2/ROM_inst_2'
Parsing XDC File [c:/Progh/Code/Project_RetroGame/Oplevering/EindProject_FPGA.gen/sources_1/ip/blk_mem_gen_2/blk_mem_gen_2/blk_mem_gen_2_in_context.xdc] for cell 'pixel_gen_inst/DisplayCharacter_inst_Player2/ROM_inst_3'
Finished Parsing XDC File [c:/Progh/Code/Project_RetroGame/Oplevering/EindProject_FPGA.gen/sources_1/ip/blk_mem_gen_2/blk_mem_gen_2/blk_mem_gen_2_in_context.xdc] for cell 'pixel_gen_inst/DisplayCharacter_inst_Player2/ROM_inst_3'
Parsing XDC File [c:/Progh/Code/Project_RetroGame/Oplevering/EindProject_FPGA.gen/sources_1/ip/blk_mem_gen_3/blk_mem_gen_3/blk_mem_gen_3_in_context.xdc] for cell 'pixel_gen_inst/DisplayCharacter_inst_Player2/ROM_inst_4'
Finished Parsing XDC File [c:/Progh/Code/Project_RetroGame/Oplevering/EindProject_FPGA.gen/sources_1/ip/blk_mem_gen_3/blk_mem_gen_3/blk_mem_gen_3_in_context.xdc] for cell 'pixel_gen_inst/DisplayCharacter_inst_Player2/ROM_inst_4'
Parsing XDC File [c:/Progh/Code/Project_RetroGame/Oplevering/EindProject_FPGA.gen/sources_1/ip/blk_mem_gen_4/blk_mem_gen_4/blk_mem_gen_4_in_context.xdc] for cell 'pixel_gen_inst/DisplayLevel_inst/ROM_inst'
Finished Parsing XDC File [c:/Progh/Code/Project_RetroGame/Oplevering/EindProject_FPGA.gen/sources_1/ip/blk_mem_gen_4/blk_mem_gen_4/blk_mem_gen_4_in_context.xdc] for cell 'pixel_gen_inst/DisplayLevel_inst/ROM_inst'
Parsing XDC File [c:/Progh/Code/Project_RetroGame/Oplevering/EindProject_FPGA.gen/sources_1/ip/blk_mem_gen_9/blk_mem_gen_9/blk_mem_gen_9_in_context.xdc] for cell 'pixel_gen_inst/DisplayBullet_inst/ROM_inst'
Finished Parsing XDC File [c:/Progh/Code/Project_RetroGame/Oplevering/EindProject_FPGA.gen/sources_1/ip/blk_mem_gen_9/blk_mem_gen_9/blk_mem_gen_9_in_context.xdc] for cell 'pixel_gen_inst/DisplayBullet_inst/ROM_inst'
Parsing XDC File [c:/Progh/Code/Project_RetroGame/Oplevering/EindProject_FPGA.gen/sources_1/ip/blk_mem_gen_14/blk_mem_gen_14/blk_mem_gen_14_in_context.xdc] for cell 'pixel_gen_inst/DisplayHoofdMenu_inst/ROM_inst_0'
Finished Parsing XDC File [c:/Progh/Code/Project_RetroGame/Oplevering/EindProject_FPGA.gen/sources_1/ip/blk_mem_gen_14/blk_mem_gen_14/blk_mem_gen_14_in_context.xdc] for cell 'pixel_gen_inst/DisplayHoofdMenu_inst/ROM_inst_0'
Parsing XDC File [c:/Progh/Code/Project_RetroGame/Oplevering/EindProject_FPGA.gen/sources_1/ip/blk_mem_gen_17/blk_mem_gen_17/blk_mem_gen_17_in_context.xdc] for cell 'pixel_gen_inst/DisplayHoofdMenu_inst/ROM_inst_3'
Finished Parsing XDC File [c:/Progh/Code/Project_RetroGame/Oplevering/EindProject_FPGA.gen/sources_1/ip/blk_mem_gen_17/blk_mem_gen_17/blk_mem_gen_17_in_context.xdc] for cell 'pixel_gen_inst/DisplayHoofdMenu_inst/ROM_inst_3'
Parsing XDC File [c:/Progh/Code/Project_RetroGame/Oplevering/EindProject_FPGA.gen/sources_1/ip/blk_mem_gen_15/blk_mem_gen_15/blk_mem_gen_15_in_context.xdc] for cell 'pixel_gen_inst/DisplayHoofdMenu_inst/ROM_inst_1'
Finished Parsing XDC File [c:/Progh/Code/Project_RetroGame/Oplevering/EindProject_FPGA.gen/sources_1/ip/blk_mem_gen_15/blk_mem_gen_15/blk_mem_gen_15_in_context.xdc] for cell 'pixel_gen_inst/DisplayHoofdMenu_inst/ROM_inst_1'
Parsing XDC File [c:/Progh/Code/Project_RetroGame/Oplevering/EindProject_FPGA.gen/sources_1/ip/blk_mem_gen_16/blk_mem_gen_16/blk_mem_gen_16_in_context.xdc] for cell 'pixel_gen_inst/DisplayHoofdMenu_inst/ROM_inst_2'
Finished Parsing XDC File [c:/Progh/Code/Project_RetroGame/Oplevering/EindProject_FPGA.gen/sources_1/ip/blk_mem_gen_16/blk_mem_gen_16/blk_mem_gen_16_in_context.xdc] for cell 'pixel_gen_inst/DisplayHoofdMenu_inst/ROM_inst_2'
Parsing XDC File [c:/Progh/Code/Project_RetroGame/Oplevering/EindProject_FPGA.gen/sources_1/ip/blk_mem_gen_7/blk_mem_gen_7/blk_mem_gen_7_in_context.xdc] for cell 'pixel_gen_inst/DisplayCharacter_inst/ROM_inst_3'
Finished Parsing XDC File [c:/Progh/Code/Project_RetroGame/Oplevering/EindProject_FPGA.gen/sources_1/ip/blk_mem_gen_7/blk_mem_gen_7/blk_mem_gen_7_in_context.xdc] for cell 'pixel_gen_inst/DisplayCharacter_inst/ROM_inst_3'
Parsing XDC File [c:/Progh/Code/Project_RetroGame/Oplevering/EindProject_FPGA.gen/sources_1/ip/blk_mem_gen_5/blk_mem_gen_5/blk_mem_gen_5_in_context.xdc] for cell 'pixel_gen_inst/DisplayCharacter_inst/ROM_inst_1'
Finished Parsing XDC File [c:/Progh/Code/Project_RetroGame/Oplevering/EindProject_FPGA.gen/sources_1/ip/blk_mem_gen_5/blk_mem_gen_5/blk_mem_gen_5_in_context.xdc] for cell 'pixel_gen_inst/DisplayCharacter_inst/ROM_inst_1'
Parsing XDC File [c:/Progh/Code/Project_RetroGame/Oplevering/EindProject_FPGA.gen/sources_1/ip/blk_mem_gen_8/blk_mem_gen_8/blk_mem_gen_8_in_context.xdc] for cell 'pixel_gen_inst/DisplayCharacter_inst/ROM_inst_4'
Finished Parsing XDC File [c:/Progh/Code/Project_RetroGame/Oplevering/EindProject_FPGA.gen/sources_1/ip/blk_mem_gen_8/blk_mem_gen_8/blk_mem_gen_8_in_context.xdc] for cell 'pixel_gen_inst/DisplayCharacter_inst/ROM_inst_4'
Parsing XDC File [c:/Progh/Code/Project_RetroGame/Oplevering/EindProject_FPGA.gen/sources_1/ip/blk_mem_gen_6/blk_mem_gen_6/blk_mem_gen_6_in_context.xdc] for cell 'pixel_gen_inst/DisplayCharacter_inst/ROM_inst_2'
Finished Parsing XDC File [c:/Progh/Code/Project_RetroGame/Oplevering/EindProject_FPGA.gen/sources_1/ip/blk_mem_gen_6/blk_mem_gen_6/blk_mem_gen_6_in_context.xdc] for cell 'pixel_gen_inst/DisplayCharacter_inst/ROM_inst_2'
Parsing XDC File [C:/Progh/Code/Project_RetroGame/Oplevering/EindProject_FPGA.srcs/constrs_1/new/const.xdc]
WARNING: [Vivado 12-584] No ports matched 'clk25'. [C:/Progh/Code/Project_RetroGame/Oplevering/EindProject_FPGA.srcs/constrs_1/new/const.xdc:13]
WARNING: [Vivado 12-584] No ports matched 'clk25'. [C:/Progh/Code/Project_RetroGame/Oplevering/EindProject_FPGA.srcs/constrs_1/new/const.xdc:20]
Finished Parsing XDC File [C:/Progh/Code/Project_RetroGame/Oplevering/EindProject_FPGA.srcs/constrs_1/new/const.xdc]
WARNING: [Project 1-498] One or more constraints failed evaluation while reading constraint file [C:/Progh/Code/Project_RetroGame/Oplevering/EindProject_FPGA.srcs/constrs_1/new/const.xdc] and the design contains unresolved black boxes. These constraints will be read post-synthesis (as long as their source constraint file is marked as used_in_implementation) and should be applied correctly then. You should review the constraints listed in the file [.Xil/DVI_Top_propImpl.xdc] and check the run log file to verify that these constraints were correctly applied.
INFO: [Project 1-236] Implementation specific constraints were found while reading constraint file [C:/Progh/Code/Project_RetroGame/Oplevering/EindProject_FPGA.srcs/constrs_1/new/const.xdc]. These constraints will be ignored for synthesis but will be used in implementation. Impacted constraints are listed in the file [.Xil/DVI_Top_propImpl.xdc].
Resolution: To avoid this warning, move constraints listed in [.Xil/DVI_Top_propImpl.xdc] to another XDC file and exclude this new file from synthesis with the used_in_synthesis property (File Properties dialog in GUI) and re-run elaboration/synthesis.
Parsing XDC File [C:/Progh/Code/Project_RetroGame/Oplevering/EindProject_FPGA.srcs/constrs_1/new/kontstains.xdc]
WARNING: [Vivado 12-584] No ports matched 'SCLK'. [C:/Progh/Code/Project_RetroGame/Oplevering/EindProject_FPGA.srcs/constrs_1/new/kontstains.xdc:2]
WARNING: [Vivado 12-584] No ports matched 'SCLK'. [C:/Progh/Code/Project_RetroGame/Oplevering/EindProject_FPGA.srcs/constrs_1/new/kontstains.xdc:3]
WARNING: [Vivado 12-584] No ports matched 'SS_n'. [C:/Progh/Code/Project_RetroGame/Oplevering/EindProject_FPGA.srcs/constrs_1/new/kontstains.xdc:9]
WARNING: [Vivado 12-584] No ports matched 'SS_n'. [C:/Progh/Code/Project_RetroGame/Oplevering/EindProject_FPGA.srcs/constrs_1/new/kontstains.xdc:10]
WARNING: [Vivado 12-584] No ports matched 'MISO'. [C:/Progh/Code/Project_RetroGame/Oplevering/EindProject_FPGA.srcs/constrs_1/new/kontstains.xdc:13]
WARNING: [Vivado 12-584] No ports matched 'MISO'. [C:/Progh/Code/Project_RetroGame/Oplevering/EindProject_FPGA.srcs/constrs_1/new/kontstains.xdc:14]
WARNING: [Vivado 12-584] No ports matched 'led'. [C:/Progh/Code/Project_RetroGame/Oplevering/EindProject_FPGA.srcs/constrs_1/new/kontstains.xdc:17]
WARNING: [Vivado 12-584] No ports matched 'led'. [C:/Progh/Code/Project_RetroGame/Oplevering/EindProject_FPGA.srcs/constrs_1/new/kontstains.xdc:18]
WARNING: [Vivado 12-584] No ports matched 'clk'. [C:/Progh/Code/Project_RetroGame/Oplevering/EindProject_FPGA.srcs/constrs_1/new/kontstains.xdc:22]
WARNING: [Vivado 12-584] No ports matched 'clk'. [C:/Progh/Code/Project_RetroGame/Oplevering/EindProject_FPGA.srcs/constrs_1/new/kontstains.xdc:23]
WARNING: [Vivado 12-584] No ports matched 'SS_n'. [C:/Progh/Code/Project_RetroGame/Oplevering/EindProject_FPGA.srcs/constrs_1/new/kontstains.xdc:25]
WARNING: [Vivado 12-584] No ports matched 'LED_JUMP'. [C:/Progh/Code/Project_RetroGame/Oplevering/EindProject_FPGA.srcs/constrs_1/new/kontstains.xdc:33]
WARNING: [Vivado 12-584] No ports matched 'LED_LEFT'. [C:/Progh/Code/Project_RetroGame/Oplevering/EindProject_FPGA.srcs/constrs_1/new/kontstains.xdc:34]
WARNING: [Vivado 12-584] No ports matched 'LED_RIGHT'. [C:/Progh/Code/Project_RetroGame/Oplevering/EindProject_FPGA.srcs/constrs_1/new/kontstains.xdc:35]
WARNING: [Vivado 12-584] No ports matched 'LED_JUMP'. [C:/Progh/Code/Project_RetroGame/Oplevering/EindProject_FPGA.srcs/constrs_1/new/kontstains.xdc:36]
WARNING: [Vivado 12-584] No ports matched 'LED_LEFT'. [C:/Progh/Code/Project_RetroGame/Oplevering/EindProject_FPGA.srcs/constrs_1/new/kontstains.xdc:37]
WARNING: [Vivado 12-584] No ports matched 'LED_RIGHT'. [C:/Progh/Code/Project_RetroGame/Oplevering/EindProject_FPGA.srcs/constrs_1/new/kontstains.xdc:38]
WARNING: [Vivado 12-584] No ports matched 'SS_n'. [C:/Progh/Code/Project_RetroGame/Oplevering/EindProject_FPGA.srcs/constrs_1/new/kontstains.xdc:40]
WARNING: [Vivado 12-507] No nets matched 'SCK_IBUF'. [C:/Progh/Code/Project_RetroGame/Oplevering/EindProject_FPGA.srcs/constrs_1/new/kontstains.xdc:42]
Finished Parsing XDC File [C:/Progh/Code/Project_RetroGame/Oplevering/EindProject_FPGA.srcs/constrs_1/new/kontstains.xdc]
WARNING: [Project 1-498] One or more constraints failed evaluation while reading constraint file [C:/Progh/Code/Project_RetroGame/Oplevering/EindProject_FPGA.srcs/constrs_1/new/kontstains.xdc] and the design contains unresolved black boxes. These constraints will be read post-synthesis (as long as their source constraint file is marked as used_in_implementation) and should be applied correctly then. You should review the constraints listed in the file [.Xil/DVI_Top_propImpl.xdc] and check the run log file to verify that these constraints were correctly applied.
INFO: [Project 1-236] Implementation specific constraints were found while reading constraint file [C:/Progh/Code/Project_RetroGame/Oplevering/EindProject_FPGA.srcs/constrs_1/new/kontstains.xdc]. These constraints will be ignored for synthesis but will be used in implementation. Impacted constraints are listed in the file [.Xil/DVI_Top_propImpl.xdc].
Resolution: To avoid this warning, move constraints listed in [.Xil/DVI_Top_propImpl.xdc] to another XDC file and exclude this new file from synthesis with the used_in_synthesis property (File Properties dialog in GUI) and re-run elaboration/synthesis.
Completed Processing XDC Constraints

Netlist sorting complete. Time (s): cpu = 00:00:00 ; elapsed = 00:00:00 . Memory (MB): peak = 1592.754 ; gain = 0.000
INFO: [Project 1-111] Unisim Transformation Summary:
No Unisim elements were transformed.

Constraint Validation Runtime : Time (s): cpu = 00:00:00 ; elapsed = 00:00:00.012 . Memory (MB): peak = 1592.754 ; gain = 0.000
INFO: [Designutils 20-5440] No compile time benefit to using incremental synthesis; A full resynthesis will be run
INFO: [Designutils 20-4379] Flow is switching to default flow due to incremental criteria not met. If you would like to alter this behaviour and have the flow terminate instead, please set the following parameter config_implementation {autoIncr.Synth.RejectBehavior Terminate}
---------------------------------------------------------------------------------
Finished Constraint Validation : Time (s): cpu = 00:00:13 ; elapsed = 00:00:14 . Memory (MB): peak = 1592.754 ; gain = 676.398
---------------------------------------------------------------------------------
---------------------------------------------------------------------------------
Start Loading Part and Timing Information
---------------------------------------------------------------------------------
Loading part: xc7a35tcpg236-1
---------------------------------------------------------------------------------
Finished Loading Part and Timing Information : Time (s): cpu = 00:00:13 ; elapsed = 00:00:14 . Memory (MB): peak = 1592.754 ; gain = 676.398
---------------------------------------------------------------------------------
---------------------------------------------------------------------------------
Start Applying 'set_property' XDC Constraints
---------------------------------------------------------------------------------
Applied set_property IO_BUFFER_TYPE = NONE for clk100. (constraint file  c:/Progh/Code/Project_RetroGame/Oplevering/EindProject_FPGA.gen/sources_1/ip/clkDVIprescaler/clkDVIprescaler/clkDVIprescaler_in_context.xdc, line 3).
Applied set_property CLOCK_BUFFER_TYPE = NONE for clk100. (constraint file  c:/Progh/Code/Project_RetroGame/Oplevering/EindProject_FPGA.gen/sources_1/ip/clkDVIprescaler/clkDVIprescaler/clkDVIprescaler_in_context.xdc, line 4).
Applied set_property KEEP_HIERARCHY = SOFT for prescaler_instance. (constraint file  auto generated constraint).
Applied set_property KEEP_HIERARCHY = SOFT for pixel_gen_inst/DisplayCharacter_inst_Player2/ROM_inst_1. (constraint file  auto generated constraint).
Applied set_property KEEP_HIERARCHY = SOFT for pixel_gen_inst/DisplayCharacter_inst_Player2/ROM_inst_2. (constraint file  auto generated constraint).
Applied set_property KEEP_HIERARCHY = SOFT for pixel_gen_inst/DisplayCharacter_inst_Player2/ROM_inst_3. (constraint file  auto generated constraint).
Applied set_property KEEP_HIERARCHY = SOFT for pixel_gen_inst/DisplayCharacter_inst_Player2/ROM_inst_4. (constraint file  auto generated constraint).
Applied set_property KEEP_HIERARCHY = SOFT for pixel_gen_inst/DisplayLevel_inst/ROM_inst. (constraint file  auto generated constraint).
Applied set_property KEEP_HIERARCHY = SOFT for pixel_gen_inst/DisplayBullet_inst/ROM_inst. (constraint file  auto generated constraint).
Applied set_property KEEP_HIERARCHY = SOFT for pixel_gen_inst/DisplayHoofdMenu_inst/ROM_inst_0. (constraint file  auto generated constraint).
Applied set_property KEEP_HIERARCHY = SOFT for pixel_gen_inst/DisplayHoofdMenu_inst/ROM_inst_3. (constraint file  auto generated constraint).
Applied set_property KEEP_HIERARCHY = SOFT for pixel_gen_inst/DisplayHoofdMenu_inst/ROM_inst_1. (constraint file  auto generated constraint).
Applied set_property KEEP_HIERARCHY = SOFT for pixel_gen_inst/DisplayHoofdMenu_inst/ROM_inst_2. (constraint file  auto generated constraint).
Applied set_property KEEP_HIERARCHY = SOFT for pixel_gen_inst/DisplayCharacter_inst/ROM_inst_3. (constraint file  auto generated constraint).
Applied set_property KEEP_HIERARCHY = SOFT for pixel_gen_inst/DisplayCharacter_inst/ROM_inst_1. (constraint file  auto generated constraint).
Applied set_property KEEP_HIERARCHY = SOFT for pixel_gen_inst/DisplayCharacter_inst/ROM_inst_4. (constraint file  auto generated constraint).
Applied set_property KEEP_HIERARCHY = SOFT for pixel_gen_inst/DisplayCharacter_inst/ROM_inst_2. (constraint file  auto generated constraint).
---------------------------------------------------------------------------------
Finished applying 'set_property' XDC Constraints : Time (s): cpu = 00:00:13 ; elapsed = 00:00:14 . Memory (MB): peak = 1592.754 ; gain = 676.398
---------------------------------------------------------------------------------
---------------------------------------------------------------------------------
Finished RTL Optimization Phase 2 : Time (s): cpu = 00:00:13 ; elapsed = 00:00:15 . Memory (MB): peak = 1592.754 ; gain = 676.398
---------------------------------------------------------------------------------
---------------------------------------------------------------------------------
Start RTL Component Statistics 
---------------------------------------------------------------------------------
Detailed RTL Component Info : 
+---Adders : 
	   2 Input   32 Bit       Adders := 2     
	   2 Input   31 Bit       Adders := 1     
	   2 Input   22 Bit       Adders := 2     
	   3 Input   11 Bit       Adders := 24    
	   2 Input   10 Bit       Adders := 52    
	   3 Input   10 Bit       Adders := 4     
	   2 Input    9 Bit       Adders := 3     
	   3 Input    4 Bit       Adders := 20    
	   2 Input    2 Bit       Adders := 2     
+---Registers : 
	              512 Bit    Registers := 2     
	               22 Bit    Registers := 2     
	               17 Bit    Registers := 2     
	               12 Bit    Registers := 1     
	               10 Bit    Registers := 38    
	                9 Bit    Registers := 1     
	                4 Bit    Registers := 4     
	                2 Bit    Registers := 2     
	                1 Bit    Registers := 10    
+---Muxes : 
	   2 Input   32 Bit        Muxes := 1     
	   2 Input   31 Bit        Muxes := 1     
	   3 Input   12 Bit        Muxes := 17    
	   2 Input   12 Bit        Muxes := 54    
	   5 Input   12 Bit        Muxes := 1     
	   4 Input   12 Bit        Muxes := 3     
	   6 Input   12 Bit        Muxes := 1     
	   2 Input   10 Bit        Muxes := 2     
	   2 Input    8 Bit        Muxes := 2     
	   2 Input    4 Bit        Muxes := 20    
	   2 Input    2 Bit        Muxes := 1     
	  10 Input    1 Bit        Muxes := 1     
	   2 Input    1 Bit        Muxes := 1     
	   6 Input    1 Bit        Muxes := 1     
	   5 Input    1 Bit        Muxes := 1     
---------------------------------------------------------------------------------
Finished RTL Component Statistics 
---------------------------------------------------------------------------------
---------------------------------------------------------------------------------
Start Part Resource Summary
---------------------------------------------------------------------------------
Part Resources:
DSPs: 90 (col length:60)
BRAMs: 100 (col length: RAMB18 60 RAMB36 30)
---------------------------------------------------------------------------------
Finished Part Resource Summary
---------------------------------------------------------------------------------
---------------------------------------------------------------------------------
Start Cross Boundary and Area Optimization
---------------------------------------------------------------------------------
WARNING: [Synth 8-7080] Parallel synthesis criteria is not met
DSP Report: Generating DSP marker_position4, operation Mode is: ((D:0x6)-A)*(B:0x280).
DSP Report: operator marker_position4 is absorbed into DSP marker_position4.
DSP Report: operator marker_position5 is absorbed into DSP marker_position4.
---------------------------------------------------------------------------------
Finished Cross Boundary and Area Optimization : Time (s): cpu = 00:00:29 ; elapsed = 00:00:31 . Memory (MB): peak = 1592.754 ; gain = 676.398
---------------------------------------------------------------------------------
 Sort Area is  marker_position4_0 : 0 0 : 91 91 : Used 1 time 0
---------------------------------------------------------------------------------
Start ROM, RAM, DSP, Shift Register and Retiming Reporting
---------------------------------------------------------------------------------

DSP: Preliminary Mapping Report (see note below. The ' indicates corresponding REG is set)
+--------------+-----------------------+--------+--------+--------+--------+--------+------+------+------+------+-------+------+------+
|Module Name   | DSP Mapping           | A Size | B Size | C Size | D Size | P Size | AREG | BREG | CREG | DREG | ADREG | MREG | PREG | 
+--------------+-----------------------+--------+--------+--------+--------+--------+------+------+------+------+-------+------+------+
|DisplayRounds | ((D:0x6)-A)*(B:0x280) | 5      | 11     | -      | 4      | 17     | 0    | 0    | -    | 0    | 0     | 0    | 0    | 
+--------------+-----------------------+--------+--------+--------+--------+--------+------+------+------+------+-------+------+------+

Note: The table above is a preliminary report that shows the DSPs inferred at the current stage of the synthesis flow. Some DSP may be reimplemented as non DSP primitives later in the synthesis flow. Multiple instantiated DSPs are reported only once.
---------------------------------------------------------------------------------
Finished ROM, RAM, DSP, Shift Register and Retiming Reporting
---------------------------------------------------------------------------------
---------------------------------------------------------------------------------
Start Applying XDC Timing Constraints
---------------------------------------------------------------------------------
---------------------------------------------------------------------------------
Finished Applying XDC Timing Constraints : Time (s): cpu = 00:00:36 ; elapsed = 00:00:39 . Memory (MB): peak = 1592.754 ; gain = 676.398
---------------------------------------------------------------------------------
---------------------------------------------------------------------------------
Start Timing Optimization
---------------------------------------------------------------------------------
---------------------------------------------------------------------------------
Finished Timing Optimization : Time (s): cpu = 00:00:43 ; elapsed = 00:00:46 . Memory (MB): peak = 1594.676 ; gain = 678.320
---------------------------------------------------------------------------------
---------------------------------------------------------------------------------
Start Technology Mapping
---------------------------------------------------------------------------------
---------------------------------------------------------------------------------
Finished Technology Mapping : Time (s): cpu = 00:00:44 ; elapsed = 00:00:47 . Memory (MB): peak = 1594.676 ; gain = 678.320
---------------------------------------------------------------------------------
---------------------------------------------------------------------------------
Start IO Insertion
---------------------------------------------------------------------------------
---------------------------------------------------------------------------------
Start Flattening Before IO Insertion
---------------------------------------------------------------------------------
---------------------------------------------------------------------------------
Finished Flattening Before IO Insertion
---------------------------------------------------------------------------------
---------------------------------------------------------------------------------
Start Final Netlist Cleanup
---------------------------------------------------------------------------------
---------------------------------------------------------------------------------
Finished Final Netlist Cleanup
---------------------------------------------------------------------------------
---------------------------------------------------------------------------------
Finished IO Insertion : Time (s): cpu = 00:00:48 ; elapsed = 00:00:51 . Memory (MB): peak = 1596.535 ; gain = 680.180
---------------------------------------------------------------------------------
---------------------------------------------------------------------------------
Start Renaming Generated Instances
---------------------------------------------------------------------------------
---------------------------------------------------------------------------------
Finished Renaming Generated Instances : Time (s): cpu = 00:00:48 ; elapsed = 00:00:51 . Memory (MB): peak = 1596.535 ; gain = 680.180
---------------------------------------------------------------------------------
---------------------------------------------------------------------------------
Start Rebuilding User Hierarchy
---------------------------------------------------------------------------------
---------------------------------------------------------------------------------
Finished Rebuilding User Hierarchy : Time (s): cpu = 00:00:48 ; elapsed = 00:00:51 . Memory (MB): peak = 1596.535 ; gain = 680.180
---------------------------------------------------------------------------------
---------------------------------------------------------------------------------
Start Renaming Generated Ports
---------------------------------------------------------------------------------
---------------------------------------------------------------------------------
Finished Renaming Generated Ports : Time (s): cpu = 00:00:49 ; elapsed = 00:00:51 . Memory (MB): peak = 1596.535 ; gain = 680.180
---------------------------------------------------------------------------------
---------------------------------------------------------------------------------
Start Handling Custom Attributes
---------------------------------------------------------------------------------
---------------------------------------------------------------------------------
Finished Handling Custom Attributes : Time (s): cpu = 00:00:49 ; elapsed = 00:00:51 . Memory (MB): peak = 1596.535 ; gain = 680.180
---------------------------------------------------------------------------------
---------------------------------------------------------------------------------
Start Renaming Generated Nets
---------------------------------------------------------------------------------
---------------------------------------------------------------------------------
Finished Renaming Generated Nets : Time (s): cpu = 00:00:49 ; elapsed = 00:00:51 . Memory (MB): peak = 1596.535 ; gain = 680.180
---------------------------------------------------------------------------------
---------------------------------------------------------------------------------
Start ROM, RAM, DSP, Shift Register and Retiming Reporting
---------------------------------------------------------------------------------

Static Shift Register Report:
+------------+---------------------------------+--------+-------+--------------+--------------------+-------------------+--------+---------+
|Module Name | RTL Name                        | Length | Width | Reset Signal | Pull out first Reg | Pull out last Reg | SRL16E | SRLC32E | 
+------------+---------------------------------+--------+-------+--------------+--------------------+-------------------+--------+---------+
|DVI_Top     | Spi_instance/shift_reg_reg[495] | 119    | 1     | YES          | NO                 | YES               | 0      | 4       | 
|DVI_Top     | Spi_instance/shift_reg_reg[367] | 6      | 10    | YES          | NO                 | YES               | 10     | 0       | 
|DVI_Top     | Spi_instance/shift_reg_reg[351] | 7      | 11    | YES          | NO                 | YES               | 11     | 0       | 
|DVI_Top     | Spi_instance/shift_reg_reg[47]  | 5      | 2     | YES          | NO                 | YES               | 2      | 0       | 
+------------+---------------------------------+--------+-------+--------------+--------------------+-------------------+--------+---------+

---------------------------------------------------------------------------------
Finished ROM, RAM, DSP, Shift Register and Retiming Reporting
---------------------------------------------------------------------------------
---------------------------------------------------------------------------------
Start Writing Synthesis Report
---------------------------------------------------------------------------------

DSP Final Report (the ' indicates corresponding REG is set)
+--------------+-------------+--------+--------+--------+--------+--------+------+------+------+------+-------+------+------+
|Module Name   | DSP Mapping | A Size | B Size | C Size | D Size | P Size | AREG | BREG | CREG | DREG | ADREG | MREG | PREG | 
+--------------+-------------+--------+--------+--------+--------+--------+------+------+------+------+-------+------+------+
|DisplayRounds | D-A'*B      | 5      | 10     | -      | 3      | 17     | 1    | 0    | -    | 0    | 0     | 0    | 0    | 
+--------------+-------------+--------+--------+--------+--------+--------+------+------+------+------+-------+------+------+


Report BlackBoxes: 
+------+----------------+----------+
|      |BlackBox name   |Instances |
+------+----------------+----------+
|1     |clkDVIprescaler |         1|
|2     |blk_mem_gen_9   |         1|
|3     |blk_mem_gen_5   |         1|
|4     |blk_mem_gen_6   |         1|
|5     |blk_mem_gen_7   |         1|
|6     |blk_mem_gen_8   |         1|
|7     |blk_mem_gen_0   |         1|
|8     |blk_mem_gen_1   |         1|
|9     |blk_mem_gen_2   |         1|
|10    |blk_mem_gen_3   |         1|
|11    |blk_mem_gen_14  |         1|
|12    |blk_mem_gen_15  |         1|
|13    |blk_mem_gen_16  |         1|
|14    |blk_mem_gen_17  |         1|
|15    |blk_mem_gen_4   |         1|
+------+----------------+----------+

Report Cell Usage: 
+------+----------------+------+
|      |Cell            |Count |
+------+----------------+------+
|1     |blk_mem_gen     |    14|
|15    |clkDVIprescaler |     1|
|16    |BUFG            |     1|
|17    |CARRY4          |   246|
|18    |DSP48E1         |     1|
|19    |LUT1            |    36|
|20    |LUT2            |   280|
|21    |LUT3            |   168|
|22    |LUT4            |   317|
|23    |LUT5            |   332|
|24    |LUT6            |   594|
|25    |MUXF7           |    18|
|26    |MUXF8           |     2|
|27    |SRL16E          |    23|
|28    |SRLC32E         |     4|
|29    |FDCE            |   392|
|30    |FDRE            |   830|
|31    |IBUF            |     3|
|32    |OBUF            |    16|
+------+----------------+------+
---------------------------------------------------------------------------------
Finished Writing Synthesis Report : Time (s): cpu = 00:00:49 ; elapsed = 00:00:51 . Memory (MB): peak = 1596.535 ; gain = 680.180
---------------------------------------------------------------------------------
Synthesis finished with 0 errors, 0 critical warnings and 2808 warnings.
Synthesis Optimization Runtime : Time (s): cpu = 00:00:41 ; elapsed = 00:00:49 . Memory (MB): peak = 1596.535 ; gain = 581.691
Synthesis Optimization Complete : Time (s): cpu = 00:00:49 ; elapsed = 00:00:51 . Memory (MB): peak = 1596.535 ; gain = 680.180
INFO: [Project 1-571] Translating synthesized netlist
Netlist sorting complete. Time (s): cpu = 00:00:00 ; elapsed = 00:00:00.036 . Memory (MB): peak = 1605.707 ; gain = 0.000
INFO: [Netlist 29-17] Analyzing 267 Unisim elements for replacement
INFO: [Netlist 29-28] Unisim Transformation completed in 0 CPU seconds
INFO: [Project 1-570] Preparing netlist for logic optimization
INFO: [Opt 31-138] Pushed 0 inverter(s) to 0 load pin(s).
Netlist sorting complete. Time (s): cpu = 00:00:00 ; elapsed = 00:00:00 . Memory (MB): peak = 1609.375 ; gain = 0.000
INFO: [Project 1-111] Unisim Transformation Summary:
No Unisim elements were transformed.

Synth Design complete | Checksum: 946d1e21
INFO: [Common 17-83] Releasing license: Synthesis
109 Infos, 149 Warnings, 0 Critical Warnings and 0 Errors encountered.
synth_design completed successfully
synth_design: Time (s): cpu = 00:00:54 ; elapsed = 00:00:57 . Memory (MB): peak = 1609.375 ; gain = 1097.980
Write ShapeDB Complete: Time (s): cpu = 00:00:00 ; elapsed = 00:00:00.005 . Memory (MB): peak = 1609.375 ; gain = 0.000
INFO: [Common 17-1381] The checkpoint 'C:/Progh/Code/Project_RetroGame/Oplevering/EindProject_FPGA.runs/synth_1/DVI_Top.dcp' has been generated.
INFO: [Vivado 12-24828] Executing command : report_utilization -file DVI_Top_utilization_synth.rpt -pb DVI_Top_utilization_synth.pb
INFO: [Common 17-206] Exiting Vivado at Thu Apr 10 09:20:21 2025...
